Archive member included because of file (symbol)

c:/ti/ccsv6/tools/compiler/gcc_msp430_4.9.14r1_98/bin/../lib/gcc/msp430-elf/4.9.1/../../../../msp430-elf/lib\libc.a(lib_a-memset.o)
                              ./sensor.o (memset)
c:/ti/ccsv6/tools/compiler/gcc_msp430_4.9.14r1_98/bin/../lib/gcc/msp430-elf/4.9.1/../../../../msp430-elf/lib\libc.a(lib_a-rand.o)
                              ./main.o (srand)
c:/ti/ccsv6/tools/compiler/gcc_msp430_4.9.14r1_98/bin/../lib/gcc/msp430-elf/4.9.1/../../../../msp430-elf/lib\libc.a(lib_a-impure.o)
                              c:/ti/ccsv6/tools/compiler/gcc_msp430_4.9.14r1_98/bin/../lib/gcc/msp430-elf/4.9.1/../../../../msp430-elf/lib\libc.a(lib_a-rand.o) (_impure_ptr)
c:/ti/ccsv6/tools/compiler/gcc_msp430_4.9.14r1_98/bin/../lib/gcc/msp430-elf/4.9.1/../../../../msp430-elf/lib\libc.a(lib_a-malloc.o)
                              c:/ti/ccsv6/tools/compiler/gcc_msp430_4.9.14r1_98/bin/../lib/gcc/msp430-elf/4.9.1/../../../../msp430-elf/lib\libc.a(lib_a-rand.o) (malloc)
c:/ti/ccsv6/tools/compiler/gcc_msp430_4.9.14r1_98/bin/../lib/gcc/msp430-elf/4.9.1/../../../../msp430-elf/lib\libc.a(lib_a-nano-freer.o)
                              c:/ti/ccsv6/tools/compiler/gcc_msp430_4.9.14r1_98/bin/../lib/gcc/msp430-elf/4.9.1/../../../../msp430-elf/lib\libc.a(lib_a-malloc.o) (_free_r)
c:/ti/ccsv6/tools/compiler/gcc_msp430_4.9.14r1_98/bin/../lib/gcc/msp430-elf/4.9.1/../../../../msp430-elf/lib\libc.a(lib_a-nano-mallocr.o)
                              c:/ti/ccsv6/tools/compiler/gcc_msp430_4.9.14r1_98/bin/../lib/gcc/msp430-elf/4.9.1/../../../../msp430-elf/lib\libc.a(lib_a-malloc.o) (_malloc_r)
c:/ti/ccsv6/tools/compiler/gcc_msp430_4.9.14r1_98/bin/../lib/gcc/msp430-elf/4.9.1/../../../../msp430-elf/lib\libc.a(lib_a-sbrkr.o)
                              c:/ti/ccsv6/tools/compiler/gcc_msp430_4.9.14r1_98/bin/../lib/gcc/msp430-elf/4.9.1/../../../../msp430-elf/lib\libc.a(lib_a-nano-mallocr.o) (_sbrk_r)
c:/ti/ccsv6/tools/compiler/gcc_msp430_4.9.14r1_98/bin/../lib/gcc/msp430-elf/4.9.1/../../../../msp430-elf/lib\libc.a(lib_a-reent.o)
                              c:/ti/ccsv6/tools/compiler/gcc_msp430_4.9.14r1_98/bin/../lib/gcc/msp430-elf/4.9.1/../../../../msp430-elf/lib\libc.a(lib_a-sbrkr.o) (errno)
c:/ti/ccsv6/tools/compiler/gcc_msp430_4.9.14r1_98/bin/../lib/gcc/msp430-elf/4.9.1\libgcc.a(_muldi3.o)
                              c:/ti/ccsv6/tools/compiler/gcc_msp430_4.9.14r1_98/bin/../lib/gcc/msp430-elf/4.9.1/../../../../msp430-elf/lib\libc.a(lib_a-rand.o) (__mspabi_mpyll)
c:/ti/ccsv6/tools/compiler/gcc_msp430_4.9.14r1_98/bin/../lib/gcc/msp430-elf/4.9.1\libgcc.a(_lshrdi3.o)
                              c:/ti/ccsv6/tools/compiler/gcc_msp430_4.9.14r1_98/bin/../lib/gcc/msp430-elf/4.9.1/../../../../msp430-elf/lib\libc.a(lib_a-rand.o) (__lshrdi3)
c:/ti/ccsv6/tools/compiler/gcc_msp430_4.9.14r1_98/bin/../lib/gcc/msp430-elf/4.9.1\libgcc.a(lib2mul.o)
                              c:/ti/ccsv6/tools/compiler/gcc_msp430_4.9.14r1_98/bin/../lib/gcc/msp430-elf/4.9.1\libgcc.a(_muldi3.o) (__mspabi_mpyl)
c:/ti/ccsv6/tools/compiler/gcc_msp430_4.9.14r1_98/bin/../lib/gcc/msp430-elf/4.9.1\libgcc.a(slli.o)
                              c:/ti/ccsv6/tools/compiler/gcc_msp430_4.9.14r1_98/bin/../lib/gcc/msp430-elf/4.9.1\libgcc.a(_muldi3.o) (__mspabi_slll)
c:/ti/ccsv6/tools/compiler/gcc_msp430_4.9.14r1_98/bin/../lib/gcc/msp430-elf/4.9.1\libgcc.a(srli.o)
                              c:/ti/ccsv6/tools/compiler/gcc_msp430_4.9.14r1_98/bin/../lib/gcc/msp430-elf/4.9.1\libgcc.a(_muldi3.o) (__mspabi_srll)
c:/ti/ccsv6/tools/compiler/gcc_msp430_4.9.14r1_98/bin/../lib/gcc/msp430-elf/4.9.1/../../../../msp430-elf/lib\libcrt.a(crt_bss.o)
                              c:/ti/ccsv6/tools/compiler/gcc_msp430_4.9.14r1_98/bin/../lib/gcc/msp430-elf/4.9.1/crtbegin.o (__crt0_init_bss)
c:/ti/ccsv6/tools/compiler/gcc_msp430_4.9.14r1_98/bin/../lib/gcc/msp430-elf/4.9.1/../../../../msp430-elf/lib\libcrt.a(crt_main.o)
                              c:/ti/ccsv6/tools/compiler/gcc_msp430_4.9.14r1_98/bin/../lib/gcc/msp430-elf/4.9.1/../../../../msp430-elf/lib/crt0.o (__crt0_call_init_then_main)
c:/ti/ccsv6/tools/compiler/gcc_msp430_4.9.14r1_98/bin/../lib/gcc/msp430-elf/4.9.1/../../../../msp430-elf/lib\libnosys.a(sbrk.o)
                              c:/ti/ccsv6/tools/compiler/gcc_msp430_4.9.14r1_98/bin/../lib/gcc/msp430-elf/4.9.1/../../../../msp430-elf/lib\libc.a(lib_a-sbrkr.o) (sbrk)
c:/ti/ccsv6/tools/compiler/gcc_msp430_4.9.14r1_98/bin/../lib/gcc/msp430-elf/4.9.1/../../../../msp430-elf/lib\libnosys.a(write.o)
                              c:/ti/ccsv6/tools/compiler/gcc_msp430_4.9.14r1_98/bin/../lib/gcc/msp430-elf/4.9.1/../../../../msp430-elf/lib\libnosys.a(sbrk.o) (write)
c:/ti/ccsv6/tools/compiler/gcc_msp430_4.9.14r1_98/bin/../lib/gcc/msp430-elf/4.9.1/../../../../msp430-elf/lib\libnosys.a(cio.o)
[...]
Memory Configuration

Name             Origin             Length             Attributes
SFR              0x00000000         0x00000010
PERIPHERAL_8BIT  0x00000010         0x000000f0
PERIPHERAL_16BIT 0x00000100         0x00000100
RAM              0x00002400         0x00002000
INFOMEM          0x00001800         0x00000200
INFOA            0x00001980         0x00000080
INFOB            0x00001900         0x00000080
INFOC            0x00001880         0x00000080
INFOD            0x00001800         0x00000080
ROM              0x00004400         0x0000bb80         xr
VECT1            0x0000ff80         0x00000002
VECT2            0x0000ff82         0x00000002
VECT3            0x0000ff84         0x00000002
VECT4            0x0000ff86         0x00000002
VECT5            0x0000ff88         0x00000002
VECT6            0x0000ff8a         0x00000002
VECT7            0x0000ff8c         0x00000002
VECT8            0x0000ff8e         0x00000002
VECT9            0x0000ff90         0x00000002
VECT10           0x0000ff92         0x00000002
VECT11           0x0000ff94         0x00000002
VECT12           0x0000ff96         0x00000002
VECT13           0x0000ff98         0x00000002
VECT14           0x0000ff9a         0x00000002
VECT15           0x0000ff9c         0x00000002
VECT16           0x0000ff9e         0x00000002
VECT17           0x0000ffa0         0x00000002
VECT18           0x0000ffa2         0x00000002
VECT19           0x0000ffa4         0x00000002
VECT20           0x0000ffa6         0x00000002
VECT21           0x0000ffa8         0x00000002
VECT22           0x0000ffaa         0x00000002
VECT23           0x0000ffac         0x00000002
VECT24           0x0000ffae         0x00000002
VECT25           0x0000ffb0         0x00000002
VECT26           0x0000ffb2         0x00000002
VECT27           0x0000ffb4         0x00000002
VECT28           0x0000ffb6         0x00000002
VECT29           0x0000ffb8         0x00000002
VECT30           0x0000ffba         0x00000002
VECT31           0x0000ffbc         0x00000002
VECT32           0x0000ffbe         0x00000002
VECT33           0x0000ffc0         0x00000002
VECT34           0x0000ffc2         0x00000002
VECT35           0x0000ffc4         0x00000002
VECT36           0x0000ffc6         0x00000002
VECT37           0x0000ffc8         0x00000002
VECT38           0x0000ffca         0x00000002
VECT39           0x0000ffcc         0x00000002
VECT40           0x0000ffce         0x00000002
VECT41           0x0000ffd0         0x00000002
VECT42           0x0000ffd2         0x00000002
VECT43           0x0000ffd4         0x00000002
VECT44           0x0000ffd6         0x00000002
VECT45           0x0000ffd8         0x00000002
VECT46           0x0000ffda         0x00000002
VECT47           0x0000ffdc         0x00000002
VECT48           0x0000ffde         0x00000002
VECT49           0x0000ffe0         0x00000002
VECT50           0x0000ffe2         0x00000002
VECT51           0x0000ffe4         0x00000002
VECT52           0x0000ffe6         0x00000002
VECT53           0x0000ffe8         0x00000002
VECT54           0x0000ffea         0x00000002
VECT55           0x0000ffec         0x00000002
VECT56           0x0000ffee         0x00000002
VECT57           0x0000fff0         0x00000002
VECT58           0x0000fff2         0x00000002
VECT59           0x0000fff4         0x00000002
VECT60           0x0000fff6         0x00000002
VECT61           0x0000fff8         0x00000002
VECT62           0x0000fffa         0x00000002
VECT63           0x0000fffc         0x00000002
RESETVEC         0x0000fffe         0x00000002
BSL              0x00001000         0x00000800
USBRAM           0x00001c00         0x00000800
HIROM            0x00010000         0x000143ff         xr
*default*        0x00000000         0xffffffff

Linker script and memory map

LOAD c:/ti/ccsv6/tools/compiler/gcc_msp430_4.9.14r1_98/bin/../lib/gcc/msp430-elf/4.9.1/../../../../msp430-elf/lib/crt0.o
LOAD c:/ti/ccsv6/tools/compiler/gcc_msp430_4.9.14r1_98/bin/../lib/gcc/msp430-elf/4.9.1/crtbegin.o
LOAD ./led_drive.o
LOAD ./main.o
LOAD ./sensor.o
START GROUP
LOAD c:/ti/ccsv6/tools/compiler/gcc_msp430_4.9.14r1_98/bin/../lib/gcc/msp430-elf/4.9.1/../../../../msp430-elf/lib\libc.a
LOAD c:/ti/ccsv6/tools/compiler/gcc_msp430_4.9.14r1_98/bin/../lib/gcc/msp430-elf/4.9.1\libgcc.a
END GROUP
LOAD c:/ti/ccsv6/tools/compiler/gcc_msp430_4.9.14r1_98/bin/../lib/gcc/msp430-elf/4.9.1\libgcc.a
START GROUP
LOAD c:/ti/ccsv6/tools/compiler/gcc_msp430_4.9.14r1_98/bin/../lib/gcc/msp430-elf/4.9.1/../../../../msp430-elf/lib\libc.a
LOAD c:/ti/ccsv6/tools/compiler/gcc_msp430_4.9.14r1_98/bin/../lib/gcc/msp430-elf/4.9.1\libgcc.a
LOAD c:/ti/ccsv6/tools/compiler/gcc_msp430_4.9.14r1_98/bin/../lib/gcc/msp430-elf/4.9.1/../../../../msp430-elf/lib\libcrt.a
LOAD c:/ti/ccsv6/tools/compiler/gcc_msp430_4.9.14r1_98/bin/../lib/gcc/msp430-elf/4.9.1/../../../../msp430-elf/lib\libnosys.a
END GROUP
LOAD c:/ti/ccsv6/tools/compiler/gcc_msp430_4.9.14r1_98/bin/../lib/gcc/msp430-elf/4.9.1\libgcc.a
LOAD c:/ti/ccsv6/tools/compiler/gcc_msp430_4.9.14r1_98/bin/../lib/gcc/msp430-elf/4.9.1/crtend.o
LOAD c:/ti/ccsv6/tools/compiler/gcc_msp430_4.9.14r1_98/bin/../lib/gcc/msp430-elf/4.9.1/../../../../msp430-elf/lib/crtn.o
LOAD c:/ti/ccsv6/tools/compiler/gcc_msp430_4.9.14r1_98/bin/../lib/gcc/msp430-elf/4.9.1\libgcc.a

__interrupt_vector_1
 *(__interrupt_vector_1)

__interrupt_vector_2
 *(__interrupt_vector_2)

__interrupt_vector_3
 *(__interrupt_vector_3)

__interrupt_vector_4
 *(__interrupt_vector_4)

__interrupt_vector_5
 *(__interrupt_vector_5)

__interrupt_vector_6
 *(__interrupt_vector_6)

__interrupt_vector_7
 *(__interrupt_vector_7)

__interrupt_vector_8
 *(__interrupt_vector_8)

__interrupt_vector_9
 *(__interrupt_vector_9)

__interrupt_vector_10
 *(__interrupt_vector_10)

__interrupt_vector_11
 *(__interrupt_vector_11)

__interrupt_vector_12
 *(__interrupt_vector_12)

__interrupt_vector_13
 *(__interrupt_vector_13)

__interrupt_vector_14
 *(__interrupt_vector_14)

__interrupt_vector_15
 *(__interrupt_vector_15)

__interrupt_vector_16
 *(__interrupt_vector_16)

__interrupt_vector_17
 *(__interrupt_vector_17)

__interrupt_vector_18
 *(__interrupt_vector_18)

__interrupt_vector_19
 *(__interrupt_vector_19)

__interrupt_vector_20
 *(__interrupt_vector_20)

__interrupt_vector_21
 *(__interrupt_vector_21)

__interrupt_vector_22
 *(__interrupt_vector_22)

__interrupt_vector_23
 *(__interrupt_vector_23)

__interrupt_vector_24
 *(__interrupt_vector_24)

__interrupt_vector_25
 *(__interrupt_vector_25)

__interrupt_vector_26
 *(__interrupt_vector_26)

__interrupt_vector_27
 *(__interrupt_vector_27)

__interrupt_vector_28
 *(__interrupt_vector_28)

__interrupt_vector_29
 *(__interrupt_vector_29)

__interrupt_vector_30
 *(__interrupt_vector_30)

__interrupt_vector_31
 *(__interrupt_vector_31)

__interrupt_vector_32
 *(__interrupt_vector_32)

__interrupt_vector_33
 *(__interrupt_vector_33)

__interrupt_vector_34
 *(__interrupt_vector_34)

__interrupt_vector_35
 *(__interrupt_vector_35)

__interrupt_vector_36
 *(__interrupt_vector_36)

__interrupt_vector_37
 *(__interrupt_vector_37)

__interrupt_vector_38
 *(__interrupt_vector_38)

__interrupt_vector_39
 *(__interrupt_vector_39)

__interrupt_vector_40
 *(__interrupt_vector_40)

__interrupt_vector_41
 *(__interrupt_vector_41)

__interrupt_vector_42
 *(__interrupt_vector_42)
 *(__interrupt_vector_rtc)

__interrupt_vector_43
 *(__interrupt_vector_43)
 *(__interrupt_vector_port2)

__interrupt_vector_44
 *(__interrupt_vector_44)
 *(__interrupt_vector_timer2_a1)

__interrupt_vector_45
 *(__interrupt_vector_45)
 *(__interrupt_vector_timer2_a0)

__interrupt_vector_46
 *(__interrupt_vector_46)
 *(__interrupt_vector_usci_b1)

__interrupt_vector_47
 *(__interrupt_vector_47)
 *(__interrupt_vector_usci_a1)

__interrupt_vector_48
 *(__interrupt_vector_48)
 *(__interrupt_vector_port1)

__interrupt_vector_49
 *(__interrupt_vector_49)
 *(__interrupt_vector_timer1_a1)

__interrupt_vector_50
 *(__interrupt_vector_50)
 *(__interrupt_vector_timer1_a0)

__interrupt_vector_51
 *(__interrupt_vector_51)
 *(__interrupt_vector_dma)

__interrupt_vector_52
 *(__interrupt_vector_52)
 *(__interrupt_vector_usb_ubm)

__interrupt_vector_53
 *(__interrupt_vector_53)
 *(__interrupt_vector_timer0_a1)

__interrupt_vector_54
 *(__interrupt_vector_54)
 *(__interrupt_vector_timer0_a0)

__interrupt_vector_55
 *(__interrupt_vector_55)
 *(__interrupt_vector_adc12)

__interrupt_vector_56
 *(__interrupt_vector_56)
 *(__interrupt_vector_usci_b0)

__interrupt_vector_57
 *(__interrupt_vector_57)
 *(__interrupt_vector_usci_a0)

__interrupt_vector_58
 *(__interrupt_vector_58)
 *(__interrupt_vector_wdt)

__interrupt_vector_59
 *(__interrupt_vector_59)
 *(__interrupt_vector_timer0_b1)

__interrupt_vector_60
 *(__interrupt_vector_60)
 *(__interrupt_vector_timer0_b0)

__interrupt_vector_61
 *(__interrupt_vector_61)
 *(__interrupt_vector_comp_b)

__interrupt_vector_62
 *(__interrupt_vector_62)
 *(__interrupt_vector_unmi)

__interrupt_vector_63
 *(__interrupt_vector_63)
 *(__interrupt_vector_sysnmi)

__reset_vector  0x0000fffe        0x2
 *(__interrupt_vector_64)
 *(__interrupt_vector_reset)
 *(.resetvec)
 .resetvec      0x0000fffe        0x2 c:/ti/ccsv6/tools/compiler/gcc_msp430_4.9.14r1_98/bin/../lib/gcc/msp430-elf/4.9.1/../../../../msp430-elf/lib/crt0.o

.upper.rodata
 *(.upper.rodata.* .upper.rodata)

.rodata         0x00004400       0x30
                0x00004400                . = ALIGN (0x2)
 *(.plt)
 *(.rodata .rodata.* .gnu.linkonce.r.* .const .const:*)
 .rodata._global_impure_ptr
                0x00004400        0x2 c:/ti/ccsv6/tools/compiler/gcc_msp430_4.9.14r1_98/bin/../lib/gcc/msp430-elf/4.9.1/../../../../msp430-elf/lib\libc.a(lib_a-impure.o)
                0x00004400                _global_impure_ptr
 .rodata        0x00004402        0x2 c:/ti/ccsv6/tools/compiler/gcc_msp430_4.9.14r1_98/bin/../lib/gcc/msp430-elf/4.9.1/../../../../msp430-elf/lib\libc.a(lib_a-impure.o)
 .rodata        0x00004404       0x1a c:/ti/ccsv6/tools/compiler/gcc_msp430_4.9.14r1_98/bin/../lib/gcc/msp430-elf/4.9.1/../../../../msp430-elf/lib\libnosys.a(sbrk.o)
 *(.rodata1)
 *(.lower.rodata.* .lower.rodata)
 *(.eh_frame_hdr)
 *(.eh_frame)
 *fill*         0x0000441e        0x2 
 .eh_frame      0x00004420        0x0 c:/ti/ccsv6/tools/compiler/gcc_msp430_4.9.14r1_98/bin/../lib/gcc/msp430-elf/4.9.1/crtbegin.o
 .eh_frame      0x00004420        0x4 c:/ti/ccsv6/tools/compiler/gcc_msp430_4.9.14r1_98/bin/../lib/gcc/msp430-elf/4.9.1/crtend.o
 *(.gcc_except_table)
 *(.gcc_except_table.*)
                0x00004424                PROVIDE (__preinit_array_start, .)
 *(.preinit_array)
                0x00004424                PROVIDE (__preinit_array_end, .)
                0x00004424                PROVIDE (__init_array_start, .)
 *(SORT(.init_array.*))
 *(.init_array)
                0x00004424                PROVIDE (__init_array_end, .)
                0x00004424                PROVIDE (__fini_array_start, .)
 *(.fini_array)
 *(SORT(.fini_array.*))
                0x00004424                PROVIDE (__fini_array_end, .)
                0x00004424        0x4 LONG 0x0
 *crtbegin*.o(.ctors)
 .ctors         0x00004428        0x2 c:/ti/ccsv6/tools/compiler/gcc_msp430_4.9.14r1_98/bin/../lib/gcc/msp430-elf/4.9.1/crtbegin.o
 *(EXCLUDE_FILE(*crtend*.o) .ctors)
 *(SORT(.ctors.*))
 *(.ctors)
 .ctors         0x0000442a        0x2 c:/ti/ccsv6/tools/compiler/gcc_msp430_4.9.14r1_98/bin/../lib/gcc/msp430-elf/4.9.1/crtend.o
 *crtbegin*.o(.dtors)
 .dtors         0x0000442c        0x2 c:/ti/ccsv6/tools/compiler/gcc_msp430_4.9.14r1_98/bin/../lib/gcc/msp430-elf/4.9.1/crtbegin.o
 *(EXCLUDE_FILE(*crtend*.o) .dtors)
 *(SORT(.dtors.*))
 *(.dtors)
 .dtors         0x0000442e        0x2 c:/ti/ccsv6/tools/compiler/gcc_msp430_4.9.14r1_98/bin/../lib/gcc/msp430-elf/4.9.1/crtend.o
                0x0000442e                __DTOR_END__

.data           0x00002400       0xcc
                0x00002400                . = ALIGN (0x2)
                0x00002400                PROVIDE (__datastart, .)
 *(.jcr)
 .jcr           0x00002400        0x0 c:/ti/ccsv6/tools/compiler/gcc_msp430_4.9.14r1_98/bin/../lib/gcc/msp430-elf/4.9.1/crtbegin.o
 .jcr           0x00002400        0x2 c:/ti/ccsv6/tools/compiler/gcc_msp430_4.9.14r1_98/bin/../lib/gcc/msp430-elf/4.9.1/crtend.o
 *(.data.rel.ro.local)
 *(.data.rel.ro*)
 *(.dynamic)
 *(.data .data.* .gnu.linkonce.d.*)
 .data          0x00002402        0x0 c:/ti/ccsv6/tools/compiler/gcc_msp430_4.9.14r1_98/bin/../lib/gcc/msp430-elf/4.9.1/../../../../msp430-elf/lib/crt0.o
 .data          0x00002402        0x2 c:/ti/ccsv6/tools/compiler/gcc_msp430_4.9.14r1_98/bin/../lib/gcc/msp430-elf/4.9.1/crtbegin.o
                0x00002402                __dso_handle
 .data          0x00002404        0x0 ./led_drive.o
 .data          0x00002404        0x0 ./main.o
 .data          0x00002404        0x0 ./sensor.o
 .data          0x00002404        0x0 c:/ti/ccsv6/tools/compiler/gcc_msp430_4.9.14r1_98/bin/../lib/gcc/msp430-elf/4.9.1/../../../../msp430-elf/lib\libc.a(lib_a-memset.o)
 .data          0x00002404        0x0 c:/ti/ccsv6/tools/compiler/gcc_msp430_4.9.14r1_98/bin/../lib/gcc/msp430-elf/4.9.1/../../../../msp430-elf/lib\libc.a(lib_a-rand.o)
 .data          0x00002404        0x0 c:/ti/ccsv6/tools/compiler/gcc_msp430_4.9.14r1_98/bin/../lib/gcc/msp430-elf/4.9.1/../../../../msp430-elf/lib\libc.a(lib_a-impure.o)
 .data._impure_ptr
                0x00002404        0x2 c:/ti/ccsv6/tools/compiler/gcc_msp430_4.9.14r1_98/bin/../lib/gcc/msp430-elf/4.9.1/../../../../msp430-elf/lib\libc.a(lib_a-impure.o)
                0x00002404                _impure_ptr
 .data.impure_data
                0x00002406       0x78 c:/ti/ccsv6/tools/compiler/gcc_msp430_4.9.14r1_98/bin/../lib/gcc/msp430-elf/4.9.1/../../../../msp430-elf/lib\libc.a(lib_a-impure.o)
 .data          0x0000247e        0x0 c:/ti/ccsv6/tools/compiler/gcc_msp430_4.9.14r1_98/bin/../lib/gcc/msp430-elf/4.9.1/../../../../msp430-elf/lib\libc.a(lib_a-malloc.o)
 .data          0x0000247e        0x0 c:/ti/ccsv6/tools/compiler/gcc_msp430_4.9.14r1_98/bin/../lib/gcc/msp430-elf/4.9.1/../../../../msp430-elf/lib\libc.a(lib_a-nano-freer.o)
 .data          0x0000247e        0x0 c:/ti/ccsv6/tools/compiler/gcc_msp430_4.9.14r1_98/bin/../lib/gcc/msp430-elf/4.9.1/../../../../msp430-elf/lib\libc.a(lib_a-nano-mallocr.o)
 .data          0x0000247e        0x0 c:/ti/ccsv6/tools/compiler/gcc_msp430_4.9.14r1_98/bin/../lib/gcc/msp430-elf/4.9.1/../../../../msp430-elf/lib\libc.a(lib_a-sbrkr.o)
 .data          0x0000247e        0x0 c:/ti/ccsv6/tools/compiler/gcc_msp430_4.9.14r1_98/bin/../lib/gcc/msp430-elf/4.9.1/../../../../msp430-elf/lib\libc.a(lib_a-reent.o)
 .data          0x0000247e        0x0 c:/ti/ccsv6/tools/compiler/gcc_msp430_4.9.14r1_98/bin/../lib/gcc/msp430-elf/4.9.1\libgcc.a(_muldi3.o)
 .data          0x0000247e        0x0 c:/ti/ccsv6/tools/compiler/gcc_msp430_4.9.14r1_98/bin/../lib/gcc/msp430-elf/4.9.1\libgcc.a(_lshrdi3.o)
 .data          0x0000247e        0x0 c:/ti/ccsv6/tools/compiler/gcc_msp430_4.9.14r1_98/bin/../lib/gcc/msp430-elf/4.9.1\libgcc.a(lib2mul.o)
 .data          0x0000247e        0x0 c:/ti/ccsv6/tools/compiler/gcc_msp430_4.9.14r1_98/bin/../lib/gcc/msp430-elf/4.9.1\libgcc.a(slli.o)
 .data          0x0000247e        0x0 c:/ti/ccsv6/tools/compiler/gcc_msp430_4.9.14r1_98/bin/../lib/gcc/msp430-elf/4.9.1\libgcc.a(srli.o)
 .data          0x0000247e        0x0 c:/ti/ccsv6/tools/compiler/gcc_msp430_4.9.14r1_98/bin/../lib/gcc/msp430-elf/4.9.1/../../../../msp430-elf/lib\libcrt.a(crt_bss.o)
 .data          0x0000247e        0x0 c:/ti/ccsv6/tools/compiler/gcc_msp430_4.9.14r1_98/bin/../lib/gcc/msp430-elf/4.9.1/../../../../msp430-elf/lib\libcrt.a(crt_main.o)
 .data          0x0000247e        0x2 c:/ti/ccsv6/tools/compiler/gcc_msp430_4.9.14r1_98/bin/../lib/gcc/msp430-elf/4.9.1/../../../../msp430-elf/lib\libnosys.a(sbrk.o)
 .data          0x00002480        0x0 c:/ti/ccsv6/tools/compiler/gcc_msp430_4.9.14r1_98/bin/../lib/gcc/msp430-elf/4.9.1/../../../../msp430-elf/lib\libnosys.a(write.o)
 .data          0x00002480       0x4b c:/ti/ccsv6/tools/compiler/gcc_msp430_4.9.14r1_98/bin/../lib/gcc/msp430-elf/4.9.1/../../../../msp430-elf/lib\libnosys.a(cio.o)
                0x00002480                _CIOBUF_
                0x00002480                __CIOBUF__
 .data          0x000024cb        0x0 c:/ti/ccsv6/tools/compiler/gcc_msp430_4.9.14r1_98/bin/../lib/gcc/msp430-elf/4.9.1/../../../../msp430-elf/lib\libc.a(lib_a-abort.o)
 .data          0x000024cb        0x0 c:/ti/ccsv6/tools/compiler/gcc_msp430_4.9.14r1_98/bin/../lib/gcc/msp430-elf/4.9.1/../../../../msp430-elf/lib\libc.a(lib_a-memcpy.o)
 .data          0x000024cb        0x0 c:/ti/ccsv6/tools/compiler/gcc_msp430_4.9.14r1_98/bin/../lib/gcc/msp430-elf/4.9.1/../../../../msp430-elf/lib\libc.a(lib_a-signal.o)
 .data          0x000024cb        0x0 c:/ti/ccsv6/tools/compiler/gcc_msp430_4.9.14r1_98/bin/../lib/gcc/msp430-elf/4.9.1/../../../../msp430-elf/lib\libc.a(lib_a-signalr.o)
 .data          0x000024cb        0x0 c:/ti/ccsv6/tools/compiler/gcc_msp430_4.9.14r1_98/bin/../lib/gcc/msp430-elf/4.9.1/../../../../msp430-elf/lib\libnosys.a(nosyscalls.o)
 .data          0x000024cb        0x0 c:/ti/ccsv6/tools/compiler/gcc_msp430_4.9.14r1_98/bin/../lib/gcc/msp430-elf/4.9.1/../../../../msp430-elf/lib\libc.a(lib_a-errno.o)
 .data          0x000024cb        0x0 c:/ti/ccsv6/tools/compiler/gcc_msp430_4.9.14r1_98/bin/../lib/gcc/msp430-elf/4.9.1/crtend.o
 .data          0x000024cb        0x0 c:/ti/ccsv6/tools/compiler/gcc_msp430_4.9.14r1_98/bin/../lib/gcc/msp430-elf/4.9.1/../../../../msp430-elf/lib/crtn.o
 *(.gnu.linkonce.d.*personality*)
 *(.data1)
 *(.got.plt)
 *(.got)
                0x000024cc                . = ALIGN (0x2)
 *fill*         0x000024cb        0x1 
 *(.sdata .sdata.* .gnu.linkonce.s.* D_2 D_1)
                0x000024cc                . = ALIGN (0x2)
 *(.lower.data.* .lower.data)
                0x000024cc                . = ALIGN (0x2)
                0x000024cc                _edata = .
                0x000024cc                PROVIDE (edata, .)
                0x000024cc                PROVIDE (__dataend, .)
                0x00002400                PROVIDE (__romdatastart, LOADADDR (.data))
                0x000000cc                PROVIDE (__romdatacopysize, SIZEOF (.data))

.bss            0x000024cc       0x16
                0x000024cc                . = ALIGN (0x2)
                0x000024cc                PROVIDE (__bssstart, .)
 *(.dynbss)
 *(.sbss .sbss.*)
 *(.bss .bss.* .gnu.linkonce.b.*)
 .bss           0x000024cc        0x0 c:/ti/ccsv6/tools/compiler/gcc_msp430_4.9.14r1_98/bin/../lib/gcc/msp430-elf/4.9.1/../../../../msp430-elf/lib/crt0.o
 .bss           0x000024cc       0x12 c:/ti/ccsv6/tools/compiler/gcc_msp430_4.9.14r1_98/bin/../lib/gcc/msp430-elf/4.9.1/crtbegin.o
 .bss           0x000024de        0x0 ./led_drive.o
 .bss           0x000024de        0x0 ./main.o
 .bss           0x000024de        0x0 ./sensor.o
 .bss           0x000024de        0x0 c:/ti/ccsv6/tools/compiler/gcc_msp430_4.9.14r1_98/bin/../lib/gcc/msp430-elf/4.9.1/../../../../msp430-elf/lib\libc.a(lib_a-memset.o)
 .bss           0x000024de        0x0 c:/ti/ccsv6/tools/compiler/gcc_msp430_4.9.14r1_98/bin/../lib/gcc/msp430-elf/4.9.1/../../../../msp430-elf/lib\libc.a(lib_a-rand.o)
 .bss           0x000024de        0x0 c:/ti/ccsv6/tools/compiler/gcc_msp430_4.9.14r1_98/bin/../lib/gcc/msp430-elf/4.9.1/../../../../msp430-elf/lib\libc.a(lib_a-impure.o)
 .bss           0x000024de        0x0 c:/ti/ccsv6/tools/compiler/gcc_msp430_4.9.14r1_98/bin/../lib/gcc/msp430-elf/4.9.1/../../../../msp430-elf/lib\libc.a(lib_a-malloc.o)
 .bss           0x000024de        0x0 c:/ti/ccsv6/tools/compiler/gcc_msp430_4.9.14r1_98/bin/../lib/gcc/msp430-elf/4.9.1/../../../../msp430-elf/lib\libc.a(lib_a-nano-freer.o)
 .bss           0x000024de        0x0 c:/ti/ccsv6/tools/compiler/gcc_msp430_4.9.14r1_98/bin/../lib/gcc/msp430-elf/4.9.1/../../../../msp430-elf/lib\libc.a(lib_a-nano-mallocr.o)
 .bss.__malloc_sbrk_start
                0x000024de        0x2 c:/ti/ccsv6/tools/compiler/gcc_msp430_4.9.14r1_98/bin/../lib/gcc/msp430-elf/4.9.1/../../../../msp430-elf/lib\libc.a(lib_a-nano-mallocr.o)
                0x000024de                __malloc_sbrk_start
 .bss.__malloc_free_list
                0x000024e0        0x2 c:/ti/ccsv6/tools/compiler/gcc_msp430_4.9.14r1_98/bin/../lib/gcc/msp430-elf/4.9.1/../../../../msp430-elf/lib\libc.a(lib_a-nano-mallocr.o)
                0x000024e0                __malloc_free_list
 .bss           0x000024e2        0x0 c:/ti/ccsv6/tools/compiler/gcc_msp430_4.9.14r1_98/bin/../lib/gcc/msp430-elf/4.9.1/../../../../msp430-elf/lib\libc.a(lib_a-sbrkr.o)
 .bss           0x000024e2        0x0 c:/ti/ccsv6/tools/compiler/gcc_msp430_4.9.14r1_98/bin/../lib/gcc/msp430-elf/4.9.1/../../../../msp430-elf/lib\libc.a(lib_a-reent.o)
 .bss           0x000024e2        0x0 c:/ti/ccsv6/tools/compiler/gcc_msp430_4.9.14r1_98/bin/../lib/gcc/msp430-elf/4.9.1\libgcc.a(_muldi3.o)
 .bss           0x000024e2        0x0 c:/ti/ccsv6/tools/compiler/gcc_msp430_4.9.14r1_98/bin/../lib/gcc/msp430-elf/4.9.1\libgcc.a(_lshrdi3.o)
 .bss           0x000024e2        0x0 c:/ti/ccsv6/tools/compiler/gcc_msp430_4.9.14r1_98/bin/../lib/gcc/msp430-elf/4.9.1\libgcc.a(lib2mul.o)
 .bss           0x000024e2        0x0 c:/ti/ccsv6/tools/compiler/gcc_msp430_4.9.14r1_98/bin/../lib/gcc/msp430-elf/4.9.1\libgcc.a(slli.o)
 .bss           0x000024e2        0x0 c:/ti/ccsv6/tools/compiler/gcc_msp430_4.9.14r1_98/bin/../lib/gcc/msp430-elf/4.9.1\libgcc.a(srli.o)
 .bss           0x000024e2        0x0 c:/ti/ccsv6/tools/compiler/gcc_msp430_4.9.14r1_98/bin/../lib/gcc/msp430-elf/4.9.1/../../../../msp430-elf/lib\libcrt.a(crt_bss.o)
 .bss           0x000024e2        0x0 c:/ti/ccsv6/tools/compiler/gcc_msp430_4.9.14r1_98/bin/../lib/gcc/msp430-elf/4.9.1/../../../../msp430-elf/lib\libcrt.a(crt_main.o)
 .bss           0x000024e2        0x0 c:/ti/ccsv6/tools/compiler/gcc_msp430_4.9.14r1_98/bin/../lib/gcc/msp430-elf/4.9.1/../../../../msp430-elf/lib\libnosys.a(sbrk.o)
 .bss           0x000024e2        0x0 c:/ti/ccsv6/tools/compiler/gcc_msp430_4.9.14r1_98/bin/../lib/gcc/msp430-elf/4.9.1/../../../../msp430-elf/lib\libnosys.a(write.o)
 .bss           0x000024e2        0x0 c:/ti/ccsv6/tools/compiler/gcc_msp430_4.9.14r1_98/bin/../lib/gcc/msp430-elf/4.9.1/../../../../msp430-elf/lib\libnosys.a(cio.o)
 .bss           0x000024e2        0x0 c:/ti/ccsv6/tools/compiler/gcc_msp430_4.9.14r1_98/bin/../lib/gcc/msp430-elf/4.9.1/../../../../msp430-elf/lib\libc.a(lib_a-abort.o)
 .bss           0x000024e2        0x0 c:/ti/ccsv6/tools/compiler/gcc_msp430_4.9.14r1_98/bin/../lib/gcc/msp430-elf/4.9.1/../../../../msp430-elf/lib\libc.a(lib_a-memcpy.o)
 .bss           0x000024e2        0x0 c:/ti/ccsv6/tools/compiler/gcc_msp430_4.9.14r1_98/bin/../lib/gcc/msp430-elf/4.9.1/../../../../msp430-elf/lib\libc.a(lib_a-signal.o)
 .bss           0x000024e2        0x0 c:/ti/ccsv6/tools/compiler/gcc_msp430_4.9.14r1_98/bin/../lib/gcc/msp430-elf/4.9.1/../../../../msp430-elf/lib\libc.a(lib_a-signalr.o)
 .bss           0x000024e2        0x0 c:/ti/ccsv6/tools/compiler/gcc_msp430_4.9.14r1_98/bin/../lib/gcc/msp430-elf/4.9.1/../../../../msp430-elf/lib\libnosys.a(nosyscalls.o)
 .bss           0x000024e2        0x0 c:/ti/ccsv6/tools/compiler/gcc_msp430_4.9.14r1_98/bin/../lib/gcc/msp430-elf/4.9.1/../../../../msp430-elf/lib\libc.a(lib_a-errno.o)
 .bss           0x000024e2        0x0 c:/ti/ccsv6/tools/compiler/gcc_msp430_4.9.14r1_98/bin/../lib/gcc/msp430-elf/4.9.1/crtend.o
 .bss           0x000024e2        0x0 c:/ti/ccsv6/tools/compiler/gcc_msp430_4.9.14r1_98/bin/../lib/gcc/msp430-elf/4.9.1/../../../../msp430-elf/lib/crtn.o
                0x000024e2                . = ALIGN (0x2)
                0x000024e2                PROVIDE (__bssend, .)
                0x00000016                PROVIDE (__bsssize, SIZEOF (.bss))

.noinit         0x000024e2        0x2
                0x000024e2                . = ALIGN (0x2)
                0x000024e2                PROVIDE (__noinit_start, .)
 *(.noinit)
                0x000024e2                . = ALIGN (0x2)
 *(COMMON)
 COMMON         0x000024e2        0x2 c:/ti/ccsv6/tools/compiler/gcc_msp430_4.9.14r1_98/bin/../lib/gcc/msp430-elf/4.9.1/../../../../msp430-elf/lib\libc.a(lib_a-reent.o)
                0x000024e2                errno
                0x000024e4                PROVIDE (__noinit_end, .)
                0x000024e4                _end = .
                0x000024e4                PROVIDE (end, .)

.stack          0x00004400        0x0
                0x00004400                PROVIDE (__stack, .)
 *(.stack)

.lowtext        0x00004430       0x5e
                0x00004430                PROVIDE (_start, .)
                0x00004430                . = ALIGN (0x2)
 *(SORT(.crt_*))
 .crt_0000init  0x00004430        0xa c:/ti/ccsv6/tools/compiler/gcc_msp430_4.9.14r1_98/bin/../lib/gcc/msp430-elf/4.9.1/../../../../msp430-elf/lib/crt0.o
                0x00004430                __start
 .crt_0100bss   0x0000443a        0xe c:/ti/ccsv6/tools/compiler/gcc_msp430_4.9.14r1_98/bin/../lib/gcc/msp430-elf/4.9.1/../../../../msp430-elf/lib\libcrt.a(crt_bss.o)
                0x0000443a                __crt0_init_bss
 .crt_0300main  0x00004448        0xa c:/ti/ccsv6/tools/compiler/gcc_msp430_4.9.14r1_98/bin/../lib/gcc/msp430-elf/4.9.1/../../../../msp430-elf/lib\libcrt.a(crt_main.o)
                0x00004448                __crt0_call_init_then_main
 .crt_0500main_init
                0x00004452       0x3c c:/ti/ccsv6/tools/compiler/gcc_msp430_4.9.14r1_98/bin/../lib/gcc/msp430-elf/4.9.1/../../../../msp430-elf/lib/crt0.o
                0x00004452                _msp430_run_init_array
                0x00004460                _msp430_run_preinit_array
                0x0000446e                _msp430_run_fini_array
 *(.lowtext)

.text           0x0000448e     0x1a70
                0x0000448e                . = ALIGN (0x2)
 *(.lower.text.* .lower.text)
 *(.text .stub .text.* .gnu.linkonce.t.* .text:*)
 .text          0x0000448e        0x0 c:/ti/ccsv6/tools/compiler/gcc_msp430_4.9.14r1_98/bin/../lib/gcc/msp430-elf/4.9.1/../../../../msp430-elf/lib/crt0.o
 .text          0x0000448e       0xc8 c:/ti/ccsv6/tools/compiler/gcc_msp430_4.9.14r1_98/bin/../lib/gcc/msp430-elf/4.9.1/crtbegin.o
 .text          0x00004556      0x9bc ./led_drive.o
                0x00004556                put_data
                0x000045fe                off
                0x00004626                randomize
                0x00004670                random_shift
                0x000046de                put_data_8
                0x00004934                put_data_24
 .text          0x00004f12      0x19c ./main.o
                0x00004f12                SetVcoreUp
                0x00004f58                config_clock
                0x00004fa6                config_spi
                0x00004fcc                config_i2c
                0x00004ff4                config_gpio
                0x0000502a                main
 .text          0x000050ae      0x310 ./sensor.o
                0x000050ae                ir_set_line
                0x000050f6                ex_set_input
                0x00005136                ex_begin_inputs
                0x00005160                is_latched
                0x00005162                poll_A
                0x000051c0                poll_binary
                0x0000533a                gather
                0x0000533c                gather_test
                0x0000535a                process_test
 .text          0x000053be        0x0 c:/ti/ccsv6/tools/compiler/gcc_msp430_4.9.14r1_98/bin/../lib/gcc/msp430-elf/4.9.1/../../../../msp430-elf/lib\libc.a(lib_a-memset.o)
 .text.memset   0x000053be       0x14 c:/ti/ccsv6/tools/compiler/gcc_msp430_4.9.14r1_98/bin/../lib/gcc/msp430-elf/4.9.1/../../../../msp430-elf/lib\libc.a(lib_a-memset.o)
                0x000053be                memset
 .text          0x000053d2        0x0 c:/ti/ccsv6/tools/compiler/gcc_msp430_4.9.14r1_98/bin/../lib/gcc/msp430-elf/4.9.1/../../../../msp430-elf/lib\libc.a(lib_a-rand.o)
 .text.srand    0x000053d2       0x6c c:/ti/ccsv6/tools/compiler/gcc_msp430_4.9.14r1_98/bin/../lib/gcc/msp430-elf/4.9.1/../../../../msp430-elf/lib\libc.a(lib_a-rand.o)
                0x000053d2                srand
 .text.rand     0x0000543e       0xca c:/ti/ccsv6/tools/compiler/gcc_msp430_4.9.14r1_98/bin/../lib/gcc/msp430-elf/4.9.1/../../../../msp430-elf/lib\libc.a(lib_a-rand.o)
                0x0000543e                rand
 .text          0x00005508        0x0 c:/ti/ccsv6/tools/compiler/gcc_msp430_4.9.14r1_98/bin/../lib/gcc/msp430-elf/4.9.1/../../../../msp430-elf/lib\libc.a(lib_a-impure.o)
 .text          0x00005508        0x0 c:/ti/ccsv6/tools/compiler/gcc_msp430_4.9.14r1_98/bin/../lib/gcc/msp430-elf/4.9.1/../../../../msp430-elf/lib\libc.a(lib_a-malloc.o)
 .text.malloc   0x00005508        0xc c:/ti/ccsv6/tools/compiler/gcc_msp430_4.9.14r1_98/bin/../lib/gcc/msp430-elf/4.9.1/../../../../msp430-elf/lib\libc.a(lib_a-malloc.o)
                0x00005508                malloc
 .text.free     0x00005514        0xc c:/ti/ccsv6/tools/compiler/gcc_msp430_4.9.14r1_98/bin/../lib/gcc/msp430-elf/4.9.1/../../../../msp430-elf/lib\libc.a(lib_a-malloc.o)
                0x00005514                free
 .text          0x00005520        0x0 c:/ti/ccsv6/tools/compiler/gcc_msp430_4.9.14r1_98/bin/../lib/gcc/msp430-elf/4.9.1/../../../../msp430-elf/lib\libc.a(lib_a-nano-freer.o)
 .text._free_r  0x00005520       0xe8 c:/ti/ccsv6/tools/compiler/gcc_msp430_4.9.14r1_98/bin/../lib/gcc/msp430-elf/4.9.1/../../../../msp430-elf/lib\libc.a(lib_a-nano-freer.o)
                0x00005520                _free_r
 .text          0x00005608        0x0 c:/ti/ccsv6/tools/compiler/gcc_msp430_4.9.14r1_98/bin/../lib/gcc/msp430-elf/4.9.1/../../../../msp430-elf/lib\libc.a(lib_a-nano-mallocr.o)
 .text._malloc_r
                0x00005608       0xfa c:/ti/ccsv6/tools/compiler/gcc_msp430_4.9.14r1_98/bin/../lib/gcc/msp430-elf/4.9.1/../../../../msp430-elf/lib\libc.a(lib_a-nano-mallocr.o)
                0x00005608                _malloc_r
 .text          0x00005702        0x0 c:/ti/ccsv6/tools/compiler/gcc_msp430_4.9.14r1_98/bin/../lib/gcc/msp430-elf/4.9.1/../../../../msp430-elf/lib\libc.a(lib_a-sbrkr.o)
 .text._sbrk_r  0x00005702       0x22 c:/ti/ccsv6/tools/compiler/gcc_msp430_4.9.14r1_98/bin/../lib/gcc/msp430-elf/4.9.1/../../../../msp430-elf/lib\libc.a(lib_a-sbrkr.o)
                0x00005702                _sbrk_r
 .text          0x00005724        0x0 c:/ti/ccsv6/tools/compiler/gcc_msp430_4.9.14r1_98/bin/../lib/gcc/msp430-elf/4.9.1/../../../../msp430-elf/lib\libc.a(lib_a-reent.o)
 .text.cleanup_glue
                0x00005724       0x1c c:/ti/ccsv6/tools/compiler/gcc_msp430_4.9.14r1_98/bin/../lib/gcc/msp430-elf/4.9.1/../../../../msp430-elf/lib\libc.a(lib_a-reent.o)
                0x00005724                cleanup_glue
 .text._reclaim_reent
                0x00005740      0x106 c:/ti/ccsv6/tools/compiler/gcc_msp430_4.9.14r1_98/bin/../lib/gcc/msp430-elf/4.9.1/../../../../msp430-elf/lib\libc.a(lib_a-reent.o)
                0x00005740                _reclaim_reent
 .text          0x00005846        0x0 c:/ti/ccsv6/tools/compiler/gcc_msp430_4.9.14r1_98/bin/../lib/gcc/msp430-elf/4.9.1\libgcc.a(_muldi3.o)
 .text.__muldi3
                0x00005846      0x14a c:/ti/ccsv6/tools/compiler/gcc_msp430_4.9.14r1_98/bin/../lib/gcc/msp430-elf/4.9.1\libgcc.a(_muldi3.o)
                0x00005846                __mspabi_mpyll
 .text          0x00005990        0x0 c:/ti/ccsv6/tools/compiler/gcc_msp430_4.9.14r1_98/bin/../lib/gcc/msp430-elf/4.9.1\libgcc.a(_lshrdi3.o)
 .text.__lshrdi3
                0x00005990       0x7e c:/ti/ccsv6/tools/compiler/gcc_msp430_4.9.14r1_98/bin/../lib/gcc/msp430-elf/4.9.1\libgcc.a(_lshrdi3.o)
                0x00005990                __lshrdi3
 .text          0x00005a0e        0x0 c:/ti/ccsv6/tools/compiler/gcc_msp430_4.9.14r1_98/bin/../lib/gcc/msp430-elf/4.9.1\libgcc.a(lib2mul.o)
 .text.__mulhi3
                0x00005a0e       0x28 c:/ti/ccsv6/tools/compiler/gcc_msp430_4.9.14r1_98/bin/../lib/gcc/msp430-elf/4.9.1\libgcc.a(lib2mul.o)
                0x00005a0e                __mspabi_mpyi
 .text.__mulqi3
                0x00005a36       0x38 c:/ti/ccsv6/tools/compiler/gcc_msp430_4.9.14r1_98/bin/../lib/gcc/msp430-elf/4.9.1\libgcc.a(lib2mul.o)
                0x00005a36                __mulqi3
 .text.__mulsi3
                0x00005a6e       0x42 c:/ti/ccsv6/tools/compiler/gcc_msp430_4.9.14r1_98/bin/../lib/gcc/msp430-elf/4.9.1\libgcc.a(lib2mul.o)
                0x00005a6e                __mspabi_mpyl
 .text          0x00005ab0       0x74 c:/ti/ccsv6/tools/compiler/gcc_msp430_4.9.14r1_98/bin/../lib/gcc/msp430-elf/4.9.1\libgcc.a(slli.o)
                0x00005ab0                __mspabi_slli_15
                0x00005ab2                __mspabi_slli_14
                0x00005ab4                __mspabi_slli_13
                0x00005ab6                __mspabi_slli_12
                0x00005ab8                __mspabi_slli_11
                0x00005aba                __mspabi_slli_10
                0x00005abc                __mspabi_slli_9
                0x00005abe                __mspabi_slli_8
                0x00005ac0                __mspabi_slli_7
                0x00005ac2                __mspabi_slli_6
                0x00005ac4                __mspabi_slli_5
                0x00005ac6                __mspabi_slli_4
                0x00005ac8                __mspabi_slli_3
                0x00005aca                __mspabi_slli_2
                0x00005acc                __mspabi_slli_1
                0x00005ad4                __mspabi_slli
                0x00005ada                __mspabi_slll_15
                0x00005ade                __mspabi_slll_14
                0x00005ae2                __mspabi_slll_13
                0x00005ae6                __mspabi_slll_12
                0x00005aea                __mspabi_slll_11
                0x00005aee                __mspabi_slll_10
                0x00005af2                __mspabi_slll_9
                0x00005af6                __mspabi_slll_8
                0x00005afa                __mspabi_slll_7
                0x00005afe                __mspabi_slll_6
                0x00005b02                __mspabi_slll_5
                0x00005b06                __mspabi_slll_4
                0x00005b0a                __mspabi_slll_3
                0x00005b0e                __mspabi_slll_2
                0x00005b12                __mspabi_slll_1
                0x00005b1e                __mspabi_slll
 .text          0x00005b24       0xb4 c:/ti/ccsv6/tools/compiler/gcc_msp430_4.9.14r1_98/bin/../lib/gcc/msp430-elf/4.9.1\libgcc.a(srli.o)
                0x00005b24                __mspabi_srli_15
                0x00005b28                __mspabi_srli_14
                0x00005b2c                __mspabi_srli_13
                0x00005b30                __mspabi_srli_12
                0x00005b34                __mspabi_srli_11
                0x00005b38                __mspabi_srli_10
                0x00005b3c                __mspabi_srli_9
                0x00005b40                __mspabi_srli_8
                0x00005b44                __mspabi_srli_7
                0x00005b48                __mspabi_srli_6
                0x00005b4c                __mspabi_srli_5
                0x00005b50                __mspabi_srli_4
                0x00005b54                __mspabi_srli_3
                0x00005b58                __mspabi_srli_2
                0x00005b5c                __mspabi_srli_1
                0x00005b68                __mspabi_srli
                0x00005b6e                __mspabi_srll_15
                0x00005b74                __mspabi_srll_14
                0x00005b7a                __mspabi_srll_13
                0x00005b80                __mspabi_srll_12
                0x00005b86                __mspabi_srll_11
                0x00005b8c                __mspabi_srll_10
                0x00005b92                __mspabi_srll_9
                0x00005b98                __mspabi_srll_8
                0x00005b9e                __mspabi_srll_7
                0x00005ba4                __mspabi_srll_6
                0x00005baa                __mspabi_srll_5
                0x00005bb0                __mspabi_srll_4
                0x00005bb6                __mspabi_srll_3
                0x00005bbc                __mspabi_srll_2
                0x00005bc2                __mspabi_srll_1
                0x00005bd2                __mspabi_srll
 .text          0x00005bd8        0x0 c:/ti/ccsv6/tools/compiler/gcc_msp430_4.9.14r1_98/bin/../lib/gcc/msp430-elf/4.9.1/../../../../msp430-elf/lib\libcrt.a(crt_bss.o)
 .text          0x00005bd8        0x0 c:/ti/ccsv6/tools/compiler/gcc_msp430_4.9.14r1_98/bin/../lib/gcc/msp430-elf/4.9.1/../../../../msp430-elf/lib\libcrt.a(crt_main.o)
 .text          0x00005bd8       0x30 c:/ti/ccsv6/tools/compiler/gcc_msp430_4.9.14r1_98/bin/../lib/gcc/msp430-elf/4.9.1/../../../../msp430-elf/lib\libnosys.a(sbrk.o)
                0x00005bd8                sbrk
                0x00005bd8                _sbrk
 .text          0x00005c08       0x7a c:/ti/ccsv6/tools/compiler/gcc_msp430_4.9.14r1_98/bin/../lib/gcc/msp430-elf/4.9.1/../../../../msp430-elf/lib\libnosys.a(write.o)
                0x00005c08                write
 .text          0x00005c82        0x4 c:/ti/ccsv6/tools/compiler/gcc_msp430_4.9.14r1_98/bin/../lib/gcc/msp430-elf/4.9.1/../../../../msp430-elf/lib\libnosys.a(cio.o)
                0x00005c82                _libgloss_cio_hook
                0x00005c82                C$$IO$$
 .text          0x00005c86        0x0 c:/ti/ccsv6/tools/compiler/gcc_msp430_4.9.14r1_98/bin/../lib/gcc/msp430-elf/4.9.1/../../../../msp430-elf/lib\libc.a(lib_a-abort.o)
 .text.abort    0x00005c86        0xe c:/ti/ccsv6/tools/compiler/gcc_msp430_4.9.14r1_98/bin/../lib/gcc/msp430-elf/4.9.1/../../../../msp430-elf/lib\libc.a(lib_a-abort.o)
                0x00005c86                abort
 .text          0x00005c94        0x0 c:/ti/ccsv6/tools/compiler/gcc_msp430_4.9.14r1_98/bin/../lib/gcc/msp430-elf/4.9.1/../../../../msp430-elf/lib\libc.a(lib_a-memcpy.o)
 .text.memcpy   0x00005c94       0x1e c:/ti/ccsv6/tools/compiler/gcc_msp430_4.9.14r1_98/bin/../lib/gcc/msp430-elf/4.9.1/../../../../msp430-elf/lib\libc.a(lib_a-memcpy.o)
                0x00005c94                memcpy
 .text          0x00005cb2        0x0 c:/ti/ccsv6/tools/compiler/gcc_msp430_4.9.14r1_98/bin/../lib/gcc/msp430-elf/4.9.1/../../../../msp430-elf/lib\libc.a(lib_a-signal.o)
 .text._init_signal_r
                0x00005cb2       0x3e c:/ti/ccsv6/tools/compiler/gcc_msp430_4.9.14r1_98/bin/../lib/gcc/msp430-elf/4.9.1/../../../../msp430-elf/lib\libc.a(lib_a-signal.o)
                0x00005cb2                _init_signal_r
 .text._signal_r
                0x00005cf0       0x42 c:/ti/ccsv6/tools/compiler/gcc_msp430_4.9.14r1_98/bin/../lib/gcc/msp430-elf/4.9.1/../../../../msp430-elf/lib\libc.a(lib_a-signal.o)
                0x00005cf0                _signal_r
 .text._raise_r
                0x00005d32       0x6a c:/ti/ccsv6/tools/compiler/gcc_msp430_4.9.14r1_98/bin/../lib/gcc/msp430-elf/4.9.1/../../../../msp430-elf/lib\libc.a(lib_a-signal.o)
                0x00005d32                _raise_r
 .text.__sigtramp_r
                0x00005d9c       0x62 c:/ti/ccsv6/tools/compiler/gcc_msp430_4.9.14r1_98/bin/../lib/gcc/msp430-elf/4.9.1/../../../../msp430-elf/lib\libc.a(lib_a-signal.o)
                0x00005d9c                __sigtramp_r
 .text.raise    0x00005dfe        0xc c:/ti/ccsv6/tools/compiler/gcc_msp430_4.9.14r1_98/bin/../lib/gcc/msp430-elf/4.9.1/../../../../msp430-elf/lib\libc.a(lib_a-signal.o)
                0x00005dfe                raise
 .text.signal   0x00005e0a       0x10 c:/ti/ccsv6/tools/compiler/gcc_msp430_4.9.14r1_98/bin/../lib/gcc/msp430-elf/4.9.1/../../../../msp430-elf/lib\libc.a(lib_a-signal.o)
                0x00005e0a                signal
 .text._init_signal
                0x00005e1a        0xa c:/ti/ccsv6/tools/compiler/gcc_msp430_4.9.14r1_98/bin/../lib/gcc/msp430-elf/4.9.1/../../../../msp430-elf/lib\libc.a(lib_a-signal.o)
                0x00005e1a                _init_signal
 .text.__sigtramp
                0x00005e24        0xc c:/ti/ccsv6/tools/compiler/gcc_msp430_4.9.14r1_98/bin/../lib/gcc/msp430-elf/4.9.1/../../../../msp430-elf/lib\libc.a(lib_a-signal.o)
                0x00005e24                __sigtramp
 .text          0x00005e30        0x0 c:/ti/ccsv6/tools/compiler/gcc_msp430_4.9.14r1_98/bin/../lib/gcc/msp430-elf/4.9.1/../../../../msp430-elf/lib\libc.a(lib_a-signalr.o)
 .text._kill_r  0x00005e30       0x24 c:/ti/ccsv6/tools/compiler/gcc_msp430_4.9.14r1_98/bin/../lib/gcc/msp430-elf/4.9.1/../../../../msp430-elf/lib\libc.a(lib_a-signalr.o)
                0x00005e30                _kill_r
 .text._getpid_r
                0x00005e54        0x6 c:/ti/ccsv6/tools/compiler/gcc_msp430_4.9.14r1_98/bin/../lib/gcc/msp430-elf/4.9.1/../../../../msp430-elf/lib\libc.a(lib_a-signalr.o)
                0x00005e54                _getpid_r
 .text          0x00005e5a       0x62 c:/ti/ccsv6/tools/compiler/gcc_msp430_4.9.14r1_98/bin/../lib/gcc/msp430-elf/4.9.1/../../../../msp430-elf/lib\libnosys.a(nosyscalls.o)
                0x00005e5a                exit
                0x00005e5a                _exit
                0x00005e5e                open
                0x00005e6c                close
                0x00005e7a                read
                0x00005e88                fstat
                0x00005e96                lseek
                0x00005ea4                kill
                0x00005eb2                isatty
                0x00005eb2                _isatty
                0x00005eb6                getpid
 .text          0x00005ebc        0x0 c:/ti/ccsv6/tools/compiler/gcc_msp430_4.9.14r1_98/bin/../lib/gcc/msp430-elf/4.9.1/../../../../msp430-elf/lib\libc.a(lib_a-errno.o)
 .text.__errno  0x00005ebc        0x6 c:/ti/ccsv6/tools/compiler/gcc_msp430_4.9.14r1_98/bin/../lib/gcc/msp430-elf/4.9.1/../../../../msp430-elf/lib\libc.a(lib_a-errno.o)
                0x00005ebc                __errno
 .text          0x00005ec2       0x20 c:/ti/ccsv6/tools/compiler/gcc_msp430_4.9.14r1_98/bin/../lib/gcc/msp430-elf/4.9.1/crtend.o
 .text          0x00005ee2        0x0 c:/ti/ccsv6/tools/compiler/gcc_msp430_4.9.14r1_98/bin/../lib/gcc/msp430-elf/4.9.1/../../../../msp430-elf/lib/crtn.o
 *(.text.*personality*)
 *(.gnu.warning)
 *(.interp .hash .dynsym .dynstr .gnu.version*)
                0x00005ee2                PROVIDE (__etext, .)
                0x00005ee2                PROVIDE (_etext, .)
                0x00005ee2                PROVIDE (etext, .)
                0x00005ee2                . = ALIGN (0x2)
 *(.init)
 .init          0x00005ee2        0x0 c:/ti/ccsv6/tools/compiler/gcc_msp430_4.9.14r1_98/bin/../lib/gcc/msp430-elf/4.9.1/../../../../msp430-elf/lib/crt0.o
                0x00005ee2                __msp430_init
 .init          0x00005ee2        0x4 c:/ti/ccsv6/tools/compiler/gcc_msp430_4.9.14r1_98/bin/../lib/gcc/msp430-elf/4.9.1/crtbegin.o
 .init          0x00005ee6        0x4 c:/ti/ccsv6/tools/compiler/gcc_msp430_4.9.14r1_98/bin/../lib/gcc/msp430-elf/4.9.1/crtend.o
 .init          0x00005eea        0xa c:/ti/ccsv6/tools/compiler/gcc_msp430_4.9.14r1_98/bin/../lib/gcc/msp430-elf/4.9.1/../../../../msp430-elf/lib/crtn.o
                0x00005ef4                __msp430_init_end
 *(.fini)
 .fini          0x00005ef4        0x4 c:/ti/ccsv6/tools/compiler/gcc_msp430_4.9.14r1_98/bin/../lib/gcc/msp430-elf/4.9.1/../../../../msp430-elf/lib/crt0.o
                0x00005ef4                __msp430_fini
 .fini          0x00005ef8        0x4 c:/ti/ccsv6/tools/compiler/gcc_msp430_4.9.14r1_98/bin/../lib/gcc/msp430-elf/4.9.1/crtbegin.o
 .fini          0x00005efc        0x2 c:/ti/ccsv6/tools/compiler/gcc_msp430_4.9.14r1_98/bin/../lib/gcc/msp430-elf/4.9.1/../../../../msp430-elf/lib/crtn.o
                0x00005efe                __msp430_fini_end
 *(.tm_clone_table)
 .tm_clone_table
                0x00005efe        0x0 c:/ti/ccsv6/tools/compiler/gcc_msp430_4.9.14r1_98/bin/../lib/gcc/msp430-elf/4.9.1/crtbegin.o
 .tm_clone_table
                0x00005efe        0x0 c:/ti/ccsv6/tools/compiler/gcc_msp430_4.9.14r1_98/bin/../lib/gcc/msp430-elf/4.9.1/crtend.o
                0x00005efe                __TMC_END__

.upper.text     0x00010000        0x0
                0x00010000                . = ALIGN (0x2)
 *(.upper.text.* .upper.text)

.infoA

.infoB

.infoC

.infoD

.MP430.attributes
                0x00000000      0x2c9
 *(.MSP430.attributes)
 .MSP430.attributes
                0x00000000       0x17 c:/ti/ccsv6/tools/compiler/gcc_msp430_4.9.14r1_98/bin/../lib/gcc/msp430-elf/4.9.1/../../../../msp430-elf/lib/crt0.o
 .MSP430.attributes
                0x00000017       0x17 c:/ti/ccsv6/tools/compiler/gcc_msp430_4.9.14r1_98/bin/../lib/gcc/msp430-elf/4.9.1/crtbegin.o
 .MSP430.attributes
                0x0000002e       0x17 ./led_drive.o
 .MSP430.attributes
                0x00000045       0x17 ./main.o
 .MSP430.attributes
                0x0000005c       0x17 ./sensor.o
 .MSP430.attributes
                0x00000073       0x17 c:/ti/ccsv6/tools/compiler/gcc_msp430_4.9.14r1_98/bin/../lib/gcc/msp430-elf/4.9.1/../../../../msp430-elf/lib\libc.a(lib_a-memset.o)
 .MSP430.attributes
                0x0000008a       0x17 c:/ti/ccsv6/tools/compiler/gcc_msp430_4.9.14r1_98/bin/../lib/gcc/msp430-elf/4.9.1/../../../../msp430-elf/lib\libc.a(lib_a-rand.o)
 .MSP430.attributes
                0x000000a1       0x17 c:/ti/ccsv6/tools/compiler/gcc_msp430_4.9.14r1_98/bin/../lib/gcc/msp430-elf/4.9.1/../../../../msp430-elf/lib\libc.a(lib_a-impure.o)
 .MSP430.attributes
                0x000000b8       0x17 c:/ti/ccsv6/tools/compiler/gcc_msp430_4.9.14r1_98/bin/../lib/gcc/msp430-elf/4.9.1/../../../../msp430-elf/lib\libc.a(lib_a-malloc.o)
 .MSP430.attributes
                0x000000cf       0x17 c:/ti/ccsv6/tools/compiler/gcc_msp430_4.9.14r1_98/bin/../lib/gcc/msp430-elf/4.9.1/../../../../msp430-elf/lib\libc.a(lib_a-nano-freer.o)
 .MSP430.attributes
                0x000000e6       0x17 c:/ti/ccsv6/tools/compiler/gcc_msp430_4.9.14r1_98/bin/../lib/gcc/msp430-elf/4.9.1/../../../../msp430-elf/lib\libc.a(lib_a-nano-mallocr.o)
 .MSP430.attributes
                0x000000fd       0x17 c:/ti/ccsv6/tools/compiler/gcc_msp430_4.9.14r1_98/bin/../lib/gcc/msp430-elf/4.9.1/../../../../msp430-elf/lib\libc.a(lib_a-sbrkr.o)
 .MSP430.attributes
                0x00000114       0x17 c:/ti/ccsv6/tools/compiler/gcc_msp430_4.9.14r1_98/bin/../lib/gcc/msp430-elf/4.9.1/../../../../msp430-elf/lib\libc.a(lib_a-reent.o)
 .MSP430.attributes
                0x0000012b       0x17 c:/ti/ccsv6/tools/compiler/gcc_msp430_4.9.14r1_98/bin/../lib/gcc/msp430-elf/4.9.1\libgcc.a(_muldi3.o)
 .MSP430.attributes
                0x00000142       0x17 c:/ti/ccsv6/tools/compiler/gcc_msp430_4.9.14r1_98/bin/../lib/gcc/msp430-elf/4.9.1\libgcc.a(_lshrdi3.o)
 .MSP430.attributes
                0x00000159       0x17 c:/ti/ccsv6/tools/compiler/gcc_msp430_4.9.14r1_98/bin/../lib/gcc/msp430-elf/4.9.1\libgcc.a(lib2mul.o)
 .MSP430.attributes
                0x00000170       0x17 c:/ti/ccsv6/tools/compiler/gcc_msp430_4.9.14r1_98/bin/../lib/gcc/msp430-elf/4.9.1\libgcc.a(slli.o)
 .MSP430.attributes
                0x00000187       0x17 c:/ti/ccsv6/tools/compiler/gcc_msp430_4.9.14r1_98/bin/../lib/gcc/msp430-elf/4.9.1\libgcc.a(srli.o)
 .MSP430.attributes
                0x0000019e       0x17 c:/ti/ccsv6/tools/compiler/gcc_msp430_4.9.14r1_98/bin/../lib/gcc/msp430-elf/4.9.1/../../../../msp430-elf/lib\libcrt.a(crt_bss.o)
 .MSP430.attributes
                0x000001b5       0x17 c:/ti/ccsv6/tools/compiler/gcc_msp430_4.9.14r1_98/bin/../lib/gcc/msp430-elf/4.9.1/../../../../msp430-elf/lib\libcrt.a(crt_main.o)
 .MSP430.attributes
                0x000001cc       0x17 c:/ti/ccsv6/tools/compiler/gcc_msp430_4.9.14r1_98/bin/../lib/gcc/msp430-elf/4.9.1/../../../../msp430-elf/lib\libnosys.a(sbrk.o)
 .MSP430.attributes
                0x000001e3       0x17 c:/ti/ccsv6/tools/compiler/gcc_msp430_4.9.14r1_98/bin/../lib/gcc/msp430-elf/4.9.1/../../../../msp430-elf/lib\libnosys.a(write.o)
 .MSP430.attributes
                0x000001fa       0x17 c:/ti/ccsv6/tools/compiler/gcc_msp430_4.9.14r1_98/bin/../lib/gcc/msp430-elf/4.9.1/../../../../msp430-elf/lib\libnosys.a(cio.o)
 .MSP430.attributes
                0x00000211       0x17 c:/ti/ccsv6/tools/compiler/gcc_msp430_4.9.14r1_98/bin/../lib/gcc/msp430-elf/4.9.1/../../../../msp430-elf/lib\libc.a(lib_a-abort.o)
 .MSP430.attributes
                0x00000228       0x17 c:/ti/ccsv6/tools/compiler/gcc_msp430_4.9.14r1_98/bin/../lib/gcc/msp430-elf/4.9.1/../../../../msp430-elf/lib\libc.a(lib_a-memcpy.o)
 .MSP430.attributes
                0x0000023f       0x17 c:/ti/ccsv6/tools/compiler/gcc_msp430_4.9.14r1_98/bin/../lib/gcc/msp430-elf/4.9.1/../../../../msp430-elf/lib\libc.a(lib_a-signal.o)
 .MSP430.attributes
                0x00000256       0x17 c:/ti/ccsv6/tools/compiler/gcc_msp430_4.9.14r1_98/bin/../lib/gcc/msp430-elf/4.9.1/../../../../msp430-elf/lib\libc.a(lib_a-signalr.o)
 .MSP430.attributes
                0x0000026d       0x17 c:/ti/ccsv6/tools/compiler/gcc_msp430_4.9.14r1_98/bin/../lib/gcc/msp430-elf/4.9.1/../../../../msp430-elf/lib\libnosys.a(nosyscalls.o)
 .MSP430.attributes
                0x00000284       0x17 c:/ti/ccsv6/tools/compiler/gcc_msp430_4.9.14r1_98/bin/../lib/gcc/msp430-elf/4.9.1/../../../../msp430-elf/lib\libc.a(lib_a-errno.o)
 .MSP430.attributes
                0x0000029b       0x17 c:/ti/ccsv6/tools/compiler/gcc_msp430_4.9.14r1_98/bin/../lib/gcc/msp430-elf/4.9.1/crtend.o
 .MSP430.attributes
                0x000002b2       0x17 c:/ti/ccsv6/tools/compiler/gcc_msp430_4.9.14r1_98/bin/../lib/gcc/msp430-elf/4.9.1/../../../../msp430-elf/lib/crtn.o
 *(.gnu.attributes)
 *(__TI_build_attributes)

.stab
 *(.stab)

.stabstr
 *(.stabstr)

.stab.excl
 *(.stab.excl)

.stab.exclstr
 *(.stab.exclstr)

.stab.index
 *(.stab.index)

.stab.indexstr
 *(.stab.indexstr)

.comment        0x00000000       0x7b
 *(.comment)
 .comment       0x00000000       0x7b c:/ti/ccsv6/tools/compiler/gcc_msp430_4.9.14r1_98/bin/../lib/gcc/msp430-elf/4.9.1/crtbegin.o
                                 0x7c (size before relaxing)
 .comment       0x00000000       0x7c ./led_drive.o
 .comment       0x00000000       0x7c ./main.o
 .comment       0x00000000       0x7c ./sensor.o
 .comment       0x00000000       0x7c c:/ti/ccsv6/tools/compiler/gcc_msp430_4.9.14r1_98/bin/../lib/gcc/msp430-elf/4.9.1/../../../../msp430-elf/lib\libc.a(lib_a-memset.o)
 .comment       0x00000000       0x7c c:/ti/ccsv6/tools/compiler/gcc_msp430_4.9.14r1_98/bin/../lib/gcc/msp430-elf/4.9.1/../../../../msp430-elf/lib\libc.a(lib_a-rand.o)
 .comment       0x00000000       0x7c c:/ti/ccsv6/tools/compiler/gcc_msp430_4.9.14r1_98/bin/../lib/gcc/msp430-elf/4.9.1/../../../../msp430-elf/lib\libc.a(lib_a-impure.o)
 .comment       0x00000000       0x7c c:/ti/ccsv6/tools/compiler/gcc_msp430_4.9.14r1_98/bin/../lib/gcc/msp430-elf/4.9.1/../../../../msp430-elf/lib\libc.a(lib_a-malloc.o)
 .comment       0x00000000       0x7c c:/ti/ccsv6/tools/compiler/gcc_msp430_4.9.14r1_98/bin/../lib/gcc/msp430-elf/4.9.1/../../../../msp430-elf/lib\libc.a(lib_a-nano-freer.o)
 .comment       0x00000000       0x7c c:/ti/ccsv6/tools/compiler/gcc_msp430_4.9.14r1_98/bin/../lib/gcc/msp430-elf/4.9.1/../../../../msp430-elf/lib\libc.a(lib_a-nano-mallocr.o)
 .comment       0x00000000       0x7c c:/ti/ccsv6/tools/compiler/gcc_msp430_4.9.14r1_98/bin/../lib/gcc/msp430-elf/4.9.1/../../../../msp430-elf/lib\libc.a(lib_a-sbrkr.o)
 .comment       0x00000000       0x7c c:/ti/ccsv6/tools/compiler/gcc_msp430_4.9.14r1_98/bin/../lib/gcc/msp430-elf/4.9.1/../../../../msp430-elf/lib\libc.a(lib_a-reent.o)
 .comment       0x00000000       0x7c c:/ti/ccsv6/tools/compiler/gcc_msp430_4.9.14r1_98/bin/../lib/gcc/msp430-elf/4.9.1\libgcc.a(_muldi3.o)
 .comment       0x00000000       0x7c c:/ti/ccsv6/tools/compiler/gcc_msp430_4.9.14r1_98/bin/../lib/gcc/msp430-elf/4.9.1\libgcc.a(_lshrdi3.o)
 .comment       0x00000000       0x7c c:/ti/ccsv6/tools/compiler/gcc_msp430_4.9.14r1_98/bin/../lib/gcc/msp430-elf/4.9.1\libgcc.a(lib2mul.o)
 .comment       0x00000000       0x7c c:/ti/ccsv6/tools/compiler/gcc_msp430_4.9.14r1_98/bin/../lib/gcc/msp430-elf/4.9.1/../../../../msp430-elf/lib\libnosys.a(sbrk.o)
 .comment       0x00000000       0x7c c:/ti/ccsv6/tools/compiler/gcc_msp430_4.9.14r1_98/bin/../lib/gcc/msp430-elf/4.9.1/../../../../msp430-elf/lib\libnosys.a(write.o)
 .comment       0x00000000       0x7c c:/ti/ccsv6/tools/compiler/gcc_msp430_4.9.14r1_98/bin/../lib/gcc/msp430-elf/4.9.1/../../../../msp430-elf/lib\libc.a(lib_a-abort.o)
 .comment       0x00000000       0x7c c:/ti/ccsv6/tools/compiler/gcc_msp430_4.9.14r1_98/bin/../lib/gcc/msp430-elf/4.9.1/../../../../msp430-elf/lib\libc.a(lib_a-memcpy.o)
 .comment       0x00000000       0x7c c:/ti/ccsv6/tools/compiler/gcc_msp430_4.9.14r1_98/bin/../lib/gcc/msp430-elf/4.9.1/../../../../msp430-elf/lib\libc.a(lib_a-signal.o)
 .comment       0x00000000       0x7c c:/ti/ccsv6/tools/compiler/gcc_msp430_4.9.14r1_98/bin/../lib/gcc/msp430-elf/4.9.1/../../../../msp430-elf/lib\libc.a(lib_a-signalr.o)
 .comment       0x00000000       0x7c c:/ti/ccsv6/tools/compiler/gcc_msp430_4.9.14r1_98/bin/../lib/gcc/msp430-elf/4.9.1/../../../../msp430-elf/lib\libc.a(lib_a-errno.o)
 .comment       0x00000000       0x7c c:/ti/ccsv6/tools/compiler/gcc_msp430_4.9.14r1_98/bin/../lib/gcc/msp430-elf/4.9.1/crtend.o

.debug
 *(.debug)

.line
 *(.line)

.debug_srcinfo
 *(.debug_srcinfo)

.debug_sfnames
 *(.debug_sfnames)

.debug_aranges  0x00000000      0x3d8
 *(.debug_aranges)
 .debug_aranges
                0x00000000       0x30 c:/ti/ccsv6/tools/compiler/gcc_msp430_4.9.14r1_98/bin/../lib/gcc/msp430-elf/4.9.1/../../../../msp430-elf/lib/crt0.o
 .debug_aranges
                0x00000030       0x20 ./led_drive.o
 .debug_aranges
                0x00000050       0x20 ./main.o
 .debug_aranges
                0x00000070       0x20 ./sensor.o
 .debug_aranges
                0x00000090       0x20 c:/ti/ccsv6/tools/compiler/gcc_msp430_4.9.14r1_98/bin/../lib/gcc/msp430-elf/4.9.1/../../../../msp430-elf/lib\libc.a(lib_a-memset.o)
 .debug_aranges
                0x000000b0       0x28 c:/ti/ccsv6/tools/compiler/gcc_msp430_4.9.14r1_98/bin/../lib/gcc/msp430-elf/4.9.1/../../../../msp430-elf/lib\libc.a(lib_a-rand.o)
 .debug_aranges
                0x000000d8       0x18 c:/ti/ccsv6/tools/compiler/gcc_msp430_4.9.14r1_98/bin/../lib/gcc/msp430-elf/4.9.1/../../../../msp430-elf/lib\libc.a(lib_a-impure.o)
 .debug_aranges
                0x000000f0       0x28 c:/ti/ccsv6/tools/compiler/gcc_msp430_4.9.14r1_98/bin/../lib/gcc/msp430-elf/4.9.1/../../../../msp430-elf/lib\libc.a(lib_a-malloc.o)
 .debug_aranges
                0x00000118       0x20 c:/ti/ccsv6/tools/compiler/gcc_msp430_4.9.14r1_98/bin/../lib/gcc/msp430-elf/4.9.1/../../../../msp430-elf/lib\libc.a(lib_a-nano-freer.o)
 .debug_aranges
                0x00000138       0x20 c:/ti/ccsv6/tools/compiler/gcc_msp430_4.9.14r1_98/bin/../lib/gcc/msp430-elf/4.9.1/../../../../msp430-elf/lib\libc.a(lib_a-nano-mallocr.o)
 .debug_aranges
                0x00000158       0x20 c:/ti/ccsv6/tools/compiler/gcc_msp430_4.9.14r1_98/bin/../lib/gcc/msp430-elf/4.9.1/../../../../msp430-elf/lib\libc.a(lib_a-sbrkr.o)
 .debug_aranges
                0x00000178       0x28 c:/ti/ccsv6/tools/compiler/gcc_msp430_4.9.14r1_98/bin/../lib/gcc/msp430-elf/4.9.1/../../../../msp430-elf/lib\libc.a(lib_a-reent.o)
 .debug_aranges
                0x000001a0       0x20 c:/ti/ccsv6/tools/compiler/gcc_msp430_4.9.14r1_98/bin/../lib/gcc/msp430-elf/4.9.1\libgcc.a(_muldi3.o)
 .debug_aranges
                0x000001c0       0x20 c:/ti/ccsv6/tools/compiler/gcc_msp430_4.9.14r1_98/bin/../lib/gcc/msp430-elf/4.9.1\libgcc.a(_lshrdi3.o)
 .debug_aranges
                0x000001e0       0x30 c:/ti/ccsv6/tools/compiler/gcc_msp430_4.9.14r1_98/bin/../lib/gcc/msp430-elf/4.9.1\libgcc.a(lib2mul.o)
 .debug_aranges
                0x00000210       0x20 c:/ti/ccsv6/tools/compiler/gcc_msp430_4.9.14r1_98/bin/../lib/gcc/msp430-elf/4.9.1/../../../../msp430-elf/lib\libcrt.a(crt_bss.o)
 .debug_aranges
                0x00000230       0x20 c:/ti/ccsv6/tools/compiler/gcc_msp430_4.9.14r1_98/bin/../lib/gcc/msp430-elf/4.9.1/../../../../msp430-elf/lib\libcrt.a(crt_main.o)
 .debug_aranges
                0x00000250       0x20 c:/ti/ccsv6/tools/compiler/gcc_msp430_4.9.14r1_98/bin/../lib/gcc/msp430-elf/4.9.1/../../../../msp430-elf/lib\libnosys.a(sbrk.o)
 .debug_aranges
                0x00000270       0x20 c:/ti/ccsv6/tools/compiler/gcc_msp430_4.9.14r1_98/bin/../lib/gcc/msp430-elf/4.9.1/../../../../msp430-elf/lib\libnosys.a(write.o)
 .debug_aranges
                0x00000290       0x20 c:/ti/ccsv6/tools/compiler/gcc_msp430_4.9.14r1_98/bin/../lib/gcc/msp430-elf/4.9.1/../../../../msp430-elf/lib\libnosys.a(cio.o)
 .debug_aranges
                0x000002b0       0x20 c:/ti/ccsv6/tools/compiler/gcc_msp430_4.9.14r1_98/bin/../lib/gcc/msp430-elf/4.9.1/../../../../msp430-elf/lib\libc.a(lib_a-abort.o)
 .debug_aranges
                0x000002d0       0x20 c:/ti/ccsv6/tools/compiler/gcc_msp430_4.9.14r1_98/bin/../lib/gcc/msp430-elf/4.9.1/../../../../msp430-elf/lib\libc.a(lib_a-memcpy.o)
 .debug_aranges
                0x000002f0       0x58 c:/ti/ccsv6/tools/compiler/gcc_msp430_4.9.14r1_98/bin/../lib/gcc/msp430-elf/4.9.1/../../../../msp430-elf/lib\libc.a(lib_a-signal.o)
 .debug_aranges
                0x00000348       0x28 c:/ti/ccsv6/tools/compiler/gcc_msp430_4.9.14r1_98/bin/../lib/gcc/msp430-elf/4.9.1/../../../../msp430-elf/lib\libc.a(lib_a-signalr.o)
 .debug_aranges
                0x00000370       0x20 c:/ti/ccsv6/tools/compiler/gcc_msp430_4.9.14r1_98/bin/../lib/gcc/msp430-elf/4.9.1/../../../../msp430-elf/lib\libnosys.a(nosyscalls.o)
 .debug_aranges
                0x00000390       0x20 c:/ti/ccsv6/tools/compiler/gcc_msp430_4.9.14r1_98/bin/../lib/gcc/msp430-elf/4.9.1/../../../../msp430-elf/lib\libc.a(lib_a-errno.o)
 .debug_aranges
                0x000003b0       0x28 c:/ti/ccsv6/tools/compiler/gcc_msp430_4.9.14r1_98/bin/../lib/gcc/msp430-elf/4.9.1/../../../../msp430-elf/lib/crtn.o

.debug_pubnames
 *(.debug_pubnames)

.debug_info     0x00000000     0x7503
 *(.debug_info .gnu.linkonce.wi.*)
 .debug_info    0x00000000       0xca c:/ti/ccsv6/tools/compiler/gcc_msp430_4.9.14r1_98/bin/../lib/gcc/msp430-elf/4.9.1/../../../../msp430-elf/lib/crt0.o
 .debug_info    0x000000ca      0x31d ./led_drive.o
 .debug_info    0x000003e7      0x3ff ./main.o
 .debug_info    0x000007e6      0x400 ./sensor.o
 .debug_info    0x00000be6       0xcf c:/ti/ccsv6/tools/compiler/gcc_msp430_4.9.14r1_98/bin/../lib/gcc/msp430-elf/4.9.1/../../../../msp430-elf/lib\libc.a(lib_a-memset.o)
 .debug_info    0x00000cb5      0x8d8 c:/ti/ccsv6/tools/compiler/gcc_msp430_4.9.14r1_98/bin/../lib/gcc/msp430-elf/4.9.1/../../../../msp430-elf/lib\libc.a(lib_a-rand.o)
 .debug_info    0x0000158d      0x896 c:/ti/ccsv6/tools/compiler/gcc_msp430_4.9.14r1_98/bin/../lib/gcc/msp430-elf/4.9.1/../../../../msp430-elf/lib\libc.a(lib_a-impure.o)
 .debug_info    0x00001e23      0x884 c:/ti/ccsv6/tools/compiler/gcc_msp430_4.9.14r1_98/bin/../lib/gcc/msp430-elf/4.9.1/../../../../msp430-elf/lib\libc.a(lib_a-malloc.o)
 .debug_info    0x000026a7      0x8e1 c:/ti/ccsv6/tools/compiler/gcc_msp430_4.9.14r1_98/bin/../lib/gcc/msp430-elf/4.9.1/../../../../msp430-elf/lib\libc.a(lib_a-nano-freer.o)
 .debug_info    0x00002f88      0x9bd c:/ti/ccsv6/tools/compiler/gcc_msp430_4.9.14r1_98/bin/../lib/gcc/msp430-elf/4.9.1/../../../../msp430-elf/lib\libc.a(lib_a-nano-mallocr.o)
 .debug_info    0x00003945      0x863 c:/ti/ccsv6/tools/compiler/gcc_msp430_4.9.14r1_98/bin/../lib/gcc/msp430-elf/4.9.1/../../../../msp430-elf/lib\libc.a(lib_a-sbrkr.o)
 .debug_info    0x000041a8      0x9cb c:/ti/ccsv6/tools/compiler/gcc_msp430_4.9.14r1_98/bin/../lib/gcc/msp430-elf/4.9.1/../../../../msp430-elf/lib\libc.a(lib_a-reent.o)
 .debug_info    0x00004b73      0x230 c:/ti/ccsv6/tools/compiler/gcc_msp430_4.9.14r1_98/bin/../lib/gcc/msp430-elf/4.9.1\libgcc.a(_muldi3.o)
 .debug_info    0x00004da3      0x187 c:/ti/ccsv6/tools/compiler/gcc_msp430_4.9.14r1_98/bin/../lib/gcc/msp430-elf/4.9.1\libgcc.a(_lshrdi3.o)
 .debug_info    0x00004f2a      0x14e c:/ti/ccsv6/tools/compiler/gcc_msp430_4.9.14r1_98/bin/../lib/gcc/msp430-elf/4.9.1\libgcc.a(lib2mul.o)
 .debug_info    0x00005078       0xce c:/ti/ccsv6/tools/compiler/gcc_msp430_4.9.14r1_98/bin/../lib/gcc/msp430-elf/4.9.1/../../../../msp430-elf/lib\libcrt.a(crt_bss.o)
 .debug_info    0x00005146       0xce c:/ti/ccsv6/tools/compiler/gcc_msp430_4.9.14r1_98/bin/../lib/gcc/msp430-elf/4.9.1/../../../../msp430-elf/lib\libcrt.a(crt_main.o)
 .debug_info    0x00005214      0x114 c:/ti/ccsv6/tools/compiler/gcc_msp430_4.9.14r1_98/bin/../lib/gcc/msp430-elf/4.9.1/../../../../msp430-elf/lib\libnosys.a(sbrk.o)
 .debug_info    0x00005328      0x1cd c:/ti/ccsv6/tools/compiler/gcc_msp430_4.9.14r1_98/bin/../lib/gcc/msp430-elf/4.9.1/../../../../msp430-elf/lib\libnosys.a(write.o)
 .debug_info    0x000054f5       0xcd c:/ti/ccsv6/tools/compiler/gcc_msp430_4.9.14r1_98/bin/../lib/gcc/msp430-elf/4.9.1/../../../../msp430-elf/lib\libnosys.a(cio.o)
 .debug_info    0x000055c2       0xd0 c:/ti/ccsv6/tools/compiler/gcc_msp430_4.9.14r1_98/bin/../lib/gcc/msp430-elf/4.9.1/../../../../msp430-elf/lib\libc.a(lib_a-abort.o)
 .debug_info    0x00005692       0xfe c:/ti/ccsv6/tools/compiler/gcc_msp430_4.9.14r1_98/bin/../lib/gcc/msp430-elf/4.9.1/../../../../msp430-elf/lib\libc.a(lib_a-memcpy.o)
 .debug_info    0x00005790      0xb1e c:/ti/ccsv6/tools/compiler/gcc_msp430_4.9.14r1_98/bin/../lib/gcc/msp430-elf/4.9.1/../../../../msp430-elf/lib\libc.a(lib_a-signal.o)
 .debug_info    0x000062ae      0x8bf c:/ti/ccsv6/tools/compiler/gcc_msp430_4.9.14r1_98/bin/../lib/gcc/msp430-elf/4.9.1/../../../../msp430-elf/lib\libc.a(lib_a-signalr.o)
 .debug_info    0x00006b6d       0xd4 c:/ti/ccsv6/tools/compiler/gcc_msp430_4.9.14r1_98/bin/../lib/gcc/msp430-elf/4.9.1/../../../../msp430-elf/lib\libnosys.a(nosyscalls.o)
 .debug_info    0x00006c41      0x7f8 c:/ti/ccsv6/tools/compiler/gcc_msp430_4.9.14r1_98/bin/../lib/gcc/msp430-elf/4.9.1/../../../../msp430-elf/lib\libc.a(lib_a-errno.o)
 .debug_info    0x00007439       0xca c:/ti/ccsv6/tools/compiler/gcc_msp430_4.9.14r1_98/bin/../lib/gcc/msp430-elf/4.9.1/../../../../msp430-elf/lib/crtn.o

.debug_abbrev   0x00000000     0x1b99
 *(.debug_abbrev)
 .debug_abbrev  0x00000000       0x12 c:/ti/ccsv6/tools/compiler/gcc_msp430_4.9.14r1_98/bin/../lib/gcc/msp430-elf/4.9.1/../../../../msp430-elf/lib/crt0.o
 .debug_abbrev  0x00000012       0xe2 ./led_drive.o
 .debug_abbrev  0x000000f4      0x100 ./main.o
 .debug_abbrev  0x000001f4      0x14e ./sensor.o
 .debug_abbrev  0x00000342       0x8c c:/ti/ccsv6/tools/compiler/gcc_msp430_4.9.14r1_98/bin/../lib/gcc/msp430-elf/4.9.1/../../../../msp430-elf/lib\libc.a(lib_a-memset.o)
 .debug_abbrev  0x000003ce      0x1de c:/ti/ccsv6/tools/compiler/gcc_msp430_4.9.14r1_98/bin/../lib/gcc/msp430-elf/4.9.1/../../../../msp430-elf/lib\libc.a(lib_a-rand.o)
 .debug_abbrev  0x000005ac      0x13b c:/ti/ccsv6/tools/compiler/gcc_msp430_4.9.14r1_98/bin/../lib/gcc/msp430-elf/4.9.1/../../../../msp430-elf/lib\libc.a(lib_a-impure.o)
 .debug_abbrev  0x000006e7      0x1a1 c:/ti/ccsv6/tools/compiler/gcc_msp430_4.9.14r1_98/bin/../lib/gcc/msp430-elf/4.9.1/../../../../msp430-elf/lib\libc.a(lib_a-malloc.o)
 .debug_abbrev  0x00000888      0x1bd c:/ti/ccsv6/tools/compiler/gcc_msp430_4.9.14r1_98/bin/../lib/gcc/msp430-elf/4.9.1/../../../../msp430-elf/lib\libc.a(lib_a-nano-freer.o)
 .debug_abbrev  0x00000a45      0x243 c:/ti/ccsv6/tools/compiler/gcc_msp430_4.9.14r1_98/bin/../lib/gcc/msp430-elf/4.9.1/../../../../msp430-elf/lib\libc.a(lib_a-nano-mallocr.o)
 .debug_abbrev  0x00000c88      0x1a7 c:/ti/ccsv6/tools/compiler/gcc_msp430_4.9.14r1_98/bin/../lib/gcc/msp430-elf/4.9.1/../../../../msp430-elf/lib\libc.a(lib_a-sbrkr.o)
 .debug_abbrev  0x00000e2f      0x1f2 c:/ti/ccsv6/tools/compiler/gcc_msp430_4.9.14r1_98/bin/../lib/gcc/msp430-elf/4.9.1/../../../../msp430-elf/lib\libc.a(lib_a-reent.o)
 .debug_abbrev  0x00001021      0x124 c:/ti/ccsv6/tools/compiler/gcc_msp430_4.9.14r1_98/bin/../lib/gcc/msp430-elf/4.9.1\libgcc.a(_muldi3.o)
 .debug_abbrev  0x00001145       0xef c:/ti/ccsv6/tools/compiler/gcc_msp430_4.9.14r1_98/bin/../lib/gcc/msp430-elf/4.9.1\libgcc.a(_lshrdi3.o)
 .debug_abbrev  0x00001234       0x7e c:/ti/ccsv6/tools/compiler/gcc_msp430_4.9.14r1_98/bin/../lib/gcc/msp430-elf/4.9.1\libgcc.a(lib2mul.o)
 .debug_abbrev  0x000012b2       0x14 c:/ti/ccsv6/tools/compiler/gcc_msp430_4.9.14r1_98/bin/../lib/gcc/msp430-elf/4.9.1/../../../../msp430-elf/lib\libcrt.a(crt_bss.o)
 .debug_abbrev  0x000012c6       0x14 c:/ti/ccsv6/tools/compiler/gcc_msp430_4.9.14r1_98/bin/../lib/gcc/msp430-elf/4.9.1/../../../../msp430-elf/lib\libcrt.a(crt_main.o)
 .debug_abbrev  0x000012da      0x100 c:/ti/ccsv6/tools/compiler/gcc_msp430_4.9.14r1_98/bin/../lib/gcc/msp430-elf/4.9.1/../../../../msp430-elf/lib\libnosys.a(sbrk.o)
 .debug_abbrev  0x000013da      0x127 c:/ti/ccsv6/tools/compiler/gcc_msp430_4.9.14r1_98/bin/../lib/gcc/msp430-elf/4.9.1/../../../../msp430-elf/lib\libnosys.a(write.o)
 .debug_abbrev  0x00001501       0x14 c:/ti/ccsv6/tools/compiler/gcc_msp430_4.9.14r1_98/bin/../lib/gcc/msp430-elf/4.9.1/../../../../msp430-elf/lib\libnosys.a(cio.o)
 .debug_abbrev  0x00001515       0x93 c:/ti/ccsv6/tools/compiler/gcc_msp430_4.9.14r1_98/bin/../lib/gcc/msp430-elf/4.9.1/../../../../msp430-elf/lib\libc.a(lib_a-abort.o)
 .debug_abbrev  0x000015a8       0xa2 c:/ti/ccsv6/tools/compiler/gcc_msp430_4.9.14r1_98/bin/../lib/gcc/msp430-elf/4.9.1/../../../../msp430-elf/lib\libc.a(lib_a-memcpy.o)
 .debug_abbrev  0x0000164a      0x24a c:/ti/ccsv6/tools/compiler/gcc_msp430_4.9.14r1_98/bin/../lib/gcc/msp430-elf/4.9.1/../../../../msp430-elf/lib\libc.a(lib_a-signal.o)
 .debug_abbrev  0x00001894      0x1a6 c:/ti/ccsv6/tools/compiler/gcc_msp430_4.9.14r1_98/bin/../lib/gcc/msp430-elf/4.9.1/../../../../msp430-elf/lib\libc.a(lib_a-signalr.o)
 .debug_abbrev  0x00001a3a       0x14 c:/ti/ccsv6/tools/compiler/gcc_msp430_4.9.14r1_98/bin/../lib/gcc/msp430-elf/4.9.1/../../../../msp430-elf/lib\libnosys.a(nosyscalls.o)
 .debug_abbrev  0x00001a4e      0x139 c:/ti/ccsv6/tools/compiler/gcc_msp430_4.9.14r1_98/bin/../lib/gcc/msp430-elf/4.9.1/../../../../msp430-elf/lib\libc.a(lib_a-errno.o)
 .debug_abbrev  0x00001b87       0x12 c:/ti/ccsv6/tools/compiler/gcc_msp430_4.9.14r1_98/bin/../lib/gcc/msp430-elf/4.9.1/../../../../msp430-elf/lib/crtn.o

.debug_line     0x00000000     0x2c3f
 *(.debug_line .debug_line.* .debug_line_end)
 .debug_line    0x00000000      0x104 c:/ti/ccsv6/tools/compiler/gcc_msp430_4.9.14r1_98/bin/../lib/gcc/msp430-elf/4.9.1/../../../../msp430-elf/lib/crt0.o
 .debug_line    0x00000104      0x4b0 ./led_drive.o
 .debug_line    0x000005b4      0x2fd ./main.o
 .debug_line    0x000008b1      0x4e9 ./sensor.o
 .debug_line    0x00000d9a      0x112 c:/ti/ccsv6/tools/compiler/gcc_msp430_4.9.14r1_98/bin/../lib/gcc/msp430-elf/4.9.1/../../../../msp430-elf/lib\libc.a(lib_a-memset.o)
 .debug_line.text.memset
                0x00000eac       0x22 c:/ti/ccsv6/tools/compiler/gcc_msp430_4.9.14r1_98/bin/../lib/gcc/msp430-elf/4.9.1/../../../../msp430-elf/lib\libc.a(lib_a-memset.o)
 .debug_line_end
                0x00000ece        0x0 c:/ti/ccsv6/tools/compiler/gcc_msp430_4.9.14r1_98/bin/../lib/gcc/msp430-elf/4.9.1/../../../../msp430-elf/lib\libc.a(lib_a-memset.o)
 .debug_line    0x00000ece      0x172 c:/ti/ccsv6/tools/compiler/gcc_msp430_4.9.14r1_98/bin/../lib/gcc/msp430-elf/4.9.1/../../../../msp430-elf/lib\libc.a(lib_a-rand.o)
 .debug_line.text.srand
                0x00001040       0x35 c:/ti/ccsv6/tools/compiler/gcc_msp430_4.9.14r1_98/bin/../lib/gcc/msp430-elf/4.9.1/../../../../msp430-elf/lib\libc.a(lib_a-rand.o)
 .debug_line.text.rand
                0x00001075       0x41 c:/ti/ccsv6/tools/compiler/gcc_msp430_4.9.14r1_98/bin/../lib/gcc/msp430-elf/4.9.1/../../../../msp430-elf/lib\libc.a(lib_a-rand.o)
 .debug_line_end
                0x000010b6        0x0 c:/ti/ccsv6/tools/compiler/gcc_msp430_4.9.14r1_98/bin/../lib/gcc/msp430-elf/4.9.1/../../../../msp430-elf/lib\libc.a(lib_a-rand.o)
 .debug_line    0x000010b6      0x12a c:/ti/ccsv6/tools/compiler/gcc_msp430_4.9.14r1_98/bin/../lib/gcc/msp430-elf/4.9.1/../../../../msp430-elf/lib\libc.a(lib_a-impure.o)
 .debug_line_end
                0x000011e0        0x0 c:/ti/ccsv6/tools/compiler/gcc_msp430_4.9.14r1_98/bin/../lib/gcc/msp430-elf/4.9.1/../../../../msp430-elf/lib\libc.a(lib_a-impure.o)
 .debug_line    0x000011e0      0x174 c:/ti/ccsv6/tools/compiler/gcc_msp430_4.9.14r1_98/bin/../lib/gcc/msp430-elf/4.9.1/../../../../msp430-elf/lib\libc.a(lib_a-malloc.o)
 .debug_line.text.malloc
                0x00001354       0x1d c:/ti/ccsv6/tools/compiler/gcc_msp430_4.9.14r1_98/bin/../lib/gcc/msp430-elf/4.9.1/../../../../msp430-elf/lib\libc.a(lib_a-malloc.o)
 .debug_line.text.free
                0x00001371       0x1d c:/ti/ccsv6/tools/compiler/gcc_msp430_4.9.14r1_98/bin/../lib/gcc/msp430-elf/4.9.1/../../../../msp430-elf/lib\libc.a(lib_a-malloc.o)
 .debug_line_end
                0x0000138e        0x0 c:/ti/ccsv6/tools/compiler/gcc_msp430_4.9.14r1_98/bin/../lib/gcc/msp430-elf/4.9.1/../../../../msp430-elf/lib\libc.a(lib_a-malloc.o)
 .debug_line    0x0000138e      0x131 c:/ti/ccsv6/tools/compiler/gcc_msp430_4.9.14r1_98/bin/../lib/gcc/msp430-elf/4.9.1/../../../../msp430-elf/lib\libc.a(lib_a-nano-freer.o)
 .debug_line.text._free_r
                0x000014bf       0xcd c:/ti/ccsv6/tools/compiler/gcc_msp430_4.9.14r1_98/bin/../lib/gcc/msp430-elf/4.9.1/../../../../msp430-elf/lib\libc.a(lib_a-nano-freer.o)
 .debug_line_end
                0x0000158c        0x0 c:/ti/ccsv6/tools/compiler/gcc_msp430_4.9.14r1_98/bin/../lib/gcc/msp430-elf/4.9.1/../../../../msp430-elf/lib\libc.a(lib_a-nano-freer.o)
 .debug_line    0x0000158c      0x179 c:/ti/ccsv6/tools/compiler/gcc_msp430_4.9.14r1_98/bin/../lib/gcc/msp430-elf/4.9.1/../../../../msp430-elf/lib\libc.a(lib_a-nano-mallocr.o)
 .debug_line.text._malloc_r
                0x00001705       0xdb c:/ti/ccsv6/tools/compiler/gcc_msp430_4.9.14r1_98/bin/../lib/gcc/msp430-elf/4.9.1/../../../../msp430-elf/lib\libc.a(lib_a-nano-mallocr.o)
 .debug_line_end
                0x000017e0        0x0 c:/ti/ccsv6/tools/compiler/gcc_msp430_4.9.14r1_98/bin/../lib/gcc/msp430-elf/4.9.1/../../../../msp430-elf/lib\libc.a(lib_a-nano-mallocr.o)
 .debug_line    0x000017e0      0x171 c:/ti/ccsv6/tools/compiler/gcc_msp430_4.9.14r1_98/bin/../lib/gcc/msp430-elf/4.9.1/../../../../msp430-elf/lib\libc.a(lib_a-sbrkr.o)
 .debug_line.text._sbrk_r
                0x00001951       0x34 c:/ti/ccsv6/tools/compiler/gcc_msp430_4.9.14r1_98/bin/../lib/gcc/msp430-elf/4.9.1/../../../../msp430-elf/lib\libc.a(lib_a-sbrkr.o)
 .debug_line_end
                0x00001985        0x0 c:/ti/ccsv6/tools/compiler/gcc_msp430_4.9.14r1_98/bin/../lib/gcc/msp430-elf/4.9.1/../../../../msp430-elf/lib\libc.a(lib_a-sbrkr.o)
 .debug_line    0x00001985      0x172 c:/ti/ccsv6/tools/compiler/gcc_msp430_4.9.14r1_98/bin/../lib/gcc/msp430-elf/4.9.1/../../../../msp430-elf/lib\libc.a(lib_a-reent.o)
 .debug_line.text.cleanup_glue
                0x00001af7       0x28 c:/ti/ccsv6/tools/compiler/gcc_msp430_4.9.14r1_98/bin/../lib/gcc/msp430-elf/4.9.1/../../../../msp430-elf/lib\libc.a(lib_a-reent.o)
 .debug_line.text._reclaim_reent
                0x00001b1f       0xf8 c:/ti/ccsv6/tools/compiler/gcc_msp430_4.9.14r1_98/bin/../lib/gcc/msp430-elf/4.9.1/../../../../msp430-elf/lib\libc.a(lib_a-reent.o)
 .debug_line_end
                0x00001c17        0x0 c:/ti/ccsv6/tools/compiler/gcc_msp430_4.9.14r1_98/bin/../lib/gcc/msp430-elf/4.9.1/../../../../msp430-elf/lib\libc.a(lib_a-reent.o)
 .debug_line    0x00001c17       0x67 c:/ti/ccsv6/tools/compiler/gcc_msp430_4.9.14r1_98/bin/../lib/gcc/msp430-elf/4.9.1\libgcc.a(_muldi3.o)
 .debug_line.text.__muldi3
                0x00001c7e       0x55 c:/ti/ccsv6/tools/compiler/gcc_msp430_4.9.14r1_98/bin/../lib/gcc/msp430-elf/4.9.1\libgcc.a(_muldi3.o)
 .debug_line_end
                0x00001cd3        0x0 c:/ti/ccsv6/tools/compiler/gcc_msp430_4.9.14r1_98/bin/../lib/gcc/msp430-elf/4.9.1\libgcc.a(_muldi3.o)
 .debug_line    0x00001cd3       0x67 c:/ti/ccsv6/tools/compiler/gcc_msp430_4.9.14r1_98/bin/../lib/gcc/msp430-elf/4.9.1\libgcc.a(_lshrdi3.o)
 .debug_line.text.__lshrdi3
                0x00001d3a       0x53 c:/ti/ccsv6/tools/compiler/gcc_msp430_4.9.14r1_98/bin/../lib/gcc/msp430-elf/4.9.1\libgcc.a(_lshrdi3.o)
 .debug_line_end
                0x00001d8d        0x0 c:/ti/ccsv6/tools/compiler/gcc_msp430_4.9.14r1_98/bin/../lib/gcc/msp430-elf/4.9.1\libgcc.a(_lshrdi3.o)
 .debug_line    0x00001d8d       0x78 c:/ti/ccsv6/tools/compiler/gcc_msp430_4.9.14r1_98/bin/../lib/gcc/msp430-elf/4.9.1\libgcc.a(lib2mul.o)
 .debug_line.text.__mulhi3
                0x00001e05       0x58 c:/ti/ccsv6/tools/compiler/gcc_msp430_4.9.14r1_98/bin/../lib/gcc/msp430-elf/4.9.1\libgcc.a(lib2mul.o)
 .debug_line.text.__mulqi3
                0x00001e5d       0x58 c:/ti/ccsv6/tools/compiler/gcc_msp430_4.9.14r1_98/bin/../lib/gcc/msp430-elf/4.9.1\libgcc.a(lib2mul.o)
 .debug_line.text.__mulsi3
                0x00001eb5       0x58 c:/ti/ccsv6/tools/compiler/gcc_msp430_4.9.14r1_98/bin/../lib/gcc/msp430-elf/4.9.1\libgcc.a(lib2mul.o)
 .debug_line_end
                0x00001f0d        0x0 c:/ti/ccsv6/tools/compiler/gcc_msp430_4.9.14r1_98/bin/../lib/gcc/msp430-elf/4.9.1\libgcc.a(lib2mul.o)
 .debug_line    0x00001f0d       0x82 c:/ti/ccsv6/tools/compiler/gcc_msp430_4.9.14r1_98/bin/../lib/gcc/msp430-elf/4.9.1/../../../../msp430-elf/lib\libcrt.a(crt_bss.o)
 .debug_line    0x00001f8f       0x7d c:/ti/ccsv6/tools/compiler/gcc_msp430_4.9.14r1_98/bin/../lib/gcc/msp430-elf/4.9.1/../../../../msp430-elf/lib\libcrt.a(crt_main.o)
 .debug_line    0x0000200c       0xa8 c:/ti/ccsv6/tools/compiler/gcc_msp430_4.9.14r1_98/bin/../lib/gcc/msp430-elf/4.9.1/../../../../msp430-elf/lib\libnosys.a(sbrk.o)
 .debug_line    0x000020b4       0xe0 c:/ti/ccsv6/tools/compiler/gcc_msp430_4.9.14r1_98/bin/../lib/gcc/msp430-elf/4.9.1/../../../../msp430-elf/lib\libnosys.a(write.o)
 .debug_line    0x00002194       0x75 c:/ti/ccsv6/tools/compiler/gcc_msp430_4.9.14r1_98/bin/../lib/gcc/msp430-elf/4.9.1/../../../../msp430-elf/lib\libnosys.a(cio.o)
 .debug_line    0x00002209      0x106 c:/ti/ccsv6/tools/compiler/gcc_msp430_4.9.14r1_98/bin/../lib/gcc/msp430-elf/4.9.1/../../../../msp430-elf/lib\libc.a(lib_a-abort.o)
 .debug_line.text.abort
                0x0000230f       0x1c c:/ti/ccsv6/tools/compiler/gcc_msp430_4.9.14r1_98/bin/../lib/gcc/msp430-elf/4.9.1/../../../../msp430-elf/lib\libc.a(lib_a-abort.o)
 .debug_line_end
                0x0000232b        0x0 c:/ti/ccsv6/tools/compiler/gcc_msp430_4.9.14r1_98/bin/../lib/gcc/msp430-elf/4.9.1/../../../../msp430-elf/lib\libc.a(lib_a-abort.o)
 .debug_line    0x0000232b      0x112 c:/ti/ccsv6/tools/compiler/gcc_msp430_4.9.14r1_98/bin/../lib/gcc/msp430-elf/4.9.1/../../../../msp430-elf/lib\libc.a(lib_a-memcpy.o)
 .debug_line.text.memcpy
                0x0000243d       0x22 c:/ti/ccsv6/tools/compiler/gcc_msp430_4.9.14r1_98/bin/../lib/gcc/msp430-elf/4.9.1/../../../../msp430-elf/lib\libc.a(lib_a-memcpy.o)
 .debug_line_end
                0x0000245f        0x0 c:/ti/ccsv6/tools/compiler/gcc_msp430_4.9.14r1_98/bin/../lib/gcc/msp430-elf/4.9.1/../../../../msp430-elf/lib\libc.a(lib_a-memcpy.o)
 .debug_line    0x0000245f      0x197 c:/ti/ccsv6/tools/compiler/gcc_msp430_4.9.14r1_98/bin/../lib/gcc/msp430-elf/4.9.1/../../../../msp430-elf/lib\libc.a(lib_a-signal.o)
 .debug_line.text._init_signal_r
                0x000025f6       0x41 c:/ti/ccsv6/tools/compiler/gcc_msp430_4.9.14r1_98/bin/../lib/gcc/msp430-elf/4.9.1/../../../../msp430-elf/lib\libc.a(lib_a-signal.o)
 .debug_line.text._signal_r
                0x00002637       0x51 c:/ti/ccsv6/tools/compiler/gcc_msp430_4.9.14r1_98/bin/../lib/gcc/msp430-elf/4.9.1/../../../../msp430-elf/lib\libc.a(lib_a-signal.o)
 .debug_line.text._raise_r
                0x00002688       0x71 c:/ti/ccsv6/tools/compiler/gcc_msp430_4.9.14r1_98/bin/../lib/gcc/msp430-elf/4.9.1/../../../../msp430-elf/lib\libc.a(lib_a-signal.o)
 .debug_line.text.__sigtramp_r
                0x000026f9       0x6f c:/ti/ccsv6/tools/compiler/gcc_msp430_4.9.14r1_98/bin/../lib/gcc/msp430-elf/4.9.1/../../../../msp430-elf/lib\libc.a(lib_a-signal.o)
 .debug_line.text.raise
                0x00002768       0x1d c:/ti/ccsv6/tools/compiler/gcc_msp430_4.9.14r1_98/bin/../lib/gcc/msp430-elf/4.9.1/../../../../msp430-elf/lib\libc.a(lib_a-signal.o)
 .debug_line.text.signal
                0x00002785       0x1d c:/ti/ccsv6/tools/compiler/gcc_msp430_4.9.14r1_98/bin/../lib/gcc/msp430-elf/4.9.1/../../../../msp430-elf/lib\libc.a(lib_a-signal.o)
 .debug_line.text._init_signal
                0x000027a2       0x1d c:/ti/ccsv6/tools/compiler/gcc_msp430_4.9.14r1_98/bin/../lib/gcc/msp430-elf/4.9.1/../../../../msp430-elf/lib\libc.a(lib_a-signal.o)
 .debug_line.text.__sigtramp
                0x000027bf       0x1d c:/ti/ccsv6/tools/compiler/gcc_msp430_4.9.14r1_98/bin/../lib/gcc/msp430-elf/4.9.1/../../../../msp430-elf/lib\libc.a(lib_a-signal.o)
 .debug_line_end
                0x000027dc        0x0 c:/ti/ccsv6/tools/compiler/gcc_msp430_4.9.14r1_98/bin/../lib/gcc/msp430-elf/4.9.1/../../../../msp430-elf/lib\libc.a(lib_a-signal.o)
 .debug_line    0x000027dc      0x18a c:/ti/ccsv6/tools/compiler/gcc_msp430_4.9.14r1_98/bin/../lib/gcc/msp430-elf/4.9.1/../../../../msp430-elf/lib\libc.a(lib_a-signalr.o)
 .debug_line.text._kill_r
                0x00002966       0x34 c:/ti/ccsv6/tools/compiler/gcc_msp430_4.9.14r1_98/bin/../lib/gcc/msp430-elf/4.9.1/../../../../msp430-elf/lib\libc.a(lib_a-signalr.o)
 .debug_line.text._getpid_r
                0x0000299a       0x1d c:/ti/ccsv6/tools/compiler/gcc_msp430_4.9.14r1_98/bin/../lib/gcc/msp430-elf/4.9.1/../../../../msp430-elf/lib\libc.a(lib_a-signalr.o)
 .debug_line_end
                0x000029b7        0x0 c:/ti/ccsv6/tools/compiler/gcc_msp430_4.9.14r1_98/bin/../lib/gcc/msp430-elf/4.9.1/../../../../msp430-elf/lib\libc.a(lib_a-signalr.o)
 .debug_line    0x000029b7       0xb2 c:/ti/ccsv6/tools/compiler/gcc_msp430_4.9.14r1_98/bin/../lib/gcc/msp430-elf/4.9.1/../../../../msp430-elf/lib\libnosys.a(nosyscalls.o)
 .debug_line    0x00002a69      0x134 c:/ti/ccsv6/tools/compiler/gcc_msp430_4.9.14r1_98/bin/../lib/gcc/msp430-elf/4.9.1/../../../../msp430-elf/lib\libc.a(lib_a-errno.o)
 .debug_line.text.__errno
                0x00002b9d       0x16 c:/ti/ccsv6/tools/compiler/gcc_msp430_4.9.14r1_98/bin/../lib/gcc/msp430-elf/4.9.1/../../../../msp430-elf/lib\libc.a(lib_a-errno.o)
 .debug_line_end
                0x00002bb3        0x0 c:/ti/ccsv6/tools/compiler/gcc_msp430_4.9.14r1_98/bin/../lib/gcc/msp430-elf/4.9.1/../../../../msp430-elf/lib\libc.a(lib_a-errno.o)
 .debug_line    0x00002bb3       0x8c c:/ti/ccsv6/tools/compiler/gcc_msp430_4.9.14r1_98/bin/../lib/gcc/msp430-elf/4.9.1/../../../../msp430-elf/lib/crtn.o

.debug_frame    0x00000000      0x66c
 *(.debug_frame)
 .debug_frame   0x00000000       0xd4 ./led_drive.o
 .debug_frame   0x000000d4       0x8c ./main.o
 .debug_frame   0x00000160       0xbc ./sensor.o
 .debug_frame   0x0000021c       0x24 c:/ti/ccsv6/tools/compiler/gcc_msp430_4.9.14r1_98/bin/../lib/gcc/msp430-elf/4.9.1/../../../../msp430-elf/lib\libc.a(lib_a-memset.o)
 .debug_frame   0x00000240       0x58 c:/ti/ccsv6/tools/compiler/gcc_msp430_4.9.14r1_98/bin/../lib/gcc/msp430-elf/4.9.1/../../../../msp430-elf/lib\libc.a(lib_a-rand.o)
 .debug_frame   0x00000298       0x34 c:/ti/ccsv6/tools/compiler/gcc_msp430_4.9.14r1_98/bin/../lib/gcc/msp430-elf/4.9.1/../../../../msp430-elf/lib\libc.a(lib_a-malloc.o)
 .debug_frame   0x000002cc       0x30 c:/ti/ccsv6/tools/compiler/gcc_msp430_4.9.14r1_98/bin/../lib/gcc/msp430-elf/4.9.1/../../../../msp430-elf/lib\libc.a(lib_a-nano-freer.o)
 .debug_frame   0x000002fc       0x34 c:/ti/ccsv6/tools/compiler/gcc_msp430_4.9.14r1_98/bin/../lib/gcc/msp430-elf/4.9.1/../../../../msp430-elf/lib\libc.a(lib_a-nano-mallocr.o)
 .debug_frame   0x00000330       0x30 c:/ti/ccsv6/tools/compiler/gcc_msp430_4.9.14r1_98/bin/../lib/gcc/msp430-elf/4.9.1/../../../../msp430-elf/lib\libc.a(lib_a-sbrkr.o)
 .debug_frame   0x00000360       0x50 c:/ti/ccsv6/tools/compiler/gcc_msp430_4.9.14r1_98/bin/../lib/gcc/msp430-elf/4.9.1/../../../../msp430-elf/lib\libc.a(lib_a-reent.o)
 .debug_frame   0x000003b0       0x40 c:/ti/ccsv6/tools/compiler/gcc_msp430_4.9.14r1_98/bin/../lib/gcc/msp430-elf/4.9.1\libgcc.a(_muldi3.o)
 .debug_frame   0x000003f0       0x40 c:/ti/ccsv6/tools/compiler/gcc_msp430_4.9.14r1_98/bin/../lib/gcc/msp430-elf/4.9.1\libgcc.a(_lshrdi3.o)
 .debug_frame   0x00000430       0x54 c:/ti/ccsv6/tools/compiler/gcc_msp430_4.9.14r1_98/bin/../lib/gcc/msp430-elf/4.9.1\libgcc.a(lib2mul.o)
 .debug_frame   0x00000484       0x2c c:/ti/ccsv6/tools/compiler/gcc_msp430_4.9.14r1_98/bin/../lib/gcc/msp430-elf/4.9.1/../../../../msp430-elf/lib\libnosys.a(sbrk.o)
 .debug_frame   0x000004b0       0x3c c:/ti/ccsv6/tools/compiler/gcc_msp430_4.9.14r1_98/bin/../lib/gcc/msp430-elf/4.9.1/../../../../msp430-elf/lib\libnosys.a(write.o)
 .debug_frame   0x000004ec       0x24 c:/ti/ccsv6/tools/compiler/gcc_msp430_4.9.14r1_98/bin/../lib/gcc/msp430-elf/4.9.1/../../../../msp430-elf/lib\libc.a(lib_a-abort.o)
 .debug_frame   0x00000510       0x30 c:/ti/ccsv6/tools/compiler/gcc_msp430_4.9.14r1_98/bin/../lib/gcc/msp430-elf/4.9.1/../../../../msp430-elf/lib\libc.a(lib_a-memcpy.o)
 .debug_frame   0x00000540       0xc8 c:/ti/ccsv6/tools/compiler/gcc_msp430_4.9.14r1_98/bin/../lib/gcc/msp430-elf/4.9.1/../../../../msp430-elf/lib\libc.a(lib_a-signal.o)
 .debug_frame   0x00000608       0x40 c:/ti/ccsv6/tools/compiler/gcc_msp430_4.9.14r1_98/bin/../lib/gcc/msp430-elf/4.9.1/../../../../msp430-elf/lib\libc.a(lib_a-signalr.o)
 .debug_frame   0x00000648       0x24 c:/ti/ccsv6/tools/compiler/gcc_msp430_4.9.14r1_98/bin/../lib/gcc/msp430-elf/4.9.1/../../../../msp430-elf/lib\libc.a(lib_a-errno.o)

.debug_str      0x00000000     0x134a
 *(.debug_str)
 .debug_str     0x00000000      0x1be ./led_drive.o
                                0x20e (size before relaxing)
 .debug_str     0x000001be      0x2c3 ./main.o
                                0x45b (size before relaxing)
 .debug_str     0x00000481       0xf4 ./sensor.o
                                0x302 (size before relaxing)
 .debug_str     0x00000575      0x103 c:/ti/ccsv6/tools/compiler/gcc_msp430_4.9.14r1_98/bin/../lib/gcc/msp430-elf/4.9.1/../../../../msp430-elf/lib\libc.a(lib_a-memset.o)
                                0x19c (size before relaxing)
 .debug_str     0x00000678      0x3c1 c:/ti/ccsv6/tools/compiler/gcc_msp430_4.9.14r1_98/bin/../lib/gcc/msp430-elf/4.9.1/../../../../msp430-elf/lib\libc.a(lib_a-rand.o)
                                0x56a (size before relaxing)
 .debug_str     0x00000a39       0xa2 c:/ti/ccsv6/tools/compiler/gcc_msp430_4.9.14r1_98/bin/../lib/gcc/msp430-elf/4.9.1/../../../../msp430-elf/lib\libc.a(lib_a-impure.o)
                                0x5a5 (size before relaxing)
 .debug_str     0x00000adb       0x63 c:/ti/ccsv6/tools/compiler/gcc_msp430_4.9.14r1_98/bin/../lib/gcc/msp430-elf/4.9.1/../../../../msp430-elf/lib\libc.a(lib_a-malloc.o)
                                0x579 (size before relaxing)
 .debug_str     0x00000b3e       0xa7 c:/ti/ccsv6/tools/compiler/gcc_msp430_4.9.14r1_98/bin/../lib/gcc/msp430-elf/4.9.1/../../../../msp430-elf/lib\libc.a(lib_a-nano-freer.o)
                                0x5bd (size before relaxing)
 .debug_str     0x00000be5       0x50 c:/ti/ccsv6/tools/compiler/gcc_msp430_4.9.14r1_98/bin/../lib/gcc/msp430-elf/4.9.1/../../../../msp430-elf/lib\libc.a(lib_a-nano-mallocr.o)
                                0x5f2 (size before relaxing)
 .debug_str     0x00000c35       0x48 c:/ti/ccsv6/tools/compiler/gcc_msp430_4.9.14r1_98/bin/../lib/gcc/msp430-elf/4.9.1/../../../../msp430-elf/lib\libc.a(lib_a-sbrkr.o)
                                0x55c (size before relaxing)
 .debug_str     0x00000c7d       0x6f c:/ti/ccsv6/tools/compiler/gcc_msp430_4.9.14r1_98/bin/../lib/gcc/msp430-elf/4.9.1/../../../../msp430-elf/lib\libc.a(lib_a-reent.o)
                                0x585 (size before relaxing)
 .debug_str     0x00000cec      0x203 c:/ti/ccsv6/tools/compiler/gcc_msp430_4.9.14r1_98/bin/../lib/gcc/msp430-elf/4.9.1\libgcc.a(_muldi3.o)
                                0x28c (size before relaxing)
 .debug_str     0x00000eef       0x23 c:/ti/ccsv6/tools/compiler/gcc_msp430_4.9.14r1_98/bin/../lib/gcc/msp430-elf/4.9.1\libgcc.a(_lshrdi3.o)
                                0x27e (size before relaxing)
 .debug_str     0x00000f12       0x87 c:/ti/ccsv6/tools/compiler/gcc_msp430_4.9.14r1_98/bin/../lib/gcc/msp430-elf/4.9.1\libgcc.a(lib2mul.o)
                                0x1b3 (size before relaxing)
 .debug_str     0x00000f99      0x13e c:/ti/ccsv6/tools/compiler/gcc_msp430_4.9.14r1_98/bin/../lib/gcc/msp430-elf/4.9.1/../../../../msp430-elf/lib\libnosys.a(sbrk.o)
                                0x149 (size before relaxing)
 .debug_str     0x000010d7       0x76 c:/ti/ccsv6/tools/compiler/gcc_msp430_4.9.14r1_98/bin/../lib/gcc/msp430-elf/4.9.1/../../../../msp430-elf/lib\libnosys.a(write.o)
                                0x196 (size before relaxing)
 .debug_str     0x0000114d       0x50 c:/ti/ccsv6/tools/compiler/gcc_msp430_4.9.14r1_98/bin/../lib/gcc/msp430-elf/4.9.1/../../../../msp430-elf/lib\libc.a(lib_a-abort.o)
                                0x19f (size before relaxing)
 .debug_str     0x0000119d       0x60 c:/ti/ccsv6/tools/compiler/gcc_msp430_4.9.14r1_98/bin/../lib/gcc/msp430-elf/4.9.1/../../../../msp430-elf/lib\libc.a(lib_a-memcpy.o)
                                0x1b0 (size before relaxing)
 .debug_str     0x000011fd       0xab c:/ti/ccsv6/tools/compiler/gcc_msp430_4.9.14r1_98/bin/../lib/gcc/msp430-elf/4.9.1/../../../../msp430-elf/lib\libc.a(lib_a-signal.o)
                                0x5db (size before relaxing)
 .debug_str     0x000012a8       0x57 c:/ti/ccsv6/tools/compiler/gcc_msp430_4.9.14r1_98/bin/../lib/gcc/msp430-elf/4.9.1/../../../../msp430-elf/lib\libc.a(lib_a-signalr.o)
                                0x566 (size before relaxing)
 .debug_str     0x000012ff       0x4b c:/ti/ccsv6/tools/compiler/gcc_msp430_4.9.14r1_98/bin/../lib/gcc/msp430-elf/4.9.1/../../../../msp430-elf/lib\libc.a(lib_a-errno.o)
                                0x54e (size before relaxing)

.debug_loc      0x00000000     0x14a4
 *(.debug_loc)
 .debug_loc     0x00000000      0x38d ./led_drive.o
 .debug_loc     0x0000038d       0x14 ./main.o
 .debug_loc     0x000003a1      0x33b ./sensor.o
 .debug_loc     0x000006dc       0x87 c:/ti/ccsv6/tools/compiler/gcc_msp430_4.9.14r1_98/bin/../lib/gcc/msp430-elf/4.9.1/../../../../msp430-elf/lib\libc.a(lib_a-memset.o)
 .debug_loc     0x00000763       0x57 c:/ti/ccsv6/tools/compiler/gcc_msp430_4.9.14r1_98/bin/../lib/gcc/msp430-elf/4.9.1/../../../../msp430-elf/lib\libc.a(lib_a-rand.o)
 .debug_loc     0x000007ba       0x58 c:/ti/ccsv6/tools/compiler/gcc_msp430_4.9.14r1_98/bin/../lib/gcc/msp430-elf/4.9.1/../../../../msp430-elf/lib\libc.a(lib_a-malloc.o)
 .debug_loc     0x00000812       0xef c:/ti/ccsv6/tools/compiler/gcc_msp430_4.9.14r1_98/bin/../lib/gcc/msp430-elf/4.9.1/../../../../msp430-elf/lib\libc.a(lib_a-nano-freer.o)
 .debug_loc     0x00000901      0x219 c:/ti/ccsv6/tools/compiler/gcc_msp430_4.9.14r1_98/bin/../lib/gcc/msp430-elf/4.9.1/../../../../msp430-elf/lib\libc.a(lib_a-nano-mallocr.o)
 .debug_loc     0x00000b1a       0x3f c:/ti/ccsv6/tools/compiler/gcc_msp430_4.9.14r1_98/bin/../lib/gcc/msp430-elf/4.9.1/../../../../msp430-elf/lib\libc.a(lib_a-sbrkr.o)
 .debug_loc     0x00000b59       0xa4 c:/ti/ccsv6/tools/compiler/gcc_msp430_4.9.14r1_98/bin/../lib/gcc/msp430-elf/4.9.1/../../../../msp430-elf/lib\libc.a(lib_a-reent.o)
 .debug_loc     0x00000bfd       0xff c:/ti/ccsv6/tools/compiler/gcc_msp430_4.9.14r1_98/bin/../lib/gcc/msp430-elf/4.9.1\libgcc.a(_muldi3.o)
 .debug_loc     0x00000cfc       0xaf c:/ti/ccsv6/tools/compiler/gcc_msp430_4.9.14r1_98/bin/../lib/gcc/msp430-elf/4.9.1\libgcc.a(_lshrdi3.o)
 .debug_loc     0x00000dab      0x1d8 c:/ti/ccsv6/tools/compiler/gcc_msp430_4.9.14r1_98/bin/../lib/gcc/msp430-elf/4.9.1\libgcc.a(lib2mul.o)
 .debug_loc     0x00000f83       0x43 c:/ti/ccsv6/tools/compiler/gcc_msp430_4.9.14r1_98/bin/../lib/gcc/msp430-elf/4.9.1/../../../../msp430-elf/lib\libnosys.a(sbrk.o)
 .debug_loc     0x00000fc6       0xb9 c:/ti/ccsv6/tools/compiler/gcc_msp430_4.9.14r1_98/bin/../lib/gcc/msp430-elf/4.9.1/../../../../msp430-elf/lib\libnosys.a(write.o)
 .debug_loc     0x0000107f       0xcf c:/ti/ccsv6/tools/compiler/gcc_msp430_4.9.14r1_98/bin/../lib/gcc/msp430-elf/4.9.1/../../../../msp430-elf/lib\libc.a(lib_a-memcpy.o)
 .debug_loc     0x0000114e      0x2ca c:/ti/ccsv6/tools/compiler/gcc_msp430_4.9.14r1_98/bin/../lib/gcc/msp430-elf/4.9.1/../../../../msp430-elf/lib\libc.a(lib_a-signal.o)
 .debug_loc     0x00001418       0x8c c:/ti/ccsv6/tools/compiler/gcc_msp430_4.9.14r1_98/bin/../lib/gcc/msp430-elf/4.9.1/../../../../msp430-elf/lib\libc.a(lib_a-signalr.o)

.debug_macinfo
 *(.debug_macinfo)

.debug_weaknames
 *(.debug_weaknames)

.debug_funcnames
 *(.debug_funcnames)

.debug_typenames
 *(.debug_typenames)

.debug_varnames
 *(.debug_varnames)

.debug_pubtypes
 *(.debug_pubtypes)

.debug_ranges   0x00000000      0x1e8
 *(.debug_ranges)
 .debug_ranges  0x00000000       0x28 c:/ti/ccsv6/tools/compiler/gcc_msp430_4.9.14r1_98/bin/../lib/gcc/msp430-elf/4.9.1/../../../../msp430-elf/lib/crt0.o
 .debug_ranges  0x00000028       0x10 c:/ti/ccsv6/tools/compiler/gcc_msp430_4.9.14r1_98/bin/../lib/gcc/msp430-elf/4.9.1/../../../../msp430-elf/lib\libc.a(lib_a-memset.o)
 .debug_ranges  0x00000038       0x18 c:/ti/ccsv6/tools/compiler/gcc_msp430_4.9.14r1_98/bin/../lib/gcc/msp430-elf/4.9.1/../../../../msp430-elf/lib\libc.a(lib_a-rand.o)
 .debug_ranges  0x00000050       0x18 c:/ti/ccsv6/tools/compiler/gcc_msp430_4.9.14r1_98/bin/../lib/gcc/msp430-elf/4.9.1/../../../../msp430-elf/lib\libc.a(lib_a-malloc.o)
 .debug_ranges  0x00000068       0x10 c:/ti/ccsv6/tools/compiler/gcc_msp430_4.9.14r1_98/bin/../lib/gcc/msp430-elf/4.9.1/../../../../msp430-elf/lib\libc.a(lib_a-nano-freer.o)
 .debug_ranges  0x00000078       0x28 c:/ti/ccsv6/tools/compiler/gcc_msp430_4.9.14r1_98/bin/../lib/gcc/msp430-elf/4.9.1/../../../../msp430-elf/lib\libc.a(lib_a-nano-mallocr.o)
 .debug_ranges  0x000000a0       0x10 c:/ti/ccsv6/tools/compiler/gcc_msp430_4.9.14r1_98/bin/../lib/gcc/msp430-elf/4.9.1/../../../../msp430-elf/lib\libc.a(lib_a-sbrkr.o)
 .debug_ranges  0x000000b0       0x18 c:/ti/ccsv6/tools/compiler/gcc_msp430_4.9.14r1_98/bin/../lib/gcc/msp430-elf/4.9.1/../../../../msp430-elf/lib\libc.a(lib_a-reent.o)
 .debug_ranges  0x000000c8       0x10 c:/ti/ccsv6/tools/compiler/gcc_msp430_4.9.14r1_98/bin/../lib/gcc/msp430-elf/4.9.1\libgcc.a(_muldi3.o)
 .debug_ranges  0x000000d8       0x10 c:/ti/ccsv6/tools/compiler/gcc_msp430_4.9.14r1_98/bin/../lib/gcc/msp430-elf/4.9.1\libgcc.a(_lshrdi3.o)
 .debug_ranges  0x000000e8       0x20 c:/ti/ccsv6/tools/compiler/gcc_msp430_4.9.14r1_98/bin/../lib/gcc/msp430-elf/4.9.1\libgcc.a(lib2mul.o)
 .debug_ranges  0x00000108       0x30 c:/ti/ccsv6/tools/compiler/gcc_msp430_4.9.14r1_98/bin/../lib/gcc/msp430-elf/4.9.1/../../../../msp430-elf/lib\libnosys.a(write.o)
 .debug_ranges  0x00000138       0x10 c:/ti/ccsv6/tools/compiler/gcc_msp430_4.9.14r1_98/bin/../lib/gcc/msp430-elf/4.9.1/../../../../msp430-elf/lib\libc.a(lib_a-abort.o)
 .debug_ranges  0x00000148       0x10 c:/ti/ccsv6/tools/compiler/gcc_msp430_4.9.14r1_98/bin/../lib/gcc/msp430-elf/4.9.1/../../../../msp430-elf/lib\libc.a(lib_a-memcpy.o)
 .debug_ranges  0x00000158       0x48 c:/ti/ccsv6/tools/compiler/gcc_msp430_4.9.14r1_98/bin/../lib/gcc/msp430-elf/4.9.1/../../../../msp430-elf/lib\libc.a(lib_a-signal.o)
 .debug_ranges  0x000001a0       0x18 c:/ti/ccsv6/tools/compiler/gcc_msp430_4.9.14r1_98/bin/../lib/gcc/msp430-elf/4.9.1/../../../../msp430-elf/lib\libc.a(lib_a-signalr.o)
 .debug_ranges  0x000001b8       0x10 c:/ti/ccsv6/tools/compiler/gcc_msp430_4.9.14r1_98/bin/../lib/gcc/msp430-elf/4.9.1/../../../../msp430-elf/lib\libc.a(lib_a-errno.o)
 .debug_ranges  0x000001c8       0x20 c:/ti/ccsv6/tools/compiler/gcc_msp430_4.9.14r1_98/bin/../lib/gcc/msp430-elf/4.9.1/../../../../msp430-elf/lib/crtn.o

.debug_macro
 *(.debug_macro)

/DISCARD/
 *(.note.GNU-stack)
OUTPUT(ProxBox.out elf32-msp430)