Archive member included because of file (symbol)

c:/ti/ccsv6/tools/compiler/gcc_msp430_4.9.14r1_98/bin/../lib/gcc/msp430-elf/4.9.1/../../../../msp430-elf/lib\libc.a(lib_a-rand.o)
                              ./main.o (srand)
c:/ti/ccsv6/tools/compiler/gcc_msp430_4.9.14r1_98/bin/../lib/gcc/msp430-elf/4.9.1/../../../../msp430-elf/lib\libc.a(lib_a-impure.o)
                              c:/ti/ccsv6/tools/compiler/gcc_msp430_4.9.14r1_98/bin/../lib/gcc/msp430-elf/4.9.1/../../../../msp430-elf/lib\libc.a(lib_a-rand.o) (_impure_ptr)
c:/ti/ccsv6/tools/compiler/gcc_msp430_4.9.14r1_98/bin/../lib/gcc/msp430-elf/4.9.1/../../../../msp430-elf/lib\libc.a(lib_a-malloc.o)
                              c:/ti/ccsv6/tools/compiler/gcc_msp430_4.9.14r1_98/bin/../lib/gcc/msp430-elf/4.9.1/../../../../msp430-elf/lib\libc.a(lib_a-rand.o) (malloc)
c:/ti/ccsv6/tools/compiler/gcc_msp430_4.9.14r1_98/bin/../lib/gcc/msp430-elf/4.9.1/../../../../msp430-elf/lib\libc.a(lib_a-nano-freer.o)
                              c:/ti/ccsv6/tools/compiler/gcc_msp430_4.9.14r1_98/bin/../lib/gcc/msp430-elf/4.9.1/../../../../msp430-elf/lib\libc.a(lib_a-malloc.o) (_free_r)
c:/ti/ccsv6/tools/compiler/gcc_msp430_4.9.14r1_98/bin/../lib/gcc/msp430-elf/4.9.1/../../../../msp430-elf/lib\libc.a(lib_a-nano-mallocr.o)
                              c:/ti/ccsv6/tools/compiler/gcc_msp430_4.9.14r1_98/bin/../lib/gcc/msp430-elf/4.9.1/../../../../msp430-elf/lib\libc.a(lib_a-malloc.o) (_malloc_r)
c:/ti/ccsv6/tools/compiler/gcc_msp430_4.9.14r1_98/bin/../lib/gcc/msp430-elf/4.9.1/../../../../msp430-elf/lib\libc.a(lib_a-sbrkr.o)
                              c:/ti/ccsv6/tools/compiler/gcc_msp430_4.9.14r1_98/bin/../lib/gcc/msp430-elf/4.9.1/../../../../msp430-elf/lib\libc.a(lib_a-nano-mallocr.o) (_sbrk_r)
c:/ti/ccsv6/tools/compiler/gcc_msp430_4.9.14r1_98/bin/../lib/gcc/msp430-elf/4.9.1/../../../../msp430-elf/lib\libc.a(lib_a-reent.o)
                              c:/ti/ccsv6/tools/compiler/gcc_msp430_4.9.14r1_98/bin/../lib/gcc/msp430-elf/4.9.1/../../../../msp430-elf/lib\libc.a(lib_a-sbrkr.o) (errno)
c:/ti/ccsv6/tools/compiler/gcc_msp430_4.9.14r1_98/bin/../lib/gcc/msp430-elf/4.9.1\libgcc.a(_muldi3.o)
                              c:/ti/ccsv6/tools/compiler/gcc_msp430_4.9.14r1_98/bin/../lib/gcc/msp430-elf/4.9.1/../../../../msp430-elf/lib\libc.a(lib_a-rand.o) (__mspabi_mpyll)
c:/ti/ccsv6/tools/compiler/gcc_msp430_4.9.14r1_98/bin/../lib/gcc/msp430-elf/4.9.1\libgcc.a(_lshrdi3.o)
                              c:/ti/ccsv6/tools/compiler/gcc_msp430_4.9.14r1_98/bin/../lib/gcc/msp430-elf/4.9.1/../../../../msp430-elf/lib\libc.a(lib_a-rand.o) (__lshrdi3)
c:/ti/ccsv6/tools/compiler/gcc_msp430_4.9.14r1_98/bin/../lib/gcc/msp430-elf/4.9.1\libgcc.a(lib2mul.o)
                              c:/ti/ccsv6/tools/compiler/gcc_msp430_4.9.14r1_98/bin/../lib/gcc/msp430-elf/4.9.1\libgcc.a(_muldi3.o) (__mspabi_mpyl)
c:/ti/ccsv6/tools/compiler/gcc_msp430_4.9.14r1_98/bin/../lib/gcc/msp430-elf/4.9.1\libgcc.a(slli.o)
                              c:/ti/ccsv6/tools/compiler/gcc_msp430_4.9.14r1_98/bin/../lib/gcc/msp430-elf/4.9.1\libgcc.a(_muldi3.o) (__mspabi_slll)
c:/ti/ccsv6/tools/compiler/gcc_msp430_4.9.14r1_98/bin/../lib/gcc/msp430-elf/4.9.1\libgcc.a(srli.o)
                              c:/ti/ccsv6/tools/compiler/gcc_msp430_4.9.14r1_98/bin/../lib/gcc/msp430-elf/4.9.1\libgcc.a(_muldi3.o) (__mspabi_srll)
c:/ti/ccsv6/tools/compiler/gcc_msp430_4.9.14r1_98/bin/../lib/gcc/msp430-elf/4.9.1/../../../../msp430-elf/lib\libcrt.a(crt_bss.o)
                              c:/ti/ccsv6/tools/compiler/gcc_msp430_4.9.14r1_98/bin/../lib/gcc/msp430-elf/4.9.1/crtbegin.o (__crt0_init_bss)
c:/ti/ccsv6/tools/compiler/gcc_msp430_4.9.14r1_98/bin/../lib/gcc/msp430-elf/4.9.1/../../../../msp430-elf/lib\libcrt.a(crt_main.o)
                              c:/ti/ccsv6/tools/compiler/gcc_msp430_4.9.14r1_98/bin/../lib/gcc/msp430-elf/4.9.1/../../../../msp430-elf/lib/crt0.o (__crt0_call_init_then_main)
c:/ti/ccsv6/tools/compiler/gcc_msp430_4.9.14r1_98/bin/../lib/gcc/msp430-elf/4.9.1/../../../../msp430-elf/lib\libnosys.a(sbrk.o)
                              c:/ti/ccsv6/tools/compiler/gcc_msp430_4.9.14r1_98/bin/../lib/gcc/msp430-elf/4.9.1/../../../../msp430-elf/lib\libc.a(lib_a-sbrkr.o) (sbrk)
c:/ti/ccsv6/tools/compiler/gcc_msp430_4.9.14r1_98/bin/../lib/gcc/msp430-elf/4.9.1/../../../../msp430-elf/lib\libnosys.a(write.o)
                              c:/ti/ccsv6/tools/compiler/gcc_msp430_4.9.14r1_98/bin/../lib/gcc/msp430-elf/4.9.1/../../../../msp430-elf/lib\libnosys.a(sbrk.o) (write)
c:/ti/ccsv6/tools/compiler/gcc_msp430_4.9.14r1_98/bin/../lib/gcc/msp430-elf/4.9.1/../../../../msp430-elf/lib\libnosys.a(cio.o)
                              c:/ti/ccsv6/tools/compiler/gcc_msp430_4.9.14r1_98/bin/../lib/gcc/msp430-elf/4.9.1/../../../../msp430-elf/lib\libnosys.a(write.o) (__CIOBUF__)
c:/ti/ccsv6/tools/compiler/gcc_msp430_4.9.14r1_98/bin/../lib/gcc/msp430-elf/4.9.1/../../../../msp430-elf/lib\libc.a(lib_a-abort.o)
[...]
Memory Configuration

Name             Origin             Length             Attributes
SFR              0x00000000         0x00000010
PERIPHERAL_8BIT  0x00000010         0x000000f0
PERIPHERAL_16BIT 0x00000100         0x00000100
RAM              0x00002400         0x00002000
INFOMEM          0x00001800         0x00000200
INFOA            0x00001980         0x00000080
INFOB            0x00001900         0x00000080
INFOC            0x00001880         0x00000080
INFOD            0x00001800         0x00000080
ROM              0x00004400         0x0000bb80         xr
VECT1            0x0000ff80         0x00000002
VECT2            0x0000ff82         0x00000002
VECT3            0x0000ff84         0x00000002
VECT4            0x0000ff86         0x00000002
VECT5            0x0000ff88         0x00000002
VECT6            0x0000ff8a         0x00000002
VECT7            0x0000ff8c         0x00000002
VECT8            0x0000ff8e         0x00000002
VECT9            0x0000ff90         0x00000002
VECT10           0x0000ff92         0x00000002
VECT11           0x0000ff94         0x00000002
VECT12           0x0000ff96         0x00000002
VECT13           0x0000ff98         0x00000002
VECT14           0x0000ff9a         0x00000002
VECT15           0x0000ff9c         0x00000002
VECT16           0x0000ff9e         0x00000002
VECT17           0x0000ffa0         0x00000002
VECT18           0x0000ffa2         0x00000002
VECT19           0x0000ffa4         0x00000002
VECT20           0x0000ffa6         0x00000002
VECT21           0x0000ffa8         0x00000002
VECT22           0x0000ffaa         0x00000002
VECT23           0x0000ffac         0x00000002
VECT24           0x0000ffae         0x00000002
VECT25           0x0000ffb0         0x00000002
VECT26           0x0000ffb2         0x00000002
VECT27           0x0000ffb4         0x00000002
VECT28           0x0000ffb6         0x00000002
VECT29           0x0000ffb8         0x00000002
VECT30           0x0000ffba         0x00000002
VECT31           0x0000ffbc         0x00000002
VECT32           0x0000ffbe         0x00000002
VECT33           0x0000ffc0         0x00000002
VECT34           0x0000ffc2         0x00000002
VECT35           0x0000ffc4         0x00000002
VECT36           0x0000ffc6         0x00000002
VECT37           0x0000ffc8         0x00000002
VECT38           0x0000ffca         0x00000002
VECT39           0x0000ffcc         0x00000002
VECT40           0x0000ffce         0x00000002
VECT41           0x0000ffd0         0x00000002
VECT42           0x0000ffd2         0x00000002
VECT43           0x0000ffd4         0x00000002
VECT44           0x0000ffd6         0x00000002
VECT45           0x0000ffd8         0x00000002
VECT46           0x0000ffda         0x00000002
VECT47           0x0000ffdc         0x00000002
VECT48           0x0000ffde         0x00000002
VECT49           0x0000ffe0         0x00000002
VECT50           0x0000ffe2         0x00000002
VECT51           0x0000ffe4         0x00000002
VECT52           0x0000ffe6         0x00000002
VECT53           0x0000ffe8         0x00000002
VECT54           0x0000ffea         0x00000002
VECT55           0x0000ffec         0x00000002
VECT56           0x0000ffee         0x00000002
VECT57           0x0000fff0         0x00000002
VECT58           0x0000fff2         0x00000002
VECT59           0x0000fff4         0x00000002
VECT60           0x0000fff6         0x00000002
VECT61           0x0000fff8         0x00000002
VECT62           0x0000fffa         0x00000002
VECT63           0x0000fffc         0x00000002
RESETVEC         0x0000fffe         0x00000002
BSL              0x00001000         0x00000800
USBRAM           0x00001c00         0x00000800
HIROM            0x00010000         0x000143ff         xr
*default*        0x00000000         0xffffffff

Linker script and memory map

LOAD c:/ti/ccsv6/tools/compiler/gcc_msp430_4.9.14r1_98/bin/../lib/gcc/msp430-elf/4.9.1/../../../../msp430-elf/lib/crt0.o
LOAD c:/ti/ccsv6/tools/compiler/gcc_msp430_4.9.14r1_98/bin/../lib/gcc/msp430-elf/4.9.1/crtbegin.o
LOAD ./led_drive.o
LOAD ./main.o
LOAD ./sensor.o
START GROUP
LOAD c:/ti/ccsv6/tools/compiler/gcc_msp430_4.9.14r1_98/bin/../lib/gcc/msp430-elf/4.9.1/../../../../msp430-elf/lib\libc.a
LOAD c:/ti/ccsv6/tools/compiler/gcc_msp430_4.9.14r1_98/bin/../lib/gcc/msp430-elf/4.9.1\libgcc.a
END GROUP
LOAD c:/ti/ccsv6/tools/compiler/gcc_msp430_4.9.14r1_98/bin/../lib/gcc/msp430-elf/4.9.1\libgcc.a
START GROUP
LOAD c:/ti/ccsv6/tools/compiler/gcc_msp430_4.9.14r1_98/bin/../lib/gcc/msp430-elf/4.9.1/../../../../msp430-elf/lib\libc.a
LOAD c:/ti/ccsv6/tools/compiler/gcc_msp430_4.9.14r1_98/bin/../lib/gcc/msp430-elf/4.9.1\libgcc.a
LOAD c:/ti/ccsv6/tools/compiler/gcc_msp430_4.9.14r1_98/bin/../lib/gcc/msp430-elf/4.9.1/../../../../msp430-elf/lib\libcrt.a
LOAD c:/ti/ccsv6/tools/compiler/gcc_msp430_4.9.14r1_98/bin/../lib/gcc/msp430-elf/4.9.1/../../../../msp430-elf/lib\libnosys.a
END GROUP
LOAD c:/ti/ccsv6/tools/compiler/gcc_msp430_4.9.14r1_98/bin/../lib/gcc/msp430-elf/4.9.1\libgcc.a
LOAD c:/ti/ccsv6/tools/compiler/gcc_msp430_4.9.14r1_98/bin/../lib/gcc/msp430-elf/4.9.1/crtend.o
LOAD c:/ti/ccsv6/tools/compiler/gcc_msp430_4.9.14r1_98/bin/../lib/gcc/msp430-elf/4.9.1/../../../../msp430-elf/lib/crtn.o
LOAD c:/ti/ccsv6/tools/compiler/gcc_msp430_4.9.14r1_98/bin/../lib/gcc/msp430-elf/4.9.1\libgcc.a

__interrupt_vector_1
 *(__interrupt_vector_1)

__interrupt_vector_2
 *(__interrupt_vector_2)

__interrupt_vector_3
 *(__interrupt_vector_3)

__interrupt_vector_4
 *(__interrupt_vector_4)

__interrupt_vector_5
 *(__interrupt_vector_5)

__interrupt_vector_6
 *(__interrupt_vector_6)

__interrupt_vector_7
 *(__interrupt_vector_7)

__interrupt_vector_8
 *(__interrupt_vector_8)

__interrupt_vector_9
 *(__interrupt_vector_9)

__interrupt_vector_10
 *(__interrupt_vector_10)

__interrupt_vector_11
 *(__interrupt_vector_11)

__interrupt_vector_12
 *(__interrupt_vector_12)

__interrupt_vector_13
 *(__interrupt_vector_13)

__interrupt_vector_14
 *(__interrupt_vector_14)

__interrupt_vector_15
 *(__interrupt_vector_15)

__interrupt_vector_16
 *(__interrupt_vector_16)

__interrupt_vector_17
 *(__interrupt_vector_17)

__interrupt_vector_18
 *(__interrupt_vector_18)

__interrupt_vector_19
 *(__interrupt_vector_19)

__interrupt_vector_20
 *(__interrupt_vector_20)

__interrupt_vector_21
 *(__interrupt_vector_21)

__interrupt_vector_22
 *(__interrupt_vector_22)

__interrupt_vector_23
 *(__interrupt_vector_23)

__interrupt_vector_24
 *(__interrupt_vector_24)

__interrupt_vector_25
 *(__interrupt_vector_25)

__interrupt_vector_26
 *(__interrupt_vector_26)

__interrupt_vector_27
 *(__interrupt_vector_27)

__interrupt_vector_28
 *(__interrupt_vector_28)

__interrupt_vector_29
 *(__interrupt_vector_29)

__interrupt_vector_30
 *(__interrupt_vector_30)

__interrupt_vector_31
 *(__interrupt_vector_31)

__interrupt_vector_32
 *(__interrupt_vector_32)

__interrupt_vector_33
 *(__interrupt_vector_33)

__interrupt_vector_34
 *(__interrupt_vector_34)

__interrupt_vector_35
 *(__interrupt_vector_35)

__interrupt_vector_36
 *(__interrupt_vector_36)

__interrupt_vector_37
 *(__interrupt_vector_37)

__interrupt_vector_38
 *(__interrupt_vector_38)

__interrupt_vector_39
 *(__interrupt_vector_39)

__interrupt_vector_40
 *(__interrupt_vector_40)

__interrupt_vector_41
 *(__interrupt_vector_41)

__interrupt_vector_42
 *(__interrupt_vector_42)
 *(__interrupt_vector_rtc)

__interrupt_vector_43
 *(__interrupt_vector_43)
 *(__interrupt_vector_port2)

__interrupt_vector_44
 *(__interrupt_vector_44)
 *(__interrupt_vector_timer2_a1)

__interrupt_vector_45
 *(__interrupt_vector_45)
 *(__interrupt_vector_timer2_a0)

__interrupt_vector_46
 *(__interrupt_vector_46)
 *(__interrupt_vector_usci_b1)

__interrupt_vector_47
 *(__interrupt_vector_47)
 *(__interrupt_vector_usci_a1)

__interrupt_vector_48
 *(__interrupt_vector_48)
 *(__interrupt_vector_port1)

__interrupt_vector_49
 *(__interrupt_vector_49)
 *(__interrupt_vector_timer1_a1)

__interrupt_vector_50
 *(__interrupt_vector_50)
 *(__interrupt_vector_timer1_a0)

__interrupt_vector_51
 *(__interrupt_vector_51)
 *(__interrupt_vector_dma)

__interrupt_vector_52
 *(__interrupt_vector_52)
 *(__interrupt_vector_usb_ubm)

__interrupt_vector_53
 *(__interrupt_vector_53)
 *(__interrupt_vector_timer0_a1)

__interrupt_vector_54
 *(__interrupt_vector_54)
 *(__interrupt_vector_timer0_a0)

__interrupt_vector_55
 *(__interrupt_vector_55)
 *(__interrupt_vector_adc12)

__interrupt_vector_56
 *(__interrupt_vector_56)
 *(__interrupt_vector_usci_b0)

__interrupt_vector_57
 *(__interrupt_vector_57)
 *(__interrupt_vector_usci_a0)

__interrupt_vector_58
 *(__interrupt_vector_58)
 *(__interrupt_vector_wdt)

__interrupt_vector_59
 *(__interrupt_vector_59)
 *(__interrupt_vector_timer0_b1)

__interrupt_vector_60
 *(__interrupt_vector_60)
 *(__interrupt_vector_timer0_b0)

__interrupt_vector_61
 *(__interrupt_vector_61)
 *(__interrupt_vector_comp_b)

__interrupt_vector_62
 *(__interrupt_vector_62)
 *(__interrupt_vector_unmi)

__interrupt_vector_63
 *(__interrupt_vector_63)
 *(__interrupt_vector_sysnmi)

__reset_vector  0x0000fffe        0x2
 *(__interrupt_vector_64)
 *(__interrupt_vector_reset)
 *(.resetvec)
 .resetvec      0x0000fffe        0x2 c:/ti/ccsv6/tools/compiler/gcc_msp430_4.9.14r1_98/bin/../lib/gcc/msp430-elf/4.9.1/../../../../msp430-elf/lib/crt0.o

.upper.rodata
 *(.upper.rodata.* .upper.rodata)

.rodata         0x00004400       0x30
                0x00004400                . = ALIGN (0x2)
 *(.plt)
 *(.rodata .rodata.* .gnu.linkonce.r.* .const .const:*)
 .rodata._global_impure_ptr
                0x00004400        0x2 c:/ti/ccsv6/tools/compiler/gcc_msp430_4.9.14r1_98/bin/../lib/gcc/msp430-elf/4.9.1/../../../../msp430-elf/lib\libc.a(lib_a-impure.o)
                0x00004400                _global_impure_ptr
 .rodata        0x00004402        0x2 c:/ti/ccsv6/tools/compiler/gcc_msp430_4.9.14r1_98/bin/../lib/gcc/msp430-elf/4.9.1/../../../../msp430-elf/lib\libc.a(lib_a-impure.o)
 .rodata        0x00004404       0x1a c:/ti/ccsv6/tools/compiler/gcc_msp430_4.9.14r1_98/bin/../lib/gcc/msp430-elf/4.9.1/../../../../msp430-elf/lib\libnosys.a(sbrk.o)
 *(.rodata1)
 *(.lower.rodata.* .lower.rodata)
 *(.eh_frame_hdr)
 *(.eh_frame)
 *fill*         0x0000441e        0x2 
 .eh_frame      0x00004420        0x0 c:/ti/ccsv6/tools/compiler/gcc_msp430_4.9.14r1_98/bin/../lib/gcc/msp430-elf/4.9.1/crtbegin.o
 .eh_frame      0x00004420        0x4 c:/ti/ccsv6/tools/compiler/gcc_msp430_4.9.14r1_98/bin/../lib/gcc/msp430-elf/4.9.1/crtend.o
 *(.gcc_except_table)
 *(.gcc_except_table.*)
                0x00004424                PROVIDE (__preinit_array_start, .)
 *(.preinit_array)
                0x00004424                PROVIDE (__preinit_array_end, .)
                0x00004424                PROVIDE (__init_array_start, .)
 *(SORT(.init_array.*))
 *(.init_array)
                0x00004424                PROVIDE (__init_array_end, .)
                0x00004424                PROVIDE (__fini_array_start, .)
 *(.fini_array)
 *(SORT(.fini_array.*))
                0x00004424                PROVIDE (__fini_array_end, .)
                0x00004424        0x4 LONG 0x0
 *crtbegin*.o(.ctors)
 .ctors         0x00004428        0x2 c:/ti/ccsv6/tools/compiler/gcc_msp430_4.9.14r1_98/bin/../lib/gcc/msp430-elf/4.9.1/crtbegin.o
 *(EXCLUDE_FILE(*crtend*.o) .ctors)
 *(SORT(.ctors.*))
 *(.ctors)
 .ctors         0x0000442a        0x2 c:/ti/ccsv6/tools/compiler/gcc_msp430_4.9.14r1_98/bin/../lib/gcc/msp430-elf/4.9.1/crtend.o
 *crtbegin*.o(.dtors)
 .dtors         0x0000442c        0x2 c:/ti/ccsv6/tools/compiler/gcc_msp430_4.9.14r1_98/bin/../lib/gcc/msp430-elf/4.9.1/crtbegin.o
 *(EXCLUDE_FILE(*crtend*.o) .dtors)
 *(SORT(.dtors.*))
 *(.dtors)
 .dtors         0x0000442e        0x2 c:/ti/ccsv6/tools/compiler/gcc_msp430_4.9.14r1_98/bin/../lib/gcc/msp430-elf/4.9.1/crtend.o
                0x0000442e                __DTOR_END__

.data           0x00002400       0xcc
                0x00002400                . = ALIGN (0x2)
                0x00002400                PROVIDE (__datastart, .)
 *(.jcr)
 .jcr           0x00002400        0x0 c:/ti/ccsv6/tools/compiler/gcc_msp430_4.9.14r1_98/bin/../lib/gcc/msp430-elf/4.9.1/crtbegin.o
 .jcr           0x00002400        0x2 c:/ti/ccsv6/tools/compiler/gcc_msp430_4.9.14r1_98/bin/../lib/gcc/msp430-elf/4.9.1/crtend.o
 *(.data.rel.ro.local)
 *(.data.rel.ro*)
 *(.dynamic)
 *(.data .data.* .gnu.linkonce.d.*)
 .data          0x00002402        0x0 c:/ti/ccsv6/tools/compiler/gcc_msp430_4.9.14r1_98/bin/../lib/gcc/msp430-elf/4.9.1/../../../../msp430-elf/lib/crt0.o
 .data          0x00002402        0x2 c:/ti/ccsv6/tools/compiler/gcc_msp430_4.9.14r1_98/bin/../lib/gcc/msp430-elf/4.9.1/crtbegin.o
                0x00002402                __dso_handle
 .data          0x00002404        0x0 ./led_drive.o
 .data          0x00002404        0x0 ./main.o
 .data          0x00002404        0x0 ./sensor.o
 .data          0x00002404        0x0 c:/ti/ccsv6/tools/compiler/gcc_msp430_4.9.14r1_98/bin/../lib/gcc/msp430-elf/4.9.1/../../../../msp430-elf/lib\libc.a(lib_a-rand.o)
 .data          0x00002404        0x0 c:/ti/ccsv6/tools/compiler/gcc_msp430_4.9.14r1_98/bin/../lib/gcc/msp430-elf/4.9.1/../../../../msp430-elf/lib\libc.a(lib_a-impure.o)
 .data._impure_ptr
                0x00002404        0x2 c:/ti/ccsv6/tools/compiler/gcc_msp430_4.9.14r1_98/bin/../lib/gcc/msp430-elf/4.9.1/../../../../msp430-elf/lib\libc.a(lib_a-impure.o)
                0x00002404                _impure_ptr
 .data.impure_data
                0x00002406       0x78 c:/ti/ccsv6/tools/compiler/gcc_msp430_4.9.14r1_98/bin/../lib/gcc/msp430-elf/4.9.1/../../../../msp430-elf/lib\libc.a(lib_a-impure.o)
 .data          0x0000247e        0x0 c:/ti/ccsv6/tools/compiler/gcc_msp430_4.9.14r1_98/bin/../lib/gcc/msp430-elf/4.9.1/../../../../msp430-elf/lib\libc.a(lib_a-malloc.o)
 .data          0x0000247e        0x0 c:/ti/ccsv6/tools/compiler/gcc_msp430_4.9.14r1_98/bin/../lib/gcc/msp430-elf/4.9.1/../../../../msp430-elf/lib\libc.a(lib_a-nano-freer.o)
 .data          0x0000247e        0x0 c:/ti/ccsv6/tools/compiler/gcc_msp430_4.9.14r1_98/bin/../lib/gcc/msp430-elf/4.9.1/../../../../msp430-elf/lib\libc.a(lib_a-nano-mallocr.o)
 .data          0x0000247e        0x0 c:/ti/ccsv6/tools/compiler/gcc_msp430_4.9.14r1_98/bin/../lib/gcc/msp430-elf/4.9.1/../../../../msp430-elf/lib\libc.a(lib_a-sbrkr.o)
 .data          0x0000247e        0x0 c:/ti/ccsv6/tools/compiler/gcc_msp430_4.9.14r1_98/bin/../lib/gcc/msp430-elf/4.9.1/../../../../msp430-elf/lib\libc.a(lib_a-reent.o)
 .data          0x0000247e        0x0 c:/ti/ccsv6/tools/compiler/gcc_msp430_4.9.14r1_98/bin/../lib/gcc/msp430-elf/4.9.1\libgcc.a(_muldi3.o)
 .data          0x0000247e        0x0 c:/ti/ccsv6/tools/compiler/gcc_msp430_4.9.14r1_98/bin/../lib/gcc/msp430-elf/4.9.1\libgcc.a(_lshrdi3.o)
 .data          0x0000247e        0x0 c:/ti/ccsv6/tools/compiler/gcc_msp430_4.9.14r1_98/bin/../lib/gcc/msp430-elf/4.9.1\libgcc.a(lib2mul.o)
 .data          0x0000247e        0x0 c:/ti/ccsv6/tools/compiler/gcc_msp430_4.9.14r1_98/bin/../lib/gcc/msp430-elf/4.9.1\libgcc.a(slli.o)
 .data          0x0000247e        0x0 c:/ti/ccsv6/tools/compiler/gcc_msp430_4.9.14r1_98/bin/../lib/gcc/msp430-elf/4.9.1\libgcc.a(srli.o)
 .data          0x0000247e        0x0 c:/ti/ccsv6/tools/compiler/gcc_msp430_4.9.14r1_98/bin/../lib/gcc/msp430-elf/4.9.1/../../../../msp430-elf/lib\libcrt.a(crt_bss.o)
 .data          0x0000247e        0x0 c:/ti/ccsv6/tools/compiler/gcc_msp430_4.9.14r1_98/bin/../lib/gcc/msp430-elf/4.9.1/../../../../msp430-elf/lib\libcrt.a(crt_main.o)
 .data          0x0000247e        0x2 c:/ti/ccsv6/tools/compiler/gcc_msp430_4.9.14r1_98/bin/../lib/gcc/msp430-elf/4.9.1/../../../../msp430-elf/lib\libnosys.a(sbrk.o)
 .data          0x00002480        0x0 c:/ti/ccsv6/tools/compiler/gcc_msp430_4.9.14r1_98/bin/../lib/gcc/msp430-elf/4.9.1/../../../../msp430-elf/lib\libnosys.a(write.o)
 .data          0x00002480       0x4b c:/ti/ccsv6/tools/compiler/gcc_msp430_4.9.14r1_98/bin/../lib/gcc/msp430-elf/4.9.1/../../../../msp430-elf/lib\libnosys.a(cio.o)
                0x00002480                _CIOBUF_
                0x00002480                __CIOBUF__
 .data          0x000024cb        0x0 c:/ti/ccsv6/tools/compiler/gcc_msp430_4.9.14r1_98/bin/../lib/gcc/msp430-elf/4.9.1/../../../../msp430-elf/lib\libc.a(lib_a-abort.o)
 .data          0x000024cb        0x0 c:/ti/ccsv6/tools/compiler/gcc_msp430_4.9.14r1_98/bin/../lib/gcc/msp430-elf/4.9.1/../../../../msp430-elf/lib\libc.a(lib_a-memcpy.o)
 .data          0x000024cb        0x0 c:/ti/ccsv6/tools/compiler/gcc_msp430_4.9.14r1_98/bin/../lib/gcc/msp430-elf/4.9.1/../../../../msp430-elf/lib\libc.a(lib_a-memset.o)
 .data          0x000024cb        0x0 c:/ti/ccsv6/tools/compiler/gcc_msp430_4.9.14r1_98/bin/../lib/gcc/msp430-elf/4.9.1/../../../../msp430-elf/lib\libc.a(lib_a-signal.o)
 .data          0x000024cb        0x0 c:/ti/ccsv6/tools/compiler/gcc_msp430_4.9.14r1_98/bin/../lib/gcc/msp430-elf/4.9.1/../../../../msp430-elf/lib\libc.a(lib_a-signalr.o)
 .data          0x000024cb        0x0 c:/ti/ccsv6/tools/compiler/gcc_msp430_4.9.14r1_98/bin/../lib/gcc/msp430-elf/4.9.1/../../../../msp430-elf/lib\libnosys.a(nosyscalls.o)
 .data          0x000024cb        0x0 c:/ti/ccsv6/tools/compiler/gcc_msp430_4.9.14r1_98/bin/../lib/gcc/msp430-elf/4.9.1/../../../../msp430-elf/lib\libc.a(lib_a-errno.o)
 .data          0x000024cb        0x0 c:/ti/ccsv6/tools/compiler/gcc_msp430_4.9.14r1_98/bin/../lib/gcc/msp430-elf/4.9.1/crtend.o
 .data          0x000024cb        0x0 c:/ti/ccsv6/tools/compiler/gcc_msp430_4.9.14r1_98/bin/../lib/gcc/msp430-elf/4.9.1/../../../../msp430-elf/lib/crtn.o
 *(.gnu.linkonce.d.*personality*)
 *(.data1)
 *(.got.plt)
 *(.got)
                0x000024cc                . = ALIGN (0x2)
 *fill*         0x000024cb        0x1 
 *(.sdata .sdata.* .gnu.linkonce.s.* D_2 D_1)
                0x000024cc                . = ALIGN (0x2)
 *(.lower.data.* .lower.data)
                0x000024cc                . = ALIGN (0x2)
                0x000024cc                _edata = .
                0x000024cc                PROVIDE (edata, .)
                0x000024cc                PROVIDE (__dataend, .)
                0x00002400                PROVIDE (__romdatastart, LOADADDR (.data))
                0x000000cc                PROVIDE (__romdatacopysize, SIZEOF (.data))

.bss            0x000024cc       0x16
                0x000024cc                . = ALIGN (0x2)
                0x000024cc                PROVIDE (__bssstart, .)
 *(.dynbss)
 *(.sbss .sbss.*)
 *(.bss .bss.* .gnu.linkonce.b.*)
 .bss           0x000024cc        0x0 c:/ti/ccsv6/tools/compiler/gcc_msp430_4.9.14r1_98/bin/../lib/gcc/msp430-elf/4.9.1/../../../../msp430-elf/lib/crt0.o
 .bss           0x000024cc       0x12 c:/ti/ccsv6/tools/compiler/gcc_msp430_4.9.14r1_98/bin/../lib/gcc/msp430-elf/4.9.1/crtbegin.o
 .bss           0x000024de        0x0 ./led_drive.o
 .bss           0x000024de        0x0 ./main.o
 .bss           0x000024de        0x0 ./sensor.o
 .bss           0x000024de        0x0 c:/ti/ccsv6/tools/compiler/gcc_msp430_4.9.14r1_98/bin/../lib/gcc/msp430-elf/4.9.1/../../../../msp430-elf/lib\libc.a(lib_a-rand.o)
 .bss           0x000024de        0x0 c:/ti/ccsv6/tools/compiler/gcc_msp430_4.9.14r1_98/bin/../lib/gcc/msp430-elf/4.9.1/../../../../msp430-elf/lib\libc.a(lib_a-impure.o)
 .bss           0x000024de        0x0 c:/ti/ccsv6/tools/compiler/gcc_msp430_4.9.14r1_98/bin/../lib/gcc/msp430-elf/4.9.1/../../../../msp430-elf/lib\libc.a(lib_a-malloc.o)
 .bss           0x000024de        0x0 c:/ti/ccsv6/tools/compiler/gcc_msp430_4.9.14r1_98/bin/../lib/gcc/msp430-elf/4.9.1/../../../../msp430-elf/lib\libc.a(lib_a-nano-freer.o)
 .bss           0x000024de        0x0 c:/ti/ccsv6/tools/compiler/gcc_msp430_4.9.14r1_98/bin/../lib/gcc/msp430-elf/4.9.1/../../../../msp430-elf/lib\libc.a(lib_a-nano-mallocr.o)
 .bss.__malloc_sbrk_start
                0x000024de        0x2 c:/ti/ccsv6/tools/compiler/gcc_msp430_4.9.14r1_98/bin/../lib/gcc/msp430-elf/4.9.1/../../../../msp430-elf/lib\libc.a(lib_a-nano-mallocr.o)
                0x000024de                __malloc_sbrk_start
 .bss.__malloc_free_list
                0x000024e0        0x2 c:/ti/ccsv6/tools/compiler/gcc_msp430_4.9.14r1_98/bin/../lib/gcc/msp430-elf/4.9.1/../../../../msp430-elf/lib\libc.a(lib_a-nano-mallocr.o)
                0x000024e0                __malloc_free_list
 .bss           0x000024e2        0x0 c:/ti/ccsv6/tools/compiler/gcc_msp430_4.9.14r1_98/bin/../lib/gcc/msp430-elf/4.9.1/../../../../msp430-elf/lib\libc.a(lib_a-sbrkr.o)
 .bss           0x000024e2        0x0 c:/ti/ccsv6/tools/compiler/gcc_msp430_4.9.14r1_98/bin/../lib/gcc/msp430-elf/4.9.1/../../../../msp430-elf/lib\libc.a(lib_a-reent.o)
 .bss           0x000024e2        0x0 c:/ti/ccsv6/tools/compiler/gcc_msp430_4.9.14r1_98/bin/../lib/gcc/msp430-elf/4.9.1\libgcc.a(_muldi3.o)
 .bss           0x000024e2        0x0 c:/ti/ccsv6/tools/compiler/gcc_msp430_4.9.14r1_98/bin/../lib/gcc/msp430-elf/4.9.1\libgcc.a(_lshrdi3.o)
 .bss           0x000024e2        0x0 c:/ti/ccsv6/tools/compiler/gcc_msp430_4.9.14r1_98/bin/../lib/gcc/msp430-elf/4.9.1\libgcc.a(lib2mul.o)
 .bss           0x000024e2        0x0 c:/ti/ccsv6/tools/compiler/gcc_msp430_4.9.14r1_98/bin/../lib/gcc/msp430-elf/4.9.1\libgcc.a(slli.o)
 .bss           0x000024e2        0x0 c:/ti/ccsv6/tools/compiler/gcc_msp430_4.9.14r1_98/bin/../lib/gcc/msp430-elf/4.9.1\libgcc.a(srli.o)
 .bss           0x000024e2        0x0 c:/ti/ccsv6/tools/compiler/gcc_msp430_4.9.14r1_98/bin/../lib/gcc/msp430-elf/4.9.1/../../../../msp430-elf/lib\libcrt.a(crt_bss.o)
 .bss           0x000024e2        0x0 c:/ti/ccsv6/tools/compiler/gcc_msp430_4.9.14r1_98/bin/../lib/gcc/msp430-elf/4.9.1/../../../../msp430-elf/lib\libcrt.a(crt_main.o)
 .bss           0x000024e2        0x0 c:/ti/ccsv6/tools/compiler/gcc_msp430_4.9.14r1_98/bin/../lib/gcc/msp430-elf/4.9.1/../../../../msp430-elf/lib\libnosys.a(sbrk.o)
 .bss           0x000024e2        0x0 c:/ti/ccsv6/tools/compiler/gcc_msp430_4.9.14r1_98/bin/../lib/gcc/msp430-elf/4.9.1/../../../../msp430-elf/lib\libnosys.a(write.o)
 .bss           0x000024e2        0x0 c:/ti/ccsv6/tools/compiler/gcc_msp430_4.9.14r1_98/bin/../lib/gcc/msp430-elf/4.9.1/../../../../msp430-elf/lib\libnosys.a(cio.o)
 .bss           0x000024e2        0x0 c:/ti/ccsv6/tools/compiler/gcc_msp430_4.9.14r1_98/bin/../lib/gcc/msp430-elf/4.9.1/../../../../msp430-elf/lib\libc.a(lib_a-abort.o)
 .bss           0x000024e2        0x0 c:/ti/ccsv6/tools/compiler/gcc_msp430_4.9.14r1_98/bin/../lib/gcc/msp430-elf/4.9.1/../../../../msp430-elf/lib\libc.a(lib_a-memcpy.o)
 .bss           0x000024e2        0x0 c:/ti/ccsv6/tools/compiler/gcc_msp430_4.9.14r1_98/bin/../lib/gcc/msp430-elf/4.9.1/../../../../msp430-elf/lib\libc.a(lib_a-memset.o)
 .bss           0x000024e2        0x0 c:/ti/ccsv6/tools/compiler/gcc_msp430_4.9.14r1_98/bin/../lib/gcc/msp430-elf/4.9.1/../../../../msp430-elf/lib\libc.a(lib_a-signal.o)
 .bss           0x000024e2        0x0 c:/ti/ccsv6/tools/compiler/gcc_msp430_4.9.14r1_98/bin/../lib/gcc/msp430-elf/4.9.1/../../../../msp430-elf/lib\libc.a(lib_a-signalr.o)
 .bss           0x000024e2        0x0 c:/ti/ccsv6/tools/compiler/gcc_msp430_4.9.14r1_98/bin/../lib/gcc/msp430-elf/4.9.1/../../../../msp430-elf/lib\libnosys.a(nosyscalls.o)
 .bss           0x000024e2        0x0 c:/ti/ccsv6/tools/compiler/gcc_msp430_4.9.14r1_98/bin/../lib/gcc/msp430-elf/4.9.1/../../../../msp430-elf/lib\libc.a(lib_a-errno.o)
 .bss           0x000024e2        0x0 c:/ti/ccsv6/tools/compiler/gcc_msp430_4.9.14r1_98/bin/../lib/gcc/msp430-elf/4.9.1/crtend.o
 .bss           0x000024e2        0x0 c:/ti/ccsv6/tools/compiler/gcc_msp430_4.9.14r1_98/bin/../lib/gcc/msp430-elf/4.9.1/../../../../msp430-elf/lib/crtn.o
                0x000024e2                . = ALIGN (0x2)
                0x000024e2                PROVIDE (__bssend, .)
                0x00000016                PROVIDE (__bsssize, SIZEOF (.bss))

.noinit         0x000024e2       0x42
                0x000024e2                . = ALIGN (0x2)
                0x000024e2                PROVIDE (__noinit_start, .)
 *(.noinit)
                0x000024e2                . = ALIGN (0x2)
 *(COMMON)
 COMMON         0x000024e2       0x40 ./main.o
                0x000024e2                row_pin_addr
                0x00002502                row_bit_mask
 COMMON         0x00002522        0x2 c:/ti/ccsv6/tools/compiler/gcc_msp430_4.9.14r1_98/bin/../lib/gcc/msp430-elf/4.9.1/../../../../msp430-elf/lib\libc.a(lib_a-reent.o)
                0x00002522                errno
                0x00002524                PROVIDE (__noinit_end, .)
                0x00002524                _end = .
                0x00002524                PROVIDE (end, .)

.stack          0x00004400        0x0
                0x00004400                PROVIDE (__stack, .)
 *(.stack)

.lowtext        0x00004430       0x5e
                0x00004430                PROVIDE (_start, .)
                0x00004430                . = ALIGN (0x2)
 *(SORT(.crt_*))
 .crt_0000init  0x00004430        0xa c:/ti/ccsv6/tools/compiler/gcc_msp430_4.9.14r1_98/bin/../lib/gcc/msp430-elf/4.9.1/../../../../msp430-elf/lib/crt0.o
                0x00004430                __start
 .crt_0100bss   0x0000443a        0xe c:/ti/ccsv6/tools/compiler/gcc_msp430_4.9.14r1_98/bin/../lib/gcc/msp430-elf/4.9.1/../../../../msp430-elf/lib\libcrt.a(crt_bss.o)
                0x0000443a                __crt0_init_bss
 .crt_0300main  0x00004448        0xa c:/ti/ccsv6/tools/compiler/gcc_msp430_4.9.14r1_98/bin/../lib/gcc/msp430-elf/4.9.1/../../../../msp430-elf/lib\libcrt.a(crt_main.o)
                0x00004448                __crt0_call_init_then_main
 .crt_0500main_init
                0x00004452       0x3c c:/ti/ccsv6/tools/compiler/gcc_msp430_4.9.14r1_98/bin/../lib/gcc/msp430-elf/4.9.1/../../../../msp430-elf/lib/crt0.o
                0x00004452                _msp430_run_init_array
                0x00004460                _msp430_run_preinit_array
                0x0000446e                _msp430_run_fini_array
 *(.lowtext)

.text           0x0000448e     0x1890
                0x0000448e                . = ALIGN (0x2)
 *(.lower.text.* .lower.text)
 *(.text .stub .text.* .gnu.linkonce.t.* .text:*)
 .text          0x0000448e        0x0 c:/ti/ccsv6/tools/compiler/gcc_msp430_4.9.14r1_98/bin/../lib/gcc/msp430-elf/4.9.1/../../../../msp430-elf/lib/crt0.o
 .text          0x0000448e       0xc8 c:/ti/ccsv6/tools/compiler/gcc_msp430_4.9.14r1_98/bin/../lib/gcc/msp430-elf/4.9.1/crtbegin.o
 .text          0x00004556      0x9bc ./led_drive.o
                0x00004556                put_data
                0x000045fe                off
                0x00004626                randomize
                0x00004670                random_shift
                0x000046de                put_data_8
                0x00004934                put_data_24
 .text          0x00004f12      0x1fc ./main.o
                0x00004f12                SetVcoreUp
                0x00004f58                enable_XT2
                0x00005032                main
 .text          0x0000510e       0xd0 ./sensor.o
                0x0000510e                gather
                0x00005110                get_data_test
 .text          0x000051de        0x0 c:/ti/ccsv6/tools/compiler/gcc_msp430_4.9.14r1_98/bin/../lib/gcc/msp430-elf/4.9.1/../../../../msp430-elf/lib\libc.a(lib_a-rand.o)
 .text.srand    0x000051de       0x6c c:/ti/ccsv6/tools/compiler/gcc_msp430_4.9.14r1_98/bin/../lib/gcc/msp430-elf/4.9.1/../../../../msp430-elf/lib\libc.a(lib_a-rand.o)
                0x000051de                srand
 .text.rand     0x0000524a       0xca c:/ti/ccsv6/tools/compiler/gcc_msp430_4.9.14r1_98/bin/../lib/gcc/msp430-elf/4.9.1/../../../../msp430-elf/lib\libc.a(lib_a-rand.o)
                0x0000524a                rand
 .text          0x00005314        0x0 c:/ti/ccsv6/tools/compiler/gcc_msp430_4.9.14r1_98/bin/../lib/gcc/msp430-elf/4.9.1/../../../../msp430-elf/lib\libc.a(lib_a-impure.o)
 .text          0x00005314        0x0 c:/ti/ccsv6/tools/compiler/gcc_msp430_4.9.14r1_98/bin/../lib/gcc/msp430-elf/4.9.1/../../../../msp430-elf/lib\libc.a(lib_a-malloc.o)
 .text.malloc   0x00005314        0xc c:/ti/ccsv6/tools/compiler/gcc_msp430_4.9.14r1_98/bin/../lib/gcc/msp430-elf/4.9.1/../../../../msp430-elf/lib\libc.a(lib_a-malloc.o)
                0x00005314                malloc
 .text.free     0x00005320        0xc c:/ti/ccsv6/tools/compiler/gcc_msp430_4.9.14r1_98/bin/../lib/gcc/msp430-elf/4.9.1/../../../../msp430-elf/lib\libc.a(lib_a-malloc.o)
                0x00005320                free
 .text          0x0000532c        0x0 c:/ti/ccsv6/tools/compiler/gcc_msp430_4.9.14r1_98/bin/../lib/gcc/msp430-elf/4.9.1/../../../../msp430-elf/lib\libc.a(lib_a-nano-freer.o)
 .text._free_r  0x0000532c       0xe8 c:/ti/ccsv6/tools/compiler/gcc_msp430_4.9.14r1_98/bin/../lib/gcc/msp430-elf/4.9.1/../../../../msp430-elf/lib\libc.a(lib_a-nano-freer.o)
                0x0000532c                _free_r
 .text          0x00005414        0x0 c:/ti/ccsv6/tools/compiler/gcc_msp430_4.9.14r1_98/bin/../lib/gcc/msp430-elf/4.9.1/../../../../msp430-elf/lib\libc.a(lib_a-nano-mallocr.o)
 .text._malloc_r
                0x00005414       0xfa c:/ti/ccsv6/tools/compiler/gcc_msp430_4.9.14r1_98/bin/../lib/gcc/msp430-elf/4.9.1/../../../../msp430-elf/lib\libc.a(lib_a-nano-mallocr.o)
                0x00005414                _malloc_r
 .text          0x0000550e        0x0 c:/ti/ccsv6/tools/compiler/gcc_msp430_4.9.14r1_98/bin/../lib/gcc/msp430-elf/4.9.1/../../../../msp430-elf/lib\libc.a(lib_a-sbrkr.o)
 .text._sbrk_r  0x0000550e       0x22 c:/ti/ccsv6/tools/compiler/gcc_msp430_4.9.14r1_98/bin/../lib/gcc/msp430-elf/4.9.1/../../../../msp430-elf/lib\libc.a(lib_a-sbrkr.o)
                0x0000550e                _sbrk_r
 .text          0x00005530        0x0 c:/ti/ccsv6/tools/compiler/gcc_msp430_4.9.14r1_98/bin/../lib/gcc/msp430-elf/4.9.1/../../../../msp430-elf/lib\libc.a(lib_a-reent.o)
 .text.cleanup_glue
                0x00005530       0x1c c:/ti/ccsv6/tools/compiler/gcc_msp430_4.9.14r1_98/bin/../lib/gcc/msp430-elf/4.9.1/../../../../msp430-elf/lib\libc.a(lib_a-reent.o)
                0x00005530                cleanup_glue
 .text._reclaim_reent
                0x0000554c      0x106 c:/ti/ccsv6/tools/compiler/gcc_msp430_4.9.14r1_98/bin/../lib/gcc/msp430-elf/4.9.1/../../../../msp430-elf/lib\libc.a(lib_a-reent.o)
                0x0000554c                _reclaim_reent
 .text          0x00005652        0x0 c:/ti/ccsv6/tools/compiler/gcc_msp430_4.9.14r1_98/bin/../lib/gcc/msp430-elf/4.9.1\libgcc.a(_muldi3.o)
 .text.__muldi3
                0x00005652      0x14a c:/ti/ccsv6/tools/compiler/gcc_msp430_4.9.14r1_98/bin/../lib/gcc/msp430-elf/4.9.1\libgcc.a(_muldi3.o)
                0x00005652                __mspabi_mpyll
 .text          0x0000579c        0x0 c:/ti/ccsv6/tools/compiler/gcc_msp430_4.9.14r1_98/bin/../lib/gcc/msp430-elf/4.9.1\libgcc.a(_lshrdi3.o)
 .text.__lshrdi3
                0x0000579c       0x7e c:/ti/ccsv6/tools/compiler/gcc_msp430_4.9.14r1_98/bin/../lib/gcc/msp430-elf/4.9.1\libgcc.a(_lshrdi3.o)
                0x0000579c                __lshrdi3
 .text          0x0000581a        0x0 c:/ti/ccsv6/tools/compiler/gcc_msp430_4.9.14r1_98/bin/../lib/gcc/msp430-elf/4.9.1\libgcc.a(lib2mul.o)
 .text.__mulhi3
                0x0000581a       0x28 c:/ti/ccsv6/tools/compiler/gcc_msp430_4.9.14r1_98/bin/../lib/gcc/msp430-elf/4.9.1\libgcc.a(lib2mul.o)
                0x0000581a                __mspabi_mpyi
 .text.__mulqi3
                0x00005842       0x38 c:/ti/ccsv6/tools/compiler/gcc_msp430_4.9.14r1_98/bin/../lib/gcc/msp430-elf/4.9.1\libgcc.a(lib2mul.o)
                0x00005842                __mulqi3
 .text.__mulsi3
                0x0000587a       0x42 c:/ti/ccsv6/tools/compiler/gcc_msp430_4.9.14r1_98/bin/../lib/gcc/msp430-elf/4.9.1\libgcc.a(lib2mul.o)
                0x0000587a                __mspabi_mpyl
 .text          0x000058bc       0x74 c:/ti/ccsv6/tools/compiler/gcc_msp430_4.9.14r1_98/bin/../lib/gcc/msp430-elf/4.9.1\libgcc.a(slli.o)
                0x000058bc                __mspabi_slli_15
                0x000058be                __mspabi_slli_14
                0x000058c0                __mspabi_slli_13
                0x000058c2                __mspabi_slli_12
                0x000058c4                __mspabi_slli_11
                0x000058c6                __mspabi_slli_10
                0x000058c8                __mspabi_slli_9
                0x000058ca                __mspabi_slli_8
                0x000058cc                __mspabi_slli_7
                0x000058ce                __mspabi_slli_6
                0x000058d0                __mspabi_slli_5
                0x000058d2                __mspabi_slli_4
                0x000058d4                __mspabi_slli_3
                0x000058d6                __mspabi_slli_2
                0x000058d8                __mspabi_slli_1
                0x000058e0                __mspabi_slli
                0x000058e6                __mspabi_slll_15
                0x000058ea                __mspabi_slll_14
                0x000058ee                __mspabi_slll_13
                0x000058f2                __mspabi_slll_12
                0x000058f6                __mspabi_slll_11
                0x000058fa                __mspabi_slll_10
                0x000058fe                __mspabi_slll_9
                0x00005902                __mspabi_slll_8
                0x00005906                __mspabi_slll_7
                0x0000590a                __mspabi_slll_6
                0x0000590e                __mspabi_slll_5
                0x00005912                __mspabi_slll_4
                0x00005916                __mspabi_slll_3
                0x0000591a                __mspabi_slll_2
                0x0000591e                __mspabi_slll_1
                0x0000592a                __mspabi_slll
 .text          0x00005930       0xb4 c:/ti/ccsv6/tools/compiler/gcc_msp430_4.9.14r1_98/bin/../lib/gcc/msp430-elf/4.9.1\libgcc.a(srli.o)
                0x00005930                __mspabi_srli_15
                0x00005934                __mspabi_srli_14
                0x00005938                __mspabi_srli_13
                0x0000593c                __mspabi_srli_12
                0x00005940                __mspabi_srli_11
                0x00005944                __mspabi_srli_10
                0x00005948                __mspabi_srli_9
                0x0000594c                __mspabi_srli_8
                0x00005950                __mspabi_srli_7
                0x00005954                __mspabi_srli_6
                0x00005958                __mspabi_srli_5
                0x0000595c                __mspabi_srli_4
                0x00005960                __mspabi_srli_3
                0x00005964                __mspabi_srli_2
                0x00005968                __mspabi_srli_1
                0x00005974                __mspabi_srli
                0x0000597a                __mspabi_srll_15
                0x00005980                __mspabi_srll_14
                0x00005986                __mspabi_srll_13
                0x0000598c                __mspabi_srll_12
                0x00005992                __mspabi_srll_11
                0x00005998                __mspabi_srll_10
                0x0000599e                __mspabi_srll_9
                0x000059a4                __mspabi_srll_8
                0x000059aa                __mspabi_srll_7
                0x000059b0                __mspabi_srll_6
                0x000059b6                __mspabi_srll_5
                0x000059bc                __mspabi_srll_4
                0x000059c2                __mspabi_srll_3
                0x000059c8                __mspabi_srll_2
                0x000059ce                __mspabi_srll_1
                0x000059de                __mspabi_srll
 .text          0x000059e4        0x0 c:/ti/ccsv6/tools/compiler/gcc_msp430_4.9.14r1_98/bin/../lib/gcc/msp430-elf/4.9.1/../../../../msp430-elf/lib\libcrt.a(crt_bss.o)
 .text          0x000059e4        0x0 c:/ti/ccsv6/tools/compiler/gcc_msp430_4.9.14r1_98/bin/../lib/gcc/msp430-elf/4.9.1/../../../../msp430-elf/lib\libcrt.a(crt_main.o)
 .text          0x000059e4       0x30 c:/ti/ccsv6/tools/compiler/gcc_msp430_4.9.14r1_98/bin/../lib/gcc/msp430-elf/4.9.1/../../../../msp430-elf/lib\libnosys.a(sbrk.o)
                0x000059e4                sbrk
                0x000059e4                _sbrk
 .text          0x00005a14       0x7a c:/ti/ccsv6/tools/compiler/gcc_msp430_4.9.14r1_98/bin/../lib/gcc/msp430-elf/4.9.1/../../../../msp430-elf/lib\libnosys.a(write.o)
                0x00005a14                write
 .text          0x00005a8e        0x4 c:/ti/ccsv6/tools/compiler/gcc_msp430_4.9.14r1_98/bin/../lib/gcc/msp430-elf/4.9.1/../../../../msp430-elf/lib\libnosys.a(cio.o)
                0x00005a8e                _libgloss_cio_hook
                0x00005a8e                C$$IO$$
 .text          0x00005a92        0x0 c:/ti/ccsv6/tools/compiler/gcc_msp430_4.9.14r1_98/bin/../lib/gcc/msp430-elf/4.9.1/../../../../msp430-elf/lib\libc.a(lib_a-abort.o)
 .text.abort    0x00005a92        0xe c:/ti/ccsv6/tools/compiler/gcc_msp430_4.9.14r1_98/bin/../lib/gcc/msp430-elf/4.9.1/../../../../msp430-elf/lib\libc.a(lib_a-abort.o)
                0x00005a92                abort
 .text          0x00005aa0        0x0 c:/ti/ccsv6/tools/compiler/gcc_msp430_4.9.14r1_98/bin/../lib/gcc/msp430-elf/4.9.1/../../../../msp430-elf/lib\libc.a(lib_a-memcpy.o)
 .text.memcpy   0x00005aa0       0x1e c:/ti/ccsv6/tools/compiler/gcc_msp430_4.9.14r1_98/bin/../lib/gcc/msp430-elf/4.9.1/../../../../msp430-elf/lib\libc.a(lib_a-memcpy.o)
                0x00005aa0                memcpy
 .text          0x00005abe        0x0 c:/ti/ccsv6/tools/compiler/gcc_msp430_4.9.14r1_98/bin/../lib/gcc/msp430-elf/4.9.1/../../../../msp430-elf/lib\libc.a(lib_a-memset.o)
 .text.memset   0x00005abe       0x14 c:/ti/ccsv6/tools/compiler/gcc_msp430_4.9.14r1_98/bin/../lib/gcc/msp430-elf/4.9.1/../../../../msp430-elf/lib\libc.a(lib_a-memset.o)
                0x00005abe                memset
 .text          0x00005ad2        0x0 c:/ti/ccsv6/tools/compiler/gcc_msp430_4.9.14r1_98/bin/../lib/gcc/msp430-elf/4.9.1/../../../../msp430-elf/lib\libc.a(lib_a-signal.o)
 .text._init_signal_r
                0x00005ad2       0x3e c:/ti/ccsv6/tools/compiler/gcc_msp430_4.9.14r1_98/bin/../lib/gcc/msp430-elf/4.9.1/../../../../msp430-elf/lib\libc.a(lib_a-signal.o)
                0x00005ad2                _init_signal_r
 .text._signal_r
                0x00005b10       0x42 c:/ti/ccsv6/tools/compiler/gcc_msp430_4.9.14r1_98/bin/../lib/gcc/msp430-elf/4.9.1/../../../../msp430-elf/lib\libc.a(lib_a-signal.o)
                0x00005b10                _signal_r
 .text._raise_r
                0x00005b52       0x6a c:/ti/ccsv6/tools/compiler/gcc_msp430_4.9.14r1_98/bin/../lib/gcc/msp430-elf/4.9.1/../../../../msp430-elf/lib\libc.a(lib_a-signal.o)
                0x00005b52                _raise_r
 .text.__sigtramp_r
                0x00005bbc       0x62 c:/ti/ccsv6/tools/compiler/gcc_msp430_4.9.14r1_98/bin/../lib/gcc/msp430-elf/4.9.1/../../../../msp430-elf/lib\libc.a(lib_a-signal.o)
                0x00005bbc                __sigtramp_r
 .text.raise    0x00005c1e        0xc c:/ti/ccsv6/tools/compiler/gcc_msp430_4.9.14r1_98/bin/../lib/gcc/msp430-elf/4.9.1/../../../../msp430-elf/lib\libc.a(lib_a-signal.o)
                0x00005c1e                raise
 .text.signal   0x00005c2a       0x10 c:/ti/ccsv6/tools/compiler/gcc_msp430_4.9.14r1_98/bin/../lib/gcc/msp430-elf/4.9.1/../../../../msp430-elf/lib\libc.a(lib_a-signal.o)
                0x00005c2a                signal
 .text._init_signal
                0x00005c3a        0xa c:/ti/ccsv6/tools/compiler/gcc_msp430_4.9.14r1_98/bin/../lib/gcc/msp430-elf/4.9.1/../../../../msp430-elf/lib\libc.a(lib_a-signal.o)
                0x00005c3a                _init_signal
 .text.__sigtramp
                0x00005c44        0xc c:/ti/ccsv6/tools/compiler/gcc_msp430_4.9.14r1_98/bin/../lib/gcc/msp430-elf/4.9.1/../../../../msp430-elf/lib\libc.a(lib_a-signal.o)
                0x00005c44                __sigtramp
 .text          0x00005c50        0x0 c:/ti/ccsv6/tools/compiler/gcc_msp430_4.9.14r1_98/bin/../lib/gcc/msp430-elf/4.9.1/../../../../msp430-elf/lib\libc.a(lib_a-signalr.o)
 .text._kill_r  0x00005c50       0x24 c:/ti/ccsv6/tools/compiler/gcc_msp430_4.9.14r1_98/bin/../lib/gcc/msp430-elf/4.9.1/../../../../msp430-elf/lib\libc.a(lib_a-signalr.o)
                0x00005c50                _kill_r
 .text._getpid_r
                0x00005c74        0x6 c:/ti/ccsv6/tools/compiler/gcc_msp430_4.9.14r1_98/bin/../lib/gcc/msp430-elf/4.9.1/../../../../msp430-elf/lib\libc.a(lib_a-signalr.o)
                0x00005c74                _getpid_r
 .text          0x00005c7a       0x62 c:/ti/ccsv6/tools/compiler/gcc_msp430_4.9.14r1_98/bin/../lib/gcc/msp430-elf/4.9.1/../../../../msp430-elf/lib\libnosys.a(nosyscalls.o)
                0x00005c7a                exit
                0x00005c7a                _exit
                0x00005c7e                open
                0x00005c8c                close
                0x00005c9a                read
                0x00005ca8                fstat
                0x00005cb6                lseek
                0x00005cc4                kill
                0x00005cd2                isatty
                0x00005cd2                _isatty
                0x00005cd6                getpid
 .text          0x00005cdc        0x0 c:/ti/ccsv6/tools/compiler/gcc_msp430_4.9.14r1_98/bin/../lib/gcc/msp430-elf/4.9.1/../../../../msp430-elf/lib\libc.a(lib_a-errno.o)
 .text.__errno  0x00005cdc        0x6 c:/ti/ccsv6/tools/compiler/gcc_msp430_4.9.14r1_98/bin/../lib/gcc/msp430-elf/4.9.1/../../../../msp430-elf/lib\libc.a(lib_a-errno.o)
                0x00005cdc                __errno
 .text          0x00005ce2       0x20 c:/ti/ccsv6/tools/compiler/gcc_msp430_4.9.14r1_98/bin/../lib/gcc/msp430-elf/4.9.1/crtend.o
 .text          0x00005d02        0x0 c:/ti/ccsv6/tools/compiler/gcc_msp430_4.9.14r1_98/bin/../lib/gcc/msp430-elf/4.9.1/../../../../msp430-elf/lib/crtn.o
 *(.text.*personality*)
 *(.gnu.warning)
 *(.interp .hash .dynsym .dynstr .gnu.version*)
                0x00005d02                PROVIDE (__etext, .)
                0x00005d02                PROVIDE (_etext, .)
                0x00005d02                PROVIDE (etext, .)
                0x00005d02                . = ALIGN (0x2)
 *(.init)
 .init          0x00005d02        0x0 c:/ti/ccsv6/tools/compiler/gcc_msp430_4.9.14r1_98/bin/../lib/gcc/msp430-elf/4.9.1/../../../../msp430-elf/lib/crt0.o
                0x00005d02                __msp430_init
 .init          0x00005d02        0x4 c:/ti/ccsv6/tools/compiler/gcc_msp430_4.9.14r1_98/bin/../lib/gcc/msp430-elf/4.9.1/crtbegin.o
 .init          0x00005d06        0x4 c:/ti/ccsv6/tools/compiler/gcc_msp430_4.9.14r1_98/bin/../lib/gcc/msp430-elf/4.9.1/crtend.o
 .init          0x00005d0a        0xa c:/ti/ccsv6/tools/compiler/gcc_msp430_4.9.14r1_98/bin/../lib/gcc/msp430-elf/4.9.1/../../../../msp430-elf/lib/crtn.o
                0x00005d14                __msp430_init_end
 *(.fini)
 .fini          0x00005d14        0x4 c:/ti/ccsv6/tools/compiler/gcc_msp430_4.9.14r1_98/bin/../lib/gcc/msp430-elf/4.9.1/../../../../msp430-elf/lib/crt0.o
                0x00005d14                __msp430_fini
 .fini          0x00005d18        0x4 c:/ti/ccsv6/tools/compiler/gcc_msp430_4.9.14r1_98/bin/../lib/gcc/msp430-elf/4.9.1/crtbegin.o
 .fini          0x00005d1c        0x2 c:/ti/ccsv6/tools/compiler/gcc_msp430_4.9.14r1_98/bin/../lib/gcc/msp430-elf/4.9.1/../../../../msp430-elf/lib/crtn.o
                0x00005d1e                __msp430_fini_end
 *(.tm_clone_table)
 .tm_clone_table
                0x00005d1e        0x0 c:/ti/ccsv6/tools/compiler/gcc_msp430_4.9.14r1_98/bin/../lib/gcc/msp430-elf/4.9.1/crtbegin.o
 .tm_clone_table
                0x00005d1e        0x0 c:/ti/ccsv6/tools/compiler/gcc_msp430_4.9.14r1_98/bin/../lib/gcc/msp430-elf/4.9.1/crtend.o
                0x00005d1e                __TMC_END__

.upper.text     0x00010000        0x0
                0x00010000                . = ALIGN (0x2)
 *(.upper.text.* .upper.text)

.infoA

.infoB

.infoC

.infoD

.MP430.attributes
                0x00000000      0x2c9
 *(.MSP430.attributes)
 .MSP430.attributes
                0x00000000       0x17 c:/ti/ccsv6/tools/compiler/gcc_msp430_4.9.14r1_98/bin/../lib/gcc/msp430-elf/4.9.1/../../../../msp430-elf/lib/crt0.o
 .MSP430.attributes
                0x00000017       0x17 c:/ti/ccsv6/tools/compiler/gcc_msp430_4.9.14r1_98/bin/../lib/gcc/msp430-elf/4.9.1/crtbegin.o
 .MSP430.attributes
                0x0000002e       0x17 ./led_drive.o
 .MSP430.attributes
                0x00000045       0x17 ./main.o
 .MSP430.attributes
                0x0000005c       0x17 ./sensor.o
 .MSP430.attributes
                0x00000073       0x17 c:/ti/ccsv6/tools/compiler/gcc_msp430_4.9.14r1_98/bin/../lib/gcc/msp430-elf/4.9.1/../../../../msp430-elf/lib\libc.a(lib_a-rand.o)
 .MSP430.attributes
                0x0000008a       0x17 c:/ti/ccsv6/tools/compiler/gcc_msp430_4.9.14r1_98/bin/../lib/gcc/msp430-elf/4.9.1/../../../../msp430-elf/lib\libc.a(lib_a-impure.o)
 .MSP430.attributes
                0x000000a1       0x17 c:/ti/ccsv6/tools/compiler/gcc_msp430_4.9.14r1_98/bin/../lib/gcc/msp430-elf/4.9.1/../../../../msp430-elf/lib\libc.a(lib_a-malloc.o)
 .MSP430.attributes
                0x000000b8       0x17 c:/ti/ccsv6/tools/compiler/gcc_msp430_4.9.14r1_98/bin/../lib/gcc/msp430-elf/4.9.1/../../../../msp430-elf/lib\libc.a(lib_a-nano-freer.o)
 .MSP430.attributes
                0x000000cf       0x17 c:/ti/ccsv6/tools/compiler/gcc_msp430_4.9.14r1_98/bin/../lib/gcc/msp430-elf/4.9.1/../../../../msp430-elf/lib\libc.a(lib_a-nano-mallocr.o)
 .MSP430.attributes
                0x000000e6       0x17 c:/ti/ccsv6/tools/compiler/gcc_msp430_4.9.14r1_98/bin/../lib/gcc/msp430-elf/4.9.1/../../../../msp430-elf/lib\libc.a(lib_a-sbrkr.o)
 .MSP430.attributes
                0x000000fd       0x17 c:/ti/ccsv6/tools/compiler/gcc_msp430_4.9.14r1_98/bin/../lib/gcc/msp430-elf/4.9.1/../../../../msp430-elf/lib\libc.a(lib_a-reent.o)
 .MSP430.attributes
                0x00000114       0x17 c:/ti/ccsv6/tools/compiler/gcc_msp430_4.9.14r1_98/bin/../lib/gcc/msp430-elf/4.9.1\libgcc.a(_muldi3.o)
 .MSP430.attributes
                0x0000012b       0x17 c:/ti/ccsv6/tools/compiler/gcc_msp430_4.9.14r1_98/bin/../lib/gcc/msp430-elf/4.9.1\libgcc.a(_lshrdi3.o)
 .MSP430.attributes
                0x00000142       0x17 c:/ti/ccsv6/tools/compiler/gcc_msp430_4.9.14r1_98/bin/../lib/gcc/msp430-elf/4.9.1\libgcc.a(lib2mul.o)
 .MSP430.attributes
                0x00000159       0x17 c:/ti/ccsv6/tools/compiler/gcc_msp430_4.9.14r1_98/bin/../lib/gcc/msp430-elf/4.9.1\libgcc.a(slli.o)
 .MSP430.attributes
                0x00000170       0x17 c:/ti/ccsv6/tools/compiler/gcc_msp430_4.9.14r1_98/bin/../lib/gcc/msp430-elf/4.9.1\libgcc.a(srli.o)
 .MSP430.attributes
                0x00000187       0x17 c:/ti/ccsv6/tools/compiler/gcc_msp430_4.9.14r1_98/bin/../lib/gcc/msp430-elf/4.9.1/../../../../msp430-elf/lib\libcrt.a(crt_bss.o)
 .MSP430.attributes
                0x0000019e       0x17 c:/ti/ccsv6/tools/compiler/gcc_msp430_4.9.14r1_98/bin/../lib/gcc/msp430-elf/4.9.1/../../../../msp430-elf/lib\libcrt.a(crt_main.o)
 .MSP430.attributes
                0x000001b5       0x17 c:/ti/ccsv6/tools/compiler/gcc_msp430_4.9.14r1_98/bin/../lib/gcc/msp430-elf/4.9.1/../../../../msp430-elf/lib\libnosys.a(sbrk.o)
 .MSP430.attributes
                0x000001cc       0x17 c:/ti/ccsv6/tools/compiler/gcc_msp430_4.9.14r1_98/bin/../lib/gcc/msp430-elf/4.9.1/../../../../msp430-elf/lib\libnosys.a(write.o)
 .MSP430.attributes
                0x000001e3       0x17 c:/ti/ccsv6/tools/compiler/gcc_msp430_4.9.14r1_98/bin/../lib/gcc/msp430-elf/4.9.1/../../../../msp430-elf/lib\libnosys.a(cio.o)
 .MSP430.attributes
                0x000001fa       0x17 c:/ti/ccsv6/tools/compiler/gcc_msp430_4.9.14r1_98/bin/../lib/gcc/msp430-elf/4.9.1/../../../../msp430-elf/lib\libc.a(lib_a-abort.o)
 .MSP430.attributes
                0x00000211       0x17 c:/ti/ccsv6/tools/compiler/gcc_msp430_4.9.14r1_98/bin/../lib/gcc/msp430-elf/4.9.1/../../../../msp430-elf/lib\libc.a(lib_a-memcpy.o)
 .MSP430.attributes
                0x00000228       0x17 c:/ti/ccsv6/tools/compiler/gcc_msp430_4.9.14r1_98/bin/../lib/gcc/msp430-elf/4.9.1/../../../../msp430-elf/lib\libc.a(lib_a-memset.o)
 .MSP430.attributes
                0x0000023f       0x17 c:/ti/ccsv6/tools/compiler/gcc_msp430_4.9.14r1_98/bin/../lib/gcc/msp430-elf/4.9.1/../../../../msp430-elf/lib\libc.a(lib_a-signal.o)
 .MSP430.attributes
                0x00000256       0x17 c:/ti/ccsv6/tools/compiler/gcc_msp430_4.9.14r1_98/bin/../lib/gcc/msp430-elf/4.9.1/../../../../msp430-elf/lib\libc.a(lib_a-signalr.o)
 .MSP430.attributes
                0x0000026d       0x17 c:/ti/ccsv6/tools/compiler/gcc_msp430_4.9.14r1_98/bin/../lib/gcc/msp430-elf/4.9.1/../../../../msp430-elf/lib\libnosys.a(nosyscalls.o)
 .MSP430.attributes
                0x00000284       0x17 c:/ti/ccsv6/tools/compiler/gcc_msp430_4.9.14r1_98/bin/../lib/gcc/msp430-elf/4.9.1/../../../../msp430-elf/lib\libc.a(lib_a-errno.o)
 .MSP430.attributes
                0x0000029b       0x17 c:/ti/ccsv6/tools/compiler/gcc_msp430_4.9.14r1_98/bin/../lib/gcc/msp430-elf/4.9.1/crtend.o
 .MSP430.attributes
                0x000002b2       0x17 c:/ti/ccsv6/tools/compiler/gcc_msp430_4.9.14r1_98/bin/../lib/gcc/msp430-elf/4.9.1/../../../../msp430-elf/lib/crtn.o
 *(.gnu.attributes)
 *(__TI_build_attributes)

.stab
 *(.stab)

.stabstr
 *(.stabstr)

.stab.excl
 *(.stab.excl)

.stab.exclstr
 *(.stab.exclstr)

.stab.index
 *(.stab.index)

.stab.indexstr
 *(.stab.indexstr)

.comment        0x00000000       0x7b
 *(.comment)
 .comment       0x00000000       0x7b c:/ti/ccsv6/tools/compiler/gcc_msp430_4.9.14r1_98/bin/../lib/gcc/msp430-elf/4.9.1/crtbegin.o
                                 0x7c (size before relaxing)
 .comment       0x00000000       0x7c ./led_drive.o
 .comment       0x00000000       0x7c ./main.o
 .comment       0x00000000       0x7c ./sensor.o
 .comment       0x00000000       0x7c c:/ti/ccsv6/tools/compiler/gcc_msp430_4.9.14r1_98/bin/../lib/gcc/msp430-elf/4.9.1/../../../../msp430-elf/lib\libc.a(lib_a-rand.o)
 .comment       0x00000000       0x7c c:/ti/ccsv6/tools/compiler/gcc_msp430_4.9.14r1_98/bin/../lib/gcc/msp430-elf/4.9.1/../../../../msp430-elf/lib\libc.a(lib_a-impure.o)
 .comment       0x00000000       0x7c c:/ti/ccsv6/tools/compiler/gcc_msp430_4.9.14r1_98/bin/../lib/gcc/msp430-elf/4.9.1/../../../../msp430-elf/lib\libc.a(lib_a-malloc.o)
 .comment       0x00000000       0x7c c:/ti/ccsv6/tools/compiler/gcc_msp430_4.9.14r1_98/bin/../lib/gcc/msp430-elf/4.9.1/../../../../msp430-elf/lib\libc.a(lib_a-nano-freer.o)
 .comment       0x00000000       0x7c c:/ti/ccsv6/tools/compiler/gcc_msp430_4.9.14r1_98/bin/../lib/gcc/msp430-elf/4.9.1/../../../../msp430-elf/lib\libc.a(lib_a-nano-mallocr.o)
 .comment       0x00000000       0x7c c:/ti/ccsv6/tools/compiler/gcc_msp430_4.9.14r1_98/bin/../lib/gcc/msp430-elf/4.9.1/../../../../msp430-elf/lib\libc.a(lib_a-sbrkr.o)
 .comment       0x00000000       0x7c c:/ti/ccsv6/tools/compiler/gcc_msp430_4.9.14r1_98/bin/../lib/gcc/msp430-elf/4.9.1/../../../../msp430-elf/lib\libc.a(lib_a-reent.o)
 .comment       0x00000000       0x7c c:/ti/ccsv6/tools/compiler/gcc_msp430_4.9.14r1_98/bin/../lib/gcc/msp430-elf/4.9.1\libgcc.a(_muldi3.o)
 .comment       0x00000000       0x7c c:/ti/ccsv6/tools/compiler/gcc_msp430_4.9.14r1_98/bin/../lib/gcc/msp430-elf/4.9.1\libgcc.a(_lshrdi3.o)
 .comment       0x00000000       0x7c c:/ti/ccsv6/tools/compiler/gcc_msp430_4.9.14r1_98/bin/../lib/gcc/msp430-elf/4.9.1\libgcc.a(lib2mul.o)
 .comment       0x00000000       0x7c c:/ti/ccsv6/tools/compiler/gcc_msp430_4.9.14r1_98/bin/../lib/gcc/msp430-elf/4.9.1/../../../../msp430-elf/lib\libnosys.a(sbrk.o)
 .comment       0x00000000       0x7c c:/ti/ccsv6/tools/compiler/gcc_msp430_4.9.14r1_98/bin/../lib/gcc/msp430-elf/4.9.1/../../../../msp430-elf/lib\libnosys.a(write.o)
 .comment       0x00000000       0x7c c:/ti/ccsv6/tools/compiler/gcc_msp430_4.9.14r1_98/bin/../lib/gcc/msp430-elf/4.9.1/../../../../msp430-elf/lib\libc.a(lib_a-abort.o)
 .comment       0x00000000       0x7c c:/ti/ccsv6/tools/compiler/gcc_msp430_4.9.14r1_98/bin/../lib/gcc/msp430-elf/4.9.1/../../../../msp430-elf/lib\libc.a(lib_a-memcpy.o)
 .comment       0x00000000       0x7c c:/ti/ccsv6/tools/compiler/gcc_msp430_4.9.14r1_98/bin/../lib/gcc/msp430-elf/4.9.1/../../../../msp430-elf/lib\libc.a(lib_a-memset.o)
 .comment       0x00000000       0x7c c:/ti/ccsv6/tools/compiler/gcc_msp430_4.9.14r1_98/bin/../lib/gcc/msp430-elf/4.9.1/../../../../msp430-elf/lib\libc.a(lib_a-signal.o)
 .comment       0x00000000       0x7c c:/ti/ccsv6/tools/compiler/gcc_msp430_4.9.14r1_98/bin/../lib/gcc/msp430-elf/4.9.1/../../../../msp430-elf/lib\libc.a(lib_a-signalr.o)
 .comment       0x00000000       0x7c c:/ti/ccsv6/tools/compiler/gcc_msp430_4.9.14r1_98/bin/../lib/gcc/msp430-elf/4.9.1/../../../../msp430-elf/lib\libc.a(lib_a-errno.o)
 .comment       0x00000000       0x7c c:/ti/ccsv6/tools/compiler/gcc_msp430_4.9.14r1_98/bin/../lib/gcc/msp430-elf/4.9.1/crtend.o

.debug
 *(.debug)

.line
 *(.line)

.debug_srcinfo
 *(.debug_srcinfo)

.debug_sfnames
 *(.debug_sfnames)

.debug_aranges  0x00000000      0x3d8
 *(.debug_aranges)
 .debug_aranges
                0x00000000       0x30 c:/ti/ccsv6/tools/compiler/gcc_msp430_4.9.14r1_98/bin/../lib/gcc/msp430-elf/4.9.1/../../../../msp430-elf/lib/crt0.o
 .debug_aranges
                0x00000030       0x20 ./led_drive.o
 .debug_aranges
                0x00000050       0x20 ./main.o
 .debug_aranges
                0x00000070       0x20 ./sensor.o
 .debug_aranges
                0x00000090       0x28 c:/ti/ccsv6/tools/compiler/gcc_msp430_4.9.14r1_98/bin/../lib/gcc/msp430-elf/4.9.1/../../../../msp430-elf/lib\libc.a(lib_a-rand.o)
 .debug_aranges
                0x000000b8       0x18 c:/ti/ccsv6/tools/compiler/gcc_msp430_4.9.14r1_98/bin/../lib/gcc/msp430-elf/4.9.1/../../../../msp430-elf/lib\libc.a(lib_a-impure.o)
 .debug_aranges
                0x000000d0       0x28 c:/ti/ccsv6/tools/compiler/gcc_msp430_4.9.14r1_98/bin/../lib/gcc/msp430-elf/4.9.1/../../../../msp430-elf/lib\libc.a(lib_a-malloc.o)
 .debug_aranges
                0x000000f8       0x20 c:/ti/ccsv6/tools/compiler/gcc_msp430_4.9.14r1_98/bin/../lib/gcc/msp430-elf/4.9.1/../../../../msp430-elf/lib\libc.a(lib_a-nano-freer.o)
 .debug_aranges
                0x00000118       0x20 c:/ti/ccsv6/tools/compiler/gcc_msp430_4.9.14r1_98/bin/../lib/gcc/msp430-elf/4.9.1/../../../../msp430-elf/lib\libc.a(lib_a-nano-mallocr.o)
 .debug_aranges
                0x00000138       0x20 c:/ti/ccsv6/tools/compiler/gcc_msp430_4.9.14r1_98/bin/../lib/gcc/msp430-elf/4.9.1/../../../../msp430-elf/lib\libc.a(lib_a-sbrkr.o)
 .debug_aranges
                0x00000158       0x28 c:/ti/ccsv6/tools/compiler/gcc_msp430_4.9.14r1_98/bin/../lib/gcc/msp430-elf/4.9.1/../../../../msp430-elf/lib\libc.a(lib_a-reent.o)
 .debug_aranges
                0x00000180       0x20 c:/ti/ccsv6/tools/compiler/gcc_msp430_4.9.14r1_98/bin/../lib/gcc/msp430-elf/4.9.1\libgcc.a(_muldi3.o)
 .debug_aranges
                0x000001a0       0x20 c:/ti/ccsv6/tools/compiler/gcc_msp430_4.9.14r1_98/bin/../lib/gcc/msp430-elf/4.9.1\libgcc.a(_lshrdi3.o)
 .debug_aranges
                0x000001c0       0x30 c:/ti/ccsv6/tools/compiler/gcc_msp430_4.9.14r1_98/bin/../lib/gcc/msp430-elf/4.9.1\libgcc.a(lib2mul.o)
 .debug_aranges
                0x000001f0       0x20 c:/ti/ccsv6/tools/compiler/gcc_msp430_4.9.14r1_98/bin/../lib/gcc/msp430-elf/4.9.1/../../../../msp430-elf/lib\libcrt.a(crt_bss.o)
 .debug_aranges
                0x00000210       0x20 c:/ti/ccsv6/tools/compiler/gcc_msp430_4.9.14r1_98/bin/../lib/gcc/msp430-elf/4.9.1/../../../../msp430-elf/lib\libcrt.a(crt_main.o)
 .debug_aranges
                0x00000230       0x20 c:/ti/ccsv6/tools/compiler/gcc_msp430_4.9.14r1_98/bin/../lib/gcc/msp430-elf/4.9.1/../../../../msp430-elf/lib\libnosys.a(sbrk.o)
 .debug_aranges
                0x00000250       0x20 c:/ti/ccsv6/tools/compiler/gcc_msp430_4.9.14r1_98/bin/../lib/gcc/msp430-elf/4.9.1/../../../../msp430-elf/lib\libnosys.a(write.o)
 .debug_aranges
                0x00000270       0x20 c:/ti/ccsv6/tools/compiler/gcc_msp430_4.9.14r1_98/bin/../lib/gcc/msp430-elf/4.9.1/../../../../msp430-elf/lib\libnosys.a(cio.o)
 .debug_aranges
                0x00000290       0x20 c:/ti/ccsv6/tools/compiler/gcc_msp430_4.9.14r1_98/bin/../lib/gcc/msp430-elf/4.9.1/../../../../msp430-elf/lib\libc.a(lib_a-abort.o)
 .debug_aranges
                0x000002b0       0x20 c:/ti/ccsv6/tools/compiler/gcc_msp430_4.9.14r1_98/bin/../lib/gcc/msp430-elf/4.9.1/../../../../msp430-elf/lib\libc.a(lib_a-memcpy.o)
 .debug_aranges
                0x000002d0       0x20 c:/ti/ccsv6/tools/compiler/gcc_msp430_4.9.14r1_98/bin/../lib/gcc/msp430-elf/4.9.1/../../../../msp430-elf/lib\libc.a(lib_a-memset.o)
 .debug_aranges
                0x000002f0       0x58 c:/ti/ccsv6/tools/compiler/gcc_msp430_4.9.14r1_98/bin/../lib/gcc/msp430-elf/4.9.1/../../../../msp430-elf/lib\libc.a(lib_a-signal.o)
 .debug_aranges
                0x00000348       0x28 c:/ti/ccsv6/tools/compiler/gcc_msp430_4.9.14r1_98/bin/../lib/gcc/msp430-elf/4.9.1/../../../../msp430-elf/lib\libc.a(lib_a-signalr.o)
 .debug_aranges
                0x00000370       0x20 c:/ti/ccsv6/tools/compiler/gcc_msp430_4.9.14r1_98/bin/../lib/gcc/msp430-elf/4.9.1/../../../../msp430-elf/lib\libnosys.a(nosyscalls.o)
 .debug_aranges
                0x00000390       0x20 c:/ti/ccsv6/tools/compiler/gcc_msp430_4.9.14r1_98/bin/../lib/gcc/msp430-elf/4.9.1/../../../../msp430-elf/lib\libc.a(lib_a-errno.o)
 .debug_aranges
                0x000003b0       0x28 c:/ti/ccsv6/tools/compiler/gcc_msp430_4.9.14r1_98/bin/../lib/gcc/msp430-elf/4.9.1/../../../../msp430-elf/lib/crtn.o

.debug_pubnames
 *(.debug_pubnames)

.debug_info     0x00000000     0x71f3
 *(.debug_info .gnu.linkonce.wi.*)
 .debug_info    0x00000000       0xca c:/ti/ccsv6/tools/compiler/gcc_msp430_4.9.14r1_98/bin/../lib/gcc/msp430-elf/4.9.1/../../../../msp430-elf/lib/crt0.o
 .debug_info    0x000000ca      0x31d ./led_drive.o
 .debug_info    0x000003e7      0x356 ./main.o
 .debug_info    0x0000073d      0x199 ./sensor.o
 .debug_info    0x000008d6      0x8d8 c:/ti/ccsv6/tools/compiler/gcc_msp430_4.9.14r1_98/bin/../lib/gcc/msp430-elf/4.9.1/../../../../msp430-elf/lib\libc.a(lib_a-rand.o)
 .debug_info    0x000011ae      0x896 c:/ti/ccsv6/tools/compiler/gcc_msp430_4.9.14r1_98/bin/../lib/gcc/msp430-elf/4.9.1/../../../../msp430-elf/lib\libc.a(lib_a-impure.o)
 .debug_info    0x00001a44      0x884 c:/ti/ccsv6/tools/compiler/gcc_msp430_4.9.14r1_98/bin/../lib/gcc/msp430-elf/4.9.1/../../../../msp430-elf/lib\libc.a(lib_a-malloc.o)
 .debug_info    0x000022c8      0x8e1 c:/ti/ccsv6/tools/compiler/gcc_msp430_4.9.14r1_98/bin/../lib/gcc/msp430-elf/4.9.1/../../../../msp430-elf/lib\libc.a(lib_a-nano-freer.o)
 .debug_info    0x00002ba9      0x9bd c:/ti/ccsv6/tools/compiler/gcc_msp430_4.9.14r1_98/bin/../lib/gcc/msp430-elf/4.9.1/../../../../msp430-elf/lib\libc.a(lib_a-nano-mallocr.o)
 .debug_info    0x00003566      0x863 c:/ti/ccsv6/tools/compiler/gcc_msp430_4.9.14r1_98/bin/../lib/gcc/msp430-elf/4.9.1/../../../../msp430-elf/lib\libc.a(lib_a-sbrkr.o)
 .debug_info    0x00003dc9      0x9cb c:/ti/ccsv6/tools/compiler/gcc_msp430_4.9.14r1_98/bin/../lib/gcc/msp430-elf/4.9.1/../../../../msp430-elf/lib\libc.a(lib_a-reent.o)
 .debug_info    0x00004794      0x230 c:/ti/ccsv6/tools/compiler/gcc_msp430_4.9.14r1_98/bin/../lib/gcc/msp430-elf/4.9.1\libgcc.a(_muldi3.o)
 .debug_info    0x000049c4      0x187 c:/ti/ccsv6/tools/compiler/gcc_msp430_4.9.14r1_98/bin/../lib/gcc/msp430-elf/4.9.1\libgcc.a(_lshrdi3.o)
 .debug_info    0x00004b4b      0x14e c:/ti/ccsv6/tools/compiler/gcc_msp430_4.9.14r1_98/bin/../lib/gcc/msp430-elf/4.9.1\libgcc.a(lib2mul.o)
 .debug_info    0x00004c99       0xce c:/ti/ccsv6/tools/compiler/gcc_msp430_4.9.14r1_98/bin/../lib/gcc/msp430-elf/4.9.1/../../../../msp430-elf/lib\libcrt.a(crt_bss.o)
 .debug_info    0x00004d67       0xce c:/ti/ccsv6/tools/compiler/gcc_msp430_4.9.14r1_98/bin/../lib/gcc/msp430-elf/4.9.1/../../../../msp430-elf/lib\libcrt.a(crt_main.o)
 .debug_info    0x00004e35      0x114 c:/ti/ccsv6/tools/compiler/gcc_msp430_4.9.14r1_98/bin/../lib/gcc/msp430-elf/4.9.1/../../../../msp430-elf/lib\libnosys.a(sbrk.o)
 .debug_info    0x00004f49      0x1cd c:/ti/ccsv6/tools/compiler/gcc_msp430_4.9.14r1_98/bin/../lib/gcc/msp430-elf/4.9.1/../../../../msp430-elf/lib\libnosys.a(write.o)
 .debug_info    0x00005116       0xcd c:/ti/ccsv6/tools/compiler/gcc_msp430_4.9.14r1_98/bin/../lib/gcc/msp430-elf/4.9.1/../../../../msp430-elf/lib\libnosys.a(cio.o)
 .debug_info    0x000051e3       0xd0 c:/ti/ccsv6/tools/compiler/gcc_msp430_4.9.14r1_98/bin/../lib/gcc/msp430-elf/4.9.1/../../../../msp430-elf/lib\libc.a(lib_a-abort.o)
 .debug_info    0x000052b3       0xfe c:/ti/ccsv6/tools/compiler/gcc_msp430_4.9.14r1_98/bin/../lib/gcc/msp430-elf/4.9.1/../../../../msp430-elf/lib\libc.a(lib_a-memcpy.o)
 .debug_info    0x000053b1       0xcf c:/ti/ccsv6/tools/compiler/gcc_msp430_4.9.14r1_98/bin/../lib/gcc/msp430-elf/4.9.1/../../../../msp430-elf/lib\libc.a(lib_a-memset.o)
 .debug_info    0x00005480      0xb1e c:/ti/ccsv6/tools/compiler/gcc_msp430_4.9.14r1_98/bin/../lib/gcc/msp430-elf/4.9.1/../../../../msp430-elf/lib\libc.a(lib_a-signal.o)
 .debug_info    0x00005f9e      0x8bf c:/ti/ccsv6/tools/compiler/gcc_msp430_4.9.14r1_98/bin/../lib/gcc/msp430-elf/4.9.1/../../../../msp430-elf/lib\libc.a(lib_a-signalr.o)
 .debug_info    0x0000685d       0xd4 c:/ti/ccsv6/tools/compiler/gcc_msp430_4.9.14r1_98/bin/../lib/gcc/msp430-elf/4.9.1/../../../../msp430-elf/lib\libnosys.a(nosyscalls.o)
 .debug_info    0x00006931      0x7f8 c:/ti/ccsv6/tools/compiler/gcc_msp430_4.9.14r1_98/bin/../lib/gcc/msp430-elf/4.9.1/../../../../msp430-elf/lib\libc.a(lib_a-errno.o)
 .debug_info    0x00007129       0xca c:/ti/ccsv6/tools/compiler/gcc_msp430_4.9.14r1_98/bin/../lib/gcc/msp430-elf/4.9.1/../../../../msp430-elf/lib/crtn.o

.debug_abbrev   0x00000000     0x1b6f
 *(.debug_abbrev)
 .debug_abbrev  0x00000000       0x12 c:/ti/ccsv6/tools/compiler/gcc_msp430_4.9.14r1_98/bin/../lib/gcc/msp430-elf/4.9.1/../../../../msp430-elf/lib/crt0.o
 .debug_abbrev  0x00000012       0xe2 ./led_drive.o
 .debug_abbrev  0x000000f4      0x142 ./main.o
 .debug_abbrev  0x00000236       0xe2 ./sensor.o
 .debug_abbrev  0x00000318      0x1de c:/ti/ccsv6/tools/compiler/gcc_msp430_4.9.14r1_98/bin/../lib/gcc/msp430-elf/4.9.1/../../../../msp430-elf/lib\libc.a(lib_a-rand.o)
 .debug_abbrev  0x000004f6      0x13b c:/ti/ccsv6/tools/compiler/gcc_msp430_4.9.14r1_98/bin/../lib/gcc/msp430-elf/4.9.1/../../../../msp430-elf/lib\libc.a(lib_a-impure.o)
 .debug_abbrev  0x00000631      0x1a1 c:/ti/ccsv6/tools/compiler/gcc_msp430_4.9.14r1_98/bin/../lib/gcc/msp430-elf/4.9.1/../../../../msp430-elf/lib\libc.a(lib_a-malloc.o)
 .debug_abbrev  0x000007d2      0x1bd c:/ti/ccsv6/tools/compiler/gcc_msp430_4.9.14r1_98/bin/../lib/gcc/msp430-elf/4.9.1/../../../../msp430-elf/lib\libc.a(lib_a-nano-freer.o)
 .debug_abbrev  0x0000098f      0x243 c:/ti/ccsv6/tools/compiler/gcc_msp430_4.9.14r1_98/bin/../lib/gcc/msp430-elf/4.9.1/../../../../msp430-elf/lib\libc.a(lib_a-nano-mallocr.o)
 .debug_abbrev  0x00000bd2      0x1a7 c:/ti/ccsv6/tools/compiler/gcc_msp430_4.9.14r1_98/bin/../lib/gcc/msp430-elf/4.9.1/../../../../msp430-elf/lib\libc.a(lib_a-sbrkr.o)
 .debug_abbrev  0x00000d79      0x1f2 c:/ti/ccsv6/tools/compiler/gcc_msp430_4.9.14r1_98/bin/../lib/gcc/msp430-elf/4.9.1/../../../../msp430-elf/lib\libc.a(lib_a-reent.o)
 .debug_abbrev  0x00000f6b      0x124 c:/ti/ccsv6/tools/compiler/gcc_msp430_4.9.14r1_98/bin/../lib/gcc/msp430-elf/4.9.1\libgcc.a(_muldi3.o)
 .debug_abbrev  0x0000108f       0xef c:/ti/ccsv6/tools/compiler/gcc_msp430_4.9.14r1_98/bin/../lib/gcc/msp430-elf/4.9.1\libgcc.a(_lshrdi3.o)
 .debug_abbrev  0x0000117e       0x7e c:/ti/ccsv6/tools/compiler/gcc_msp430_4.9.14r1_98/bin/../lib/gcc/msp430-elf/4.9.1\libgcc.a(lib2mul.o)
 .debug_abbrev  0x000011fc       0x14 c:/ti/ccsv6/tools/compiler/gcc_msp430_4.9.14r1_98/bin/../lib/gcc/msp430-elf/4.9.1/../../../../msp430-elf/lib\libcrt.a(crt_bss.o)
 .debug_abbrev  0x00001210       0x14 c:/ti/ccsv6/tools/compiler/gcc_msp430_4.9.14r1_98/bin/../lib/gcc/msp430-elf/4.9.1/../../../../msp430-elf/lib\libcrt.a(crt_main.o)
 .debug_abbrev  0x00001224      0x100 c:/ti/ccsv6/tools/compiler/gcc_msp430_4.9.14r1_98/bin/../lib/gcc/msp430-elf/4.9.1/../../../../msp430-elf/lib\libnosys.a(sbrk.o)
 .debug_abbrev  0x00001324      0x127 c:/ti/ccsv6/tools/compiler/gcc_msp430_4.9.14r1_98/bin/../lib/gcc/msp430-elf/4.9.1/../../../../msp430-elf/lib\libnosys.a(write.o)
 .debug_abbrev  0x0000144b       0x14 c:/ti/ccsv6/tools/compiler/gcc_msp430_4.9.14r1_98/bin/../lib/gcc/msp430-elf/4.9.1/../../../../msp430-elf/lib\libnosys.a(cio.o)
 .debug_abbrev  0x0000145f       0x93 c:/ti/ccsv6/tools/compiler/gcc_msp430_4.9.14r1_98/bin/../lib/gcc/msp430-elf/4.9.1/../../../../msp430-elf/lib\libc.a(lib_a-abort.o)
 .debug_abbrev  0x000014f2       0xa2 c:/ti/ccsv6/tools/compiler/gcc_msp430_4.9.14r1_98/bin/../lib/gcc/msp430-elf/4.9.1/../../../../msp430-elf/lib\libc.a(lib_a-memcpy.o)
 .debug_abbrev  0x00001594       0x8c c:/ti/ccsv6/tools/compiler/gcc_msp430_4.9.14r1_98/bin/../lib/gcc/msp430-elf/4.9.1/../../../../msp430-elf/lib\libc.a(lib_a-memset.o)
 .debug_abbrev  0x00001620      0x24a c:/ti/ccsv6/tools/compiler/gcc_msp430_4.9.14r1_98/bin/../lib/gcc/msp430-elf/4.9.1/../../../../msp430-elf/lib\libc.a(lib_a-signal.o)
 .debug_abbrev  0x0000186a      0x1a6 c:/ti/ccsv6/tools/compiler/gcc_msp430_4.9.14r1_98/bin/../lib/gcc/msp430-elf/4.9.1/../../../../msp430-elf/lib\libc.a(lib_a-signalr.o)
 .debug_abbrev  0x00001a10       0x14 c:/ti/ccsv6/tools/compiler/gcc_msp430_4.9.14r1_98/bin/../lib/gcc/msp430-elf/4.9.1/../../../../msp430-elf/lib\libnosys.a(nosyscalls.o)
 .debug_abbrev  0x00001a24      0x139 c:/ti/ccsv6/tools/compiler/gcc_msp430_4.9.14r1_98/bin/../lib/gcc/msp430-elf/4.9.1/../../../../msp430-elf/lib\libc.a(lib_a-errno.o)
 .debug_abbrev  0x00001b5d       0x12 c:/ti/ccsv6/tools/compiler/gcc_msp430_4.9.14r1_98/bin/../lib/gcc/msp430-elf/4.9.1/../../../../msp430-elf/lib/crtn.o

.debug_line     0x00000000     0x29a0
 *(.debug_line .debug_line.* .debug_line_end)
 .debug_line    0x00000000      0x104 c:/ti/ccsv6/tools/compiler/gcc_msp430_4.9.14r1_98/bin/../lib/gcc/msp430-elf/4.9.1/../../../../msp430-elf/lib/crt0.o
 .debug_line    0x00000104      0x4b0 ./led_drive.o
 .debug_line    0x000005b4      0x35a ./main.o
 .debug_line    0x0000090e      0x1ed ./sensor.o
 .debug_line    0x00000afb      0x172 c:/ti/ccsv6/tools/compiler/gcc_msp430_4.9.14r1_98/bin/../lib/gcc/msp430-elf/4.9.1/../../../../msp430-elf/lib\libc.a(lib_a-rand.o)
 .debug_line.text.srand
                0x00000c6d       0x35 c:/ti/ccsv6/tools/compiler/gcc_msp430_4.9.14r1_98/bin/../lib/gcc/msp430-elf/4.9.1/../../../../msp430-elf/lib\libc.a(lib_a-rand.o)
 .debug_line.text.rand
                0x00000ca2       0x41 c:/ti/ccsv6/tools/compiler/gcc_msp430_4.9.14r1_98/bin/../lib/gcc/msp430-elf/4.9.1/../../../../msp430-elf/lib\libc.a(lib_a-rand.o)
 .debug_line_end
                0x00000ce3        0x0 c:/ti/ccsv6/tools/compiler/gcc_msp430_4.9.14r1_98/bin/../lib/gcc/msp430-elf/4.9.1/../../../../msp430-elf/lib\libc.a(lib_a-rand.o)
 .debug_line    0x00000ce3      0x12a c:/ti/ccsv6/tools/compiler/gcc_msp430_4.9.14r1_98/bin/../lib/gcc/msp430-elf/4.9.1/../../../../msp430-elf/lib\libc.a(lib_a-impure.o)
 .debug_line_end
                0x00000e0d        0x0 c:/ti/ccsv6/tools/compiler/gcc_msp430_4.9.14r1_98/bin/../lib/gcc/msp430-elf/4.9.1/../../../../msp430-elf/lib\libc.a(lib_a-impure.o)
 .debug_line    0x00000e0d      0x174 c:/ti/ccsv6/tools/compiler/gcc_msp430_4.9.14r1_98/bin/../lib/gcc/msp430-elf/4.9.1/../../../../msp430-elf/lib\libc.a(lib_a-malloc.o)
 .debug_line.text.malloc
                0x00000f81       0x1d c:/ti/ccsv6/tools/compiler/gcc_msp430_4.9.14r1_98/bin/../lib/gcc/msp430-elf/4.9.1/../../../../msp430-elf/lib\libc.a(lib_a-malloc.o)
 .debug_line.text.free
                0x00000f9e       0x1d c:/ti/ccsv6/tools/compiler/gcc_msp430_4.9.14r1_98/bin/../lib/gcc/msp430-elf/4.9.1/../../../../msp430-elf/lib\libc.a(lib_a-malloc.o)
 .debug_line_end
                0x00000fbb        0x0 c:/ti/ccsv6/tools/compiler/gcc_msp430_4.9.14r1_98/bin/../lib/gcc/msp430-elf/4.9.1/../../../../msp430-elf/lib\libc.a(lib_a-malloc.o)
 .debug_line    0x00000fbb      0x131 c:/ti/ccsv6/tools/compiler/gcc_msp430_4.9.14r1_98/bin/../lib/gcc/msp430-elf/4.9.1/../../../../msp430-elf/lib\libc.a(lib_a-nano-freer.o)
 .debug_line.text._free_r
                0x000010ec       0xcd c:/ti/ccsv6/tools/compiler/gcc_msp430_4.9.14r1_98/bin/../lib/gcc/msp430-elf/4.9.1/../../../../msp430-elf/lib\libc.a(lib_a-nano-freer.o)
 .debug_line_end
                0x000011b9        0x0 c:/ti/ccsv6/tools/compiler/gcc_msp430_4.9.14r1_98/bin/../lib/gcc/msp430-elf/4.9.1/../../../../msp430-elf/lib\libc.a(lib_a-nano-freer.o)
 .debug_line    0x000011b9      0x179 c:/ti/ccsv6/tools/compiler/gcc_msp430_4.9.14r1_98/bin/../lib/gcc/msp430-elf/4.9.1/../../../../msp430-elf/lib\libc.a(lib_a-nano-mallocr.o)
 .debug_line.text._malloc_r
                0x00001332       0xdb c:/ti/ccsv6/tools/compiler/gcc_msp430_4.9.14r1_98/bin/../lib/gcc/msp430-elf/4.9.1/../../../../msp430-elf/lib\libc.a(lib_a-nano-mallocr.o)
 .debug_line_end
                0x0000140d        0x0 c:/ti/ccsv6/tools/compiler/gcc_msp430_4.9.14r1_98/bin/../lib/gcc/msp430-elf/4.9.1/../../../../msp430-elf/lib\libc.a(lib_a-nano-mallocr.o)
 .debug_line    0x0000140d      0x171 c:/ti/ccsv6/tools/compiler/gcc_msp430_4.9.14r1_98/bin/../lib/gcc/msp430-elf/4.9.1/../../../../msp430-elf/lib\libc.a(lib_a-sbrkr.o)
 .debug_line.text._sbrk_r
                0x0000157e       0x34 c:/ti/ccsv6/tools/compiler/gcc_msp430_4.9.14r1_98/bin/../lib/gcc/msp430-elf/4.9.1/../../../../msp430-elf/lib\libc.a(lib_a-sbrkr.o)
 .debug_line_end
                0x000015b2        0x0 c:/ti/ccsv6/tools/compiler/gcc_msp430_4.9.14r1_98/bin/../lib/gcc/msp430-elf/4.9.1/../../../../msp430-elf/lib\libc.a(lib_a-sbrkr.o)
 .debug_line    0x000015b2      0x172 c:/ti/ccsv6/tools/compiler/gcc_msp430_4.9.14r1_98/bin/../lib/gcc/msp430-elf/4.9.1/../../../../msp430-elf/lib\libc.a(lib_a-reent.o)
 .debug_line.text.cleanup_glue
                0x00001724       0x28 c:/ti/ccsv6/tools/compiler/gcc_msp430_4.9.14r1_98/bin/../lib/gcc/msp430-elf/4.9.1/../../../../msp430-elf/lib\libc.a(lib_a-reent.o)
 .debug_line.text._reclaim_reent
                0x0000174c       0xf8 c:/ti/ccsv6/tools/compiler/gcc_msp430_4.9.14r1_98/bin/../lib/gcc/msp430-elf/4.9.1/../../../../msp430-elf/lib\libc.a(lib_a-reent.o)
 .debug_line_end
                0x00001844        0x0 c:/ti/ccsv6/tools/compiler/gcc_msp430_4.9.14r1_98/bin/../lib/gcc/msp430-elf/4.9.1/../../../../msp430-elf/lib\libc.a(lib_a-reent.o)
 .debug_line    0x00001844       0x67 c:/ti/ccsv6/tools/compiler/gcc_msp430_4.9.14r1_98/bin/../lib/gcc/msp430-elf/4.9.1\libgcc.a(_muldi3.o)
 .debug_line.text.__muldi3
                0x000018ab       0x55 c:/ti/ccsv6/tools/compiler/gcc_msp430_4.9.14r1_98/bin/../lib/gcc/msp430-elf/4.9.1\libgcc.a(_muldi3.o)
 .debug_line_end
                0x00001900        0x0 c:/ti/ccsv6/tools/compiler/gcc_msp430_4.9.14r1_98/bin/../lib/gcc/msp430-elf/4.9.1\libgcc.a(_muldi3.o)
 .debug_line    0x00001900       0x67 c:/ti/ccsv6/tools/compiler/gcc_msp430_4.9.14r1_98/bin/../lib/gcc/msp430-elf/4.9.1\libgcc.a(_lshrdi3.o)
 .debug_line.text.__lshrdi3
                0x00001967       0x53 c:/ti/ccsv6/tools/compiler/gcc_msp430_4.9.14r1_98/bin/../lib/gcc/msp430-elf/4.9.1\libgcc.a(_lshrdi3.o)
 .debug_line_end
                0x000019ba        0x0 c:/ti/ccsv6/tools/compiler/gcc_msp430_4.9.14r1_98/bin/../lib/gcc/msp430-elf/4.9.1\libgcc.a(_lshrdi3.o)
 .debug_line    0x000019ba       0x78 c:/ti/ccsv6/tools/compiler/gcc_msp430_4.9.14r1_98/bin/../lib/gcc/msp430-elf/4.9.1\libgcc.a(lib2mul.o)
 .debug_line.text.__mulhi3
                0x00001a32       0x58 c:/ti/ccsv6/tools/compiler/gcc_msp430_4.9.14r1_98/bin/../lib/gcc/msp430-elf/4.9.1\libgcc.a(lib2mul.o)
 .debug_line.text.__mulqi3
                0x00001a8a       0x58 c:/ti/ccsv6/tools/compiler/gcc_msp430_4.9.14r1_98/bin/../lib/gcc/msp430-elf/4.9.1\libgcc.a(lib2mul.o)
 .debug_line.text.__mulsi3
                0x00001ae2       0x58 c:/ti/ccsv6/tools/compiler/gcc_msp430_4.9.14r1_98/bin/../lib/gcc/msp430-elf/4.9.1\libgcc.a(lib2mul.o)
 .debug_line_end
                0x00001b3a        0x0 c:/ti/ccsv6/tools/compiler/gcc_msp430_4.9.14r1_98/bin/../lib/gcc/msp430-elf/4.9.1\libgcc.a(lib2mul.o)
 .debug_line    0x00001b3a       0x82 c:/ti/ccsv6/tools/compiler/gcc_msp430_4.9.14r1_98/bin/../lib/gcc/msp430-elf/4.9.1/../../../../msp430-elf/lib\libcrt.a(crt_bss.o)
 .debug_line    0x00001bbc       0x7d c:/ti/ccsv6/tools/compiler/gcc_msp430_4.9.14r1_98/bin/../lib/gcc/msp430-elf/4.9.1/../../../../msp430-elf/lib\libcrt.a(crt_main.o)
 .debug_line    0x00001c39       0xa8 c:/ti/ccsv6/tools/compiler/gcc_msp430_4.9.14r1_98/bin/../lib/gcc/msp430-elf/4.9.1/../../../../msp430-elf/lib\libnosys.a(sbrk.o)
 .debug_line    0x00001ce1       0xe0 c:/ti/ccsv6/tools/compiler/gcc_msp430_4.9.14r1_98/bin/../lib/gcc/msp430-elf/4.9.1/../../../../msp430-elf/lib\libnosys.a(write.o)
 .debug_line    0x00001dc1       0x75 c:/ti/ccsv6/tools/compiler/gcc_msp430_4.9.14r1_98/bin/../lib/gcc/msp430-elf/4.9.1/../../../../msp430-elf/lib\libnosys.a(cio.o)
 .debug_line    0x00001e36      0x106 c:/ti/ccsv6/tools/compiler/gcc_msp430_4.9.14r1_98/bin/../lib/gcc/msp430-elf/4.9.1/../../../../msp430-elf/lib\libc.a(lib_a-abort.o)
 .debug_line.text.abort
                0x00001f3c       0x1c c:/ti/ccsv6/tools/compiler/gcc_msp430_4.9.14r1_98/bin/../lib/gcc/msp430-elf/4.9.1/../../../../msp430-elf/lib\libc.a(lib_a-abort.o)
 .debug_line_end
                0x00001f58        0x0 c:/ti/ccsv6/tools/compiler/gcc_msp430_4.9.14r1_98/bin/../lib/gcc/msp430-elf/4.9.1/../../../../msp430-elf/lib\libc.a(lib_a-abort.o)
 .debug_line    0x00001f58      0x112 c:/ti/ccsv6/tools/compiler/gcc_msp430_4.9.14r1_98/bin/../lib/gcc/msp430-elf/4.9.1/../../../../msp430-elf/lib\libc.a(lib_a-memcpy.o)
 .debug_line.text.memcpy
                0x0000206a       0x22 c:/ti/ccsv6/tools/compiler/gcc_msp430_4.9.14r1_98/bin/../lib/gcc/msp430-elf/4.9.1/../../../../msp430-elf/lib\libc.a(lib_a-memcpy.o)
 .debug_line_end
                0x0000208c        0x0 c:/ti/ccsv6/tools/compiler/gcc_msp430_4.9.14r1_98/bin/../lib/gcc/msp430-elf/4.9.1/../../../../msp430-elf/lib\libc.a(lib_a-memcpy.o)
 .debug_line    0x0000208c      0x112 c:/ti/ccsv6/tools/compiler/gcc_msp430_4.9.14r1_98/bin/../lib/gcc/msp430-elf/4.9.1/../../../../msp430-elf/lib\libc.a(lib_a-memset.o)
 .debug_line.text.memset
                0x0000219e       0x22 c:/ti/ccsv6/tools/compiler/gcc_msp430_4.9.14r1_98/bin/../lib/gcc/msp430-elf/4.9.1/../../../../msp430-elf/lib\libc.a(lib_a-memset.o)
 .debug_line_end
                0x000021c0        0x0 c:/ti/ccsv6/tools/compiler/gcc_msp430_4.9.14r1_98/bin/../lib/gcc/msp430-elf/4.9.1/../../../../msp430-elf/lib\libc.a(lib_a-memset.o)
 .debug_line    0x000021c0      0x197 c:/ti/ccsv6/tools/compiler/gcc_msp430_4.9.14r1_98/bin/../lib/gcc/msp430-elf/4.9.1/../../../../msp430-elf/lib\libc.a(lib_a-signal.o)
 .debug_line.text._init_signal_r
                0x00002357       0x41 c:/ti/ccsv6/tools/compiler/gcc_msp430_4.9.14r1_98/bin/../lib/gcc/msp430-elf/4.9.1/../../../../msp430-elf/lib\libc.a(lib_a-signal.o)
 .debug_line.text._signal_r
                0x00002398       0x51 c:/ti/ccsv6/tools/compiler/gcc_msp430_4.9.14r1_98/bin/../lib/gcc/msp430-elf/4.9.1/../../../../msp430-elf/lib\libc.a(lib_a-signal.o)
 .debug_line.text._raise_r
                0x000023e9       0x71 c:/ti/ccsv6/tools/compiler/gcc_msp430_4.9.14r1_98/bin/../lib/gcc/msp430-elf/4.9.1/../../../../msp430-elf/lib\libc.a(lib_a-signal.o)
 .debug_line.text.__sigtramp_r
                0x0000245a       0x6f c:/ti/ccsv6/tools/compiler/gcc_msp430_4.9.14r1_98/bin/../lib/gcc/msp430-elf/4.9.1/../../../../msp430-elf/lib\libc.a(lib_a-signal.o)
 .debug_line.text.raise
                0x000024c9       0x1d c:/ti/ccsv6/tools/compiler/gcc_msp430_4.9.14r1_98/bin/../lib/gcc/msp430-elf/4.9.1/../../../../msp430-elf/lib\libc.a(lib_a-signal.o)
 .debug_line.text.signal
                0x000024e6       0x1d c:/ti/ccsv6/tools/compiler/gcc_msp430_4.9.14r1_98/bin/../lib/gcc/msp430-elf/4.9.1/../../../../msp430-elf/lib\libc.a(lib_a-signal.o)
 .debug_line.text._init_signal
                0x00002503       0x1d c:/ti/ccsv6/tools/compiler/gcc_msp430_4.9.14r1_98/bin/../lib/gcc/msp430-elf/4.9.1/../../../../msp430-elf/lib\libc.a(lib_a-signal.o)
 .debug_line.text.__sigtramp
                0x00002520       0x1d c:/ti/ccsv6/tools/compiler/gcc_msp430_4.9.14r1_98/bin/../lib/gcc/msp430-elf/4.9.1/../../../../msp430-elf/lib\libc.a(lib_a-signal.o)
 .debug_line_end
                0x0000253d        0x0 c:/ti/ccsv6/tools/compiler/gcc_msp430_4.9.14r1_98/bin/../lib/gcc/msp430-elf/4.9.1/../../../../msp430-elf/lib\libc.a(lib_a-signal.o)
 .debug_line    0x0000253d      0x18a c:/ti/ccsv6/tools/compiler/gcc_msp430_4.9.14r1_98/bin/../lib/gcc/msp430-elf/4.9.1/../../../../msp430-elf/lib\libc.a(lib_a-signalr.o)
 .debug_line.text._kill_r
                0x000026c7       0x34 c:/ti/ccsv6/tools/compiler/gcc_msp430_4.9.14r1_98/bin/../lib/gcc/msp430-elf/4.9.1/../../../../msp430-elf/lib\libc.a(lib_a-signalr.o)
 .debug_line.text._getpid_r
                0x000026fb       0x1d c:/ti/ccsv6/tools/compiler/gcc_msp430_4.9.14r1_98/bin/../lib/gcc/msp430-elf/4.9.1/../../../../msp430-elf/lib\libc.a(lib_a-signalr.o)
 .debug_line_end
                0x00002718        0x0 c:/ti/ccsv6/tools/compiler/gcc_msp430_4.9.14r1_98/bin/../lib/gcc/msp430-elf/4.9.1/../../../../msp430-elf/lib\libc.a(lib_a-signalr.o)
 .debug_line    0x00002718       0xb2 c:/ti/ccsv6/tools/compiler/gcc_msp430_4.9.14r1_98/bin/../lib/gcc/msp430-elf/4.9.1/../../../../msp430-elf/lib\libnosys.a(nosyscalls.o)
 .debug_line    0x000027ca      0x134 c:/ti/ccsv6/tools/compiler/gcc_msp430_4.9.14r1_98/bin/../lib/gcc/msp430-elf/4.9.1/../../../../msp430-elf/lib\libc.a(lib_a-errno.o)
 .debug_line.text.__errno
                0x000028fe       0x16 c:/ti/ccsv6/tools/compiler/gcc_msp430_4.9.14r1_98/bin/../lib/gcc/msp430-elf/4.9.1/../../../../msp430-elf/lib\libc.a(lib_a-errno.o)
 .debug_line_end
                0x00002914        0x0 c:/ti/ccsv6/tools/compiler/gcc_msp430_4.9.14r1_98/bin/../lib/gcc/msp430-elf/4.9.1/../../../../msp430-elf/lib\libc.a(lib_a-errno.o)
 .debug_line    0x00002914       0x8c c:/ti/ccsv6/tools/compiler/gcc_msp430_4.9.14r1_98/bin/../lib/gcc/msp430-elf/4.9.1/../../../../msp430-elf/lib/crtn.o

.debug_frame    0x00000000      0x5b8
 *(.debug_frame)
 .debug_frame   0x00000000       0xd4 ./led_drive.o
 .debug_frame   0x000000d4       0x60 ./main.o
 .debug_frame   0x00000134       0x34 ./sensor.o
 .debug_frame   0x00000168       0x58 c:/ti/ccsv6/tools/compiler/gcc_msp430_4.9.14r1_98/bin/../lib/gcc/msp430-elf/4.9.1/../../../../msp430-elf/lib\libc.a(lib_a-rand.o)
 .debug_frame   0x000001c0       0x34 c:/ti/ccsv6/tools/compiler/gcc_msp430_4.9.14r1_98/bin/../lib/gcc/msp430-elf/4.9.1/../../../../msp430-elf/lib\libc.a(lib_a-malloc.o)
 .debug_frame   0x000001f4       0x30 c:/ti/ccsv6/tools/compiler/gcc_msp430_4.9.14r1_98/bin/../lib/gcc/msp430-elf/4.9.1/../../../../msp430-elf/lib\libc.a(lib_a-nano-freer.o)
 .debug_frame   0x00000224       0x34 c:/ti/ccsv6/tools/compiler/gcc_msp430_4.9.14r1_98/bin/../lib/gcc/msp430-elf/4.9.1/../../../../msp430-elf/lib\libc.a(lib_a-nano-mallocr.o)
 .debug_frame   0x00000258       0x30 c:/ti/ccsv6/tools/compiler/gcc_msp430_4.9.14r1_98/bin/../lib/gcc/msp430-elf/4.9.1/../../../../msp430-elf/lib\libc.a(lib_a-sbrkr.o)
 .debug_frame   0x00000288       0x50 c:/ti/ccsv6/tools/compiler/gcc_msp430_4.9.14r1_98/bin/../lib/gcc/msp430-elf/4.9.1/../../../../msp430-elf/lib\libc.a(lib_a-reent.o)
 .debug_frame   0x000002d8       0x40 c:/ti/ccsv6/tools/compiler/gcc_msp430_4.9.14r1_98/bin/../lib/gcc/msp430-elf/4.9.1\libgcc.a(_muldi3.o)
 .debug_frame   0x00000318       0x40 c:/ti/ccsv6/tools/compiler/gcc_msp430_4.9.14r1_98/bin/../lib/gcc/msp430-elf/4.9.1\libgcc.a(_lshrdi3.o)
 .debug_frame   0x00000358       0x54 c:/ti/ccsv6/tools/compiler/gcc_msp430_4.9.14r1_98/bin/../lib/gcc/msp430-elf/4.9.1\libgcc.a(lib2mul.o)
 .debug_frame   0x000003ac       0x2c c:/ti/ccsv6/tools/compiler/gcc_msp430_4.9.14r1_98/bin/../lib/gcc/msp430-elf/4.9.1/../../../../msp430-elf/lib\libnosys.a(sbrk.o)
 .debug_frame   0x000003d8       0x3c c:/ti/ccsv6/tools/compiler/gcc_msp430_4.9.14r1_98/bin/../lib/gcc/msp430-elf/4.9.1/../../../../msp430-elf/lib\libnosys.a(write.o)
 .debug_frame   0x00000414       0x24 c:/ti/ccsv6/tools/compiler/gcc_msp430_4.9.14r1_98/bin/../lib/gcc/msp430-elf/4.9.1/../../../../msp430-elf/lib\libc.a(lib_a-abort.o)
 .debug_frame   0x00000438       0x30 c:/ti/ccsv6/tools/compiler/gcc_msp430_4.9.14r1_98/bin/../lib/gcc/msp430-elf/4.9.1/../../../../msp430-elf/lib\libc.a(lib_a-memcpy.o)
 .debug_frame   0x00000468       0x24 c:/ti/ccsv6/tools/compiler/gcc_msp430_4.9.14r1_98/bin/../lib/gcc/msp430-elf/4.9.1/../../../../msp430-elf/lib\libc.a(lib_a-memset.o)
 .debug_frame   0x0000048c       0xc8 c:/ti/ccsv6/tools/compiler/gcc_msp430_4.9.14r1_98/bin/../lib/gcc/msp430-elf/4.9.1/../../../../msp430-elf/lib\libc.a(lib_a-signal.o)
 .debug_frame   0x00000554       0x40 c:/ti/ccsv6/tools/compiler/gcc_msp430_4.9.14r1_98/bin/../lib/gcc/msp430-elf/4.9.1/../../../../msp430-elf/lib\libc.a(lib_a-signalr.o)
 .debug_frame   0x00000594       0x24 c:/ti/ccsv6/tools/compiler/gcc_msp430_4.9.14r1_98/bin/../lib/gcc/msp430-elf/4.9.1/../../../../msp430-elf/lib\libc.a(lib_a-errno.o)

.debug_str      0x00000000     0x1199
 *(.debug_str)
 .debug_str     0x00000000      0x1be ./led_drive.o
                                0x20e (size before relaxing)
 .debug_str     0x000001be      0x1ce ./main.o
                                0x366 (size before relaxing)
 .debug_str     0x0000038c       0x38 ./sensor.o
                                0x1f8 (size before relaxing)
 .debug_str     0x000003c4      0x478 c:/ti/ccsv6/tools/compiler/gcc_msp430_4.9.14r1_98/bin/../lib/gcc/msp430-elf/4.9.1/../../../../msp430-elf/lib\libc.a(lib_a-rand.o)
                                0x56a (size before relaxing)
 .debug_str     0x0000083c       0xa2 c:/ti/ccsv6/tools/compiler/gcc_msp430_4.9.14r1_98/bin/../lib/gcc/msp430-elf/4.9.1/../../../../msp430-elf/lib\libc.a(lib_a-impure.o)
                                0x5a5 (size before relaxing)
 .debug_str     0x000008de       0x63 c:/ti/ccsv6/tools/compiler/gcc_msp430_4.9.14r1_98/bin/../lib/gcc/msp430-elf/4.9.1/../../../../msp430-elf/lib\libc.a(lib_a-malloc.o)
                                0x579 (size before relaxing)
 .debug_str     0x00000941       0xa7 c:/ti/ccsv6/tools/compiler/gcc_msp430_4.9.14r1_98/bin/../lib/gcc/msp430-elf/4.9.1/../../../../msp430-elf/lib\libc.a(lib_a-nano-freer.o)
                                0x5bd (size before relaxing)
 .debug_str     0x000009e8       0x50 c:/ti/ccsv6/tools/compiler/gcc_msp430_4.9.14r1_98/bin/../lib/gcc/msp430-elf/4.9.1/../../../../msp430-elf/lib\libc.a(lib_a-nano-mallocr.o)
                                0x5f2 (size before relaxing)
 .debug_str     0x00000a38       0x48 c:/ti/ccsv6/tools/compiler/gcc_msp430_4.9.14r1_98/bin/../lib/gcc/msp430-elf/4.9.1/../../../../msp430-elf/lib\libc.a(lib_a-sbrkr.o)
                                0x55c (size before relaxing)
 .debug_str     0x00000a80       0x6f c:/ti/ccsv6/tools/compiler/gcc_msp430_4.9.14r1_98/bin/../lib/gcc/msp430-elf/4.9.1/../../../../msp430-elf/lib\libc.a(lib_a-reent.o)
                                0x585 (size before relaxing)
 .debug_str     0x00000aef      0x203 c:/ti/ccsv6/tools/compiler/gcc_msp430_4.9.14r1_98/bin/../lib/gcc/msp430-elf/4.9.1\libgcc.a(_muldi3.o)
                                0x28c (size before relaxing)
 .debug_str     0x00000cf2       0x23 c:/ti/ccsv6/tools/compiler/gcc_msp430_4.9.14r1_98/bin/../lib/gcc/msp430-elf/4.9.1\libgcc.a(_lshrdi3.o)
                                0x27e (size before relaxing)
 .debug_str     0x00000d15       0x87 c:/ti/ccsv6/tools/compiler/gcc_msp430_4.9.14r1_98/bin/../lib/gcc/msp430-elf/4.9.1\libgcc.a(lib2mul.o)
                                0x1b3 (size before relaxing)
 .debug_str     0x00000d9c      0x13e c:/ti/ccsv6/tools/compiler/gcc_msp430_4.9.14r1_98/bin/../lib/gcc/msp430-elf/4.9.1/../../../../msp430-elf/lib\libnosys.a(sbrk.o)
                                0x149 (size before relaxing)
 .debug_str     0x00000eda       0x76 c:/ti/ccsv6/tools/compiler/gcc_msp430_4.9.14r1_98/bin/../lib/gcc/msp430-elf/4.9.1/../../../../msp430-elf/lib\libnosys.a(write.o)
                                0x196 (size before relaxing)
 .debug_str     0x00000f50       0x50 c:/ti/ccsv6/tools/compiler/gcc_msp430_4.9.14r1_98/bin/../lib/gcc/msp430-elf/4.9.1/../../../../msp430-elf/lib\libc.a(lib_a-abort.o)
                                0x19f (size before relaxing)
 .debug_str     0x00000fa0       0x60 c:/ti/ccsv6/tools/compiler/gcc_msp430_4.9.14r1_98/bin/../lib/gcc/msp430-elf/4.9.1/../../../../msp430-elf/lib\libc.a(lib_a-memcpy.o)
                                0x1b0 (size before relaxing)
 .debug_str     0x00001000       0x4c c:/ti/ccsv6/tools/compiler/gcc_msp430_4.9.14r1_98/bin/../lib/gcc/msp430-elf/4.9.1/../../../../msp430-elf/lib\libc.a(lib_a-memset.o)
                                0x19c (size before relaxing)
 .debug_str     0x0000104c       0xab c:/ti/ccsv6/tools/compiler/gcc_msp430_4.9.14r1_98/bin/../lib/gcc/msp430-elf/4.9.1/../../../../msp430-elf/lib\libc.a(lib_a-signal.o)
                                0x5db (size before relaxing)
 .debug_str     0x000010f7       0x57 c:/ti/ccsv6/tools/compiler/gcc_msp430_4.9.14r1_98/bin/../lib/gcc/msp430-elf/4.9.1/../../../../msp430-elf/lib\libc.a(lib_a-signalr.o)
                                0x566 (size before relaxing)
 .debug_str     0x0000114e       0x4b c:/ti/ccsv6/tools/compiler/gcc_msp430_4.9.14r1_98/bin/../lib/gcc/msp430-elf/4.9.1/../../../../msp430-elf/lib\libc.a(lib_a-errno.o)
                                0x54e (size before relaxing)

.debug_loc      0x00000000     0x1235
 *(.debug_loc)
 .debug_loc     0x00000000      0x38d ./led_drive.o
 .debug_loc     0x0000038d       0x60 ./main.o
 .debug_loc     0x000003ed       0x80 ./sensor.o
 .debug_loc     0x0000046d       0x57 c:/ti/ccsv6/tools/compiler/gcc_msp430_4.9.14r1_98/bin/../lib/gcc/msp430-elf/4.9.1/../../../../msp430-elf/lib\libc.a(lib_a-rand.o)
 .debug_loc     0x000004c4       0x58 c:/ti/ccsv6/tools/compiler/gcc_msp430_4.9.14r1_98/bin/../lib/gcc/msp430-elf/4.9.1/../../../../msp430-elf/lib\libc.a(lib_a-malloc.o)
 .debug_loc     0x0000051c       0xef c:/ti/ccsv6/tools/compiler/gcc_msp430_4.9.14r1_98/bin/../lib/gcc/msp430-elf/4.9.1/../../../../msp430-elf/lib\libc.a(lib_a-nano-freer.o)
 .debug_loc     0x0000060b      0x219 c:/ti/ccsv6/tools/compiler/gcc_msp430_4.9.14r1_98/bin/../lib/gcc/msp430-elf/4.9.1/../../../../msp430-elf/lib\libc.a(lib_a-nano-mallocr.o)
 .debug_loc     0x00000824       0x3f c:/ti/ccsv6/tools/compiler/gcc_msp430_4.9.14r1_98/bin/../lib/gcc/msp430-elf/4.9.1/../../../../msp430-elf/lib\libc.a(lib_a-sbrkr.o)
 .debug_loc     0x00000863       0xa4 c:/ti/ccsv6/tools/compiler/gcc_msp430_4.9.14r1_98/bin/../lib/gcc/msp430-elf/4.9.1/../../../../msp430-elf/lib\libc.a(lib_a-reent.o)
 .debug_loc     0x00000907       0xff c:/ti/ccsv6/tools/compiler/gcc_msp430_4.9.14r1_98/bin/../lib/gcc/msp430-elf/4.9.1\libgcc.a(_muldi3.o)
 .debug_loc     0x00000a06       0xaf c:/ti/ccsv6/tools/compiler/gcc_msp430_4.9.14r1_98/bin/../lib/gcc/msp430-elf/4.9.1\libgcc.a(_lshrdi3.o)
 .debug_loc     0x00000ab5      0x1d8 c:/ti/ccsv6/tools/compiler/gcc_msp430_4.9.14r1_98/bin/../lib/gcc/msp430-elf/4.9.1\libgcc.a(lib2mul.o)
 .debug_loc     0x00000c8d       0x43 c:/ti/ccsv6/tools/compiler/gcc_msp430_4.9.14r1_98/bin/../lib/gcc/msp430-elf/4.9.1/../../../../msp430-elf/lib\libnosys.a(sbrk.o)
 .debug_loc     0x00000cd0       0xb9 c:/ti/ccsv6/tools/compiler/gcc_msp430_4.9.14r1_98/bin/../lib/gcc/msp430-elf/4.9.1/../../../../msp430-elf/lib\libnosys.a(write.o)
 .debug_loc     0x00000d89       0xcf c:/ti/ccsv6/tools/compiler/gcc_msp430_4.9.14r1_98/bin/../lib/gcc/msp430-elf/4.9.1/../../../../msp430-elf/lib\libc.a(lib_a-memcpy.o)
 .debug_loc     0x00000e58       0x87 c:/ti/ccsv6/tools/compiler/gcc_msp430_4.9.14r1_98/bin/../lib/gcc/msp430-elf/4.9.1/../../../../msp430-elf/lib\libc.a(lib_a-memset.o)
 .debug_loc     0x00000edf      0x2ca c:/ti/ccsv6/tools/compiler/gcc_msp430_4.9.14r1_98/bin/../lib/gcc/msp430-elf/4.9.1/../../../../msp430-elf/lib\libc.a(lib_a-signal.o)
 .debug_loc     0x000011a9       0x8c c:/ti/ccsv6/tools/compiler/gcc_msp430_4.9.14r1_98/bin/../lib/gcc/msp430-elf/4.9.1/../../../../msp430-elf/lib\libc.a(lib_a-signalr.o)

.debug_macinfo
 *(.debug_macinfo)

.debug_weaknames
 *(.debug_weaknames)

.debug_funcnames
 *(.debug_funcnames)

.debug_typenames
 *(.debug_typenames)

.debug_varnames
 *(.debug_varnames)

.debug_pubtypes
 *(.debug_pubtypes)

.debug_ranges   0x00000000      0x1e8
 *(.debug_ranges)
 .debug_ranges  0x00000000       0x28 c:/ti/ccsv6/tools/compiler/gcc_msp430_4.9.14r1_98/bin/../lib/gcc/msp430-elf/4.9.1/../../../../msp430-elf/lib/crt0.o
 .debug_ranges  0x00000028       0x18 c:/ti/ccsv6/tools/compiler/gcc_msp430_4.9.14r1_98/bin/../lib/gcc/msp430-elf/4.9.1/../../../../msp430-elf/lib\libc.a(lib_a-rand.o)
 .debug_ranges  0x00000040       0x18 c:/ti/ccsv6/tools/compiler/gcc_msp430_4.9.14r1_98/bin/../lib/gcc/msp430-elf/4.9.1/../../../../msp430-elf/lib\libc.a(lib_a-malloc.o)
 .debug_ranges  0x00000058       0x10 c:/ti/ccsv6/tools/compiler/gcc_msp430_4.9.14r1_98/bin/../lib/gcc/msp430-elf/4.9.1/../../../../msp430-elf/lib\libc.a(lib_a-nano-freer.o)
 .debug_ranges  0x00000068       0x28 c:/ti/ccsv6/tools/compiler/gcc_msp430_4.9.14r1_98/bin/../lib/gcc/msp430-elf/4.9.1/../../../../msp430-elf/lib\libc.a(lib_a-nano-mallocr.o)
 .debug_ranges  0x00000090       0x10 c:/ti/ccsv6/tools/compiler/gcc_msp430_4.9.14r1_98/bin/../lib/gcc/msp430-elf/4.9.1/../../../../msp430-elf/lib\libc.a(lib_a-sbrkr.o)
 .debug_ranges  0x000000a0       0x18 c:/ti/ccsv6/tools/compiler/gcc_msp430_4.9.14r1_98/bin/../lib/gcc/msp430-elf/4.9.1/../../../../msp430-elf/lib\libc.a(lib_a-reent.o)
 .debug_ranges  0x000000b8       0x10 c:/ti/ccsv6/tools/compiler/gcc_msp430_4.9.14r1_98/bin/../lib/gcc/msp430-elf/4.9.1\libgcc.a(_muldi3.o)
 .debug_ranges  0x000000c8       0x10 c:/ti/ccsv6/tools/compiler/gcc_msp430_4.9.14r1_98/bin/../lib/gcc/msp430-elf/4.9.1\libgcc.a(_lshrdi3.o)
 .debug_ranges  0x000000d8       0x20 c:/ti/ccsv6/tools/compiler/gcc_msp430_4.9.14r1_98/bin/../lib/gcc/msp430-elf/4.9.1\libgcc.a(lib2mul.o)
 .debug_ranges  0x000000f8       0x30 c:/ti/ccsv6/tools/compiler/gcc_msp430_4.9.14r1_98/bin/../lib/gcc/msp430-elf/4.9.1/../../../../msp430-elf/lib\libnosys.a(write.o)
 .debug_ranges  0x00000128       0x10 c:/ti/ccsv6/tools/compiler/gcc_msp430_4.9.14r1_98/bin/../lib/gcc/msp430-elf/4.9.1/../../../../msp430-elf/lib\libc.a(lib_a-abort.o)
 .debug_ranges  0x00000138       0x10 c:/ti/ccsv6/tools/compiler/gcc_msp430_4.9.14r1_98/bin/../lib/gcc/msp430-elf/4.9.1/../../../../msp430-elf/lib\libc.a(lib_a-memcpy.o)
 .debug_ranges  0x00000148       0x10 c:/ti/ccsv6/tools/compiler/gcc_msp430_4.9.14r1_98/bin/../lib/gcc/msp430-elf/4.9.1/../../../../msp430-elf/lib\libc.a(lib_a-memset.o)
 .debug_ranges  0x00000158       0x48 c:/ti/ccsv6/tools/compiler/gcc_msp430_4.9.14r1_98/bin/../lib/gcc/msp430-elf/4.9.1/../../../../msp430-elf/lib\libc.a(lib_a-signal.o)
 .debug_ranges  0x000001a0       0x18 c:/ti/ccsv6/tools/compiler/gcc_msp430_4.9.14r1_98/bin/../lib/gcc/msp430-elf/4.9.1/../../../../msp430-elf/lib\libc.a(lib_a-signalr.o)
 .debug_ranges  0x000001b8       0x10 c:/ti/ccsv6/tools/compiler/gcc_msp430_4.9.14r1_98/bin/../lib/gcc/msp430-elf/4.9.1/../../../../msp430-elf/lib\libc.a(lib_a-errno.o)
 .debug_ranges  0x000001c8       0x20 c:/ti/ccsv6/tools/compiler/gcc_msp430_4.9.14r1_98/bin/../lib/gcc/msp430-elf/4.9.1/../../../../msp430-elf/lib/crtn.o

.debug_macro
 *(.debug_macro)

/DISCARD/
 *(.note.GNU-stack)
OUTPUT(ProxBox.out elf32-msp430)