Archive member included because of file (symbol)

c:/ti/ccsv6/tools/compiler/gcc_msp430_4.9.14r1_98/bin/../lib/gcc/msp430-elf/4.9.1/../../../../msp430-elf/lib\libc.a(lib_a-memset.o)
                              ./sensor.o (memset)
c:/ti/ccsv6/tools/compiler/gcc_msp430_4.9.14r1_98/bin/../lib/gcc/msp430-elf/4.9.1/../../../../msp430-elf/lib\libc.a(lib_a-rand.o)
                              ./main.o (srand)
c:/ti/ccsv6/tools/compiler/gcc_msp430_4.9.14r1_98/bin/../lib/gcc/msp430-elf/4.9.1/../../../../msp430-elf/lib\libc.a(lib_a-impure.o)
                              c:/ti/ccsv6/tools/compiler/gcc_msp430_4.9.14r1_98/bin/../lib/gcc/msp430-elf/4.9.1/../../../../msp430-elf/lib\libc.a(lib_a-rand.o) (_impure_ptr)
c:/ti/ccsv6/tools/compiler/gcc_msp430_4.9.14r1_98/bin/../lib/gcc/msp430-elf/4.9.1/../../../../msp430-elf/lib\libc.a(lib_a-malloc.o)
                              c:/ti/ccsv6/tools/compiler/gcc_msp430_4.9.14r1_98/bin/../lib/gcc/msp430-elf/4.9.1/../../../../msp430-elf/lib\libc.a(lib_a-rand.o) (malloc)
c:/ti/ccsv6/tools/compiler/gcc_msp430_4.9.14r1_98/bin/../lib/gcc/msp430-elf/4.9.1/../../../../msp430-elf/lib\libc.a(lib_a-nano-freer.o)
                              c:/ti/ccsv6/tools/compiler/gcc_msp430_4.9.14r1_98/bin/../lib/gcc/msp430-elf/4.9.1/../../../../msp430-elf/lib\libc.a(lib_a-malloc.o) (_free_r)
c:/ti/ccsv6/tools/compiler/gcc_msp430_4.9.14r1_98/bin/../lib/gcc/msp430-elf/4.9.1/../../../../msp430-elf/lib\libc.a(lib_a-nano-mallocr.o)
                              c:/ti/ccsv6/tools/compiler/gcc_msp430_4.9.14r1_98/bin/../lib/gcc/msp430-elf/4.9.1/../../../../msp430-elf/lib\libc.a(lib_a-malloc.o) (_malloc_r)
c:/ti/ccsv6/tools/compiler/gcc_msp430_4.9.14r1_98/bin/../lib/gcc/msp430-elf/4.9.1/../../../../msp430-elf/lib\libc.a(lib_a-sbrkr.o)
                              c:/ti/ccsv6/tools/compiler/gcc_msp430_4.9.14r1_98/bin/../lib/gcc/msp430-elf/4.9.1/../../../../msp430-elf/lib\libc.a(lib_a-nano-mallocr.o) (_sbrk_r)
c:/ti/ccsv6/tools/compiler/gcc_msp430_4.9.14r1_98/bin/../lib/gcc/msp430-elf/4.9.1/../../../../msp430-elf/lib\libc.a(lib_a-reent.o)
                              c:/ti/ccsv6/tools/compiler/gcc_msp430_4.9.14r1_98/bin/../lib/gcc/msp430-elf/4.9.1/../../../../msp430-elf/lib\libc.a(lib_a-sbrkr.o) (errno)
c:/ti/ccsv6/tools/compiler/gcc_msp430_4.9.14r1_98/bin/../lib/gcc/msp430-elf/4.9.1\libgcc.a(_muldi3.o)
                              c:/ti/ccsv6/tools/compiler/gcc_msp430_4.9.14r1_98/bin/../lib/gcc/msp430-elf/4.9.1/../../../../msp430-elf/lib\libc.a(lib_a-rand.o) (__mspabi_mpyll)
c:/ti/ccsv6/tools/compiler/gcc_msp430_4.9.14r1_98/bin/../lib/gcc/msp430-elf/4.9.1\libgcc.a(_lshrdi3.o)
                              c:/ti/ccsv6/tools/compiler/gcc_msp430_4.9.14r1_98/bin/../lib/gcc/msp430-elf/4.9.1/../../../../msp430-elf/lib\libc.a(lib_a-rand.o) (__lshrdi3)
c:/ti/ccsv6/tools/compiler/gcc_msp430_4.9.14r1_98/bin/../lib/gcc/msp430-elf/4.9.1\libgcc.a(lib2mul.o)
                              c:/ti/ccsv6/tools/compiler/gcc_msp430_4.9.14r1_98/bin/../lib/gcc/msp430-elf/4.9.1\libgcc.a(_muldi3.o) (__mspabi_mpyl)
c:/ti/ccsv6/tools/compiler/gcc_msp430_4.9.14r1_98/bin/../lib/gcc/msp430-elf/4.9.1\libgcc.a(slli.o)
                              ./sensor.o (__mspabi_slli_4)
c:/ti/ccsv6/tools/compiler/gcc_msp430_4.9.14r1_98/bin/../lib/gcc/msp430-elf/4.9.1\libgcc.a(srli.o)
                              c:/ti/ccsv6/tools/compiler/gcc_msp430_4.9.14r1_98/bin/../lib/gcc/msp430-elf/4.9.1\libgcc.a(_muldi3.o) (__mspabi_srll)
c:/ti/ccsv6/tools/compiler/gcc_msp430_4.9.14r1_98/bin/../lib/gcc/msp430-elf/4.9.1/../../../../msp430-elf/lib\libcrt.a(crt_bss.o)
                              c:/ti/ccsv6/tools/compiler/gcc_msp430_4.9.14r1_98/bin/../lib/gcc/msp430-elf/4.9.1/crtbegin.o (__crt0_init_bss)
c:/ti/ccsv6/tools/compiler/gcc_msp430_4.9.14r1_98/bin/../lib/gcc/msp430-elf/4.9.1/../../../../msp430-elf/lib\libcrt.a(crt_main.o)
                              c:/ti/ccsv6/tools/compiler/gcc_msp430_4.9.14r1_98/bin/../lib/gcc/msp430-elf/4.9.1/../../../../msp430-elf/lib/crt0.o (__crt0_call_init_then_main)
c:/ti/ccsv6/tools/compiler/gcc_msp430_4.9.14r1_98/bin/../lib/gcc/msp430-elf/4.9.1/../../../../msp430-elf/lib\libnosys.a(sbrk.o)
                              c:/ti/ccsv6/tools/compiler/gcc_msp430_4.9.14r1_98/bin/../lib/gcc/msp430-elf/4.9.1/../../../../msp430-elf/lib\libc.a(lib_a-sbrkr.o) (sbrk)
c:/ti/ccsv6/tools/compiler/gcc_msp430_4.9.14r1_98/bin/../lib/gcc/msp430-elf/4.9.1/../../../../msp430-elf/lib\libnosys.a(write.o)
                              c:/ti/ccsv6/tools/compiler/gcc_msp430_4.9.14r1_98/bin/../lib/gcc/msp430-elf/4.9.1/../../../../msp430-elf/lib\libnosys.a(sbrk.o) (write)
c:/ti/ccsv6/tools/compiler/gcc_msp430_4.9.14r1_98/bin/../lib/gcc/msp430-elf/4.9.1/../../../../msp430-elf/lib\libnosys.a(cio.o)
                              c:/ti/ccsv6/tools/compiler/gcc_msp430_4.9.14r1_98/bin/../lib/gcc/msp430-elf/4.9.1/../../../../msp430-elf/lib\libnosys.a(write.o) (__CIOBUF__)
[...]
Memory Configuration

Name             Origin             Length             Attributes
SFR              0x00000000         0x00000010
PERIPHERAL_8BIT  0x00000010         0x000000f0
PERIPHERAL_16BIT 0x00000100         0x00000100
RAM              0x00002400         0x00002000
INFOMEM          0x00001800         0x00000200
INFOA            0x00001980         0x00000080
INFOB            0x00001900         0x00000080
INFOC            0x00001880         0x00000080
INFOD            0x00001800         0x00000080
ROM              0x00004400         0x0000bb80         xr
VECT1            0x0000ff80         0x00000002
VECT2            0x0000ff82         0x00000002
VECT3            0x0000ff84         0x00000002
VECT4            0x0000ff86         0x00000002
VECT5            0x0000ff88         0x00000002
VECT6            0x0000ff8a         0x00000002
VECT7            0x0000ff8c         0x00000002
VECT8            0x0000ff8e         0x00000002
VECT9            0x0000ff90         0x00000002
VECT10           0x0000ff92         0x00000002
VECT11           0x0000ff94         0x00000002
VECT12           0x0000ff96         0x00000002
VECT13           0x0000ff98         0x00000002
VECT14           0x0000ff9a         0x00000002
VECT15           0x0000ff9c         0x00000002
VECT16           0x0000ff9e         0x00000002
VECT17           0x0000ffa0         0x00000002
VECT18           0x0000ffa2         0x00000002
VECT19           0x0000ffa4         0x00000002
VECT20           0x0000ffa6         0x00000002
VECT21           0x0000ffa8         0x00000002
VECT22           0x0000ffaa         0x00000002
VECT23           0x0000ffac         0x00000002
VECT24           0x0000ffae         0x00000002
VECT25           0x0000ffb0         0x00000002
VECT26           0x0000ffb2         0x00000002
VECT27           0x0000ffb4         0x00000002
VECT28           0x0000ffb6         0x00000002
VECT29           0x0000ffb8         0x00000002
VECT30           0x0000ffba         0x00000002
VECT31           0x0000ffbc         0x00000002
VECT32           0x0000ffbe         0x00000002
VECT33           0x0000ffc0         0x00000002
VECT34           0x0000ffc2         0x00000002
VECT35           0x0000ffc4         0x00000002
VECT36           0x0000ffc6         0x00000002
VECT37           0x0000ffc8         0x00000002
VECT38           0x0000ffca         0x00000002
VECT39           0x0000ffcc         0x00000002
VECT40           0x0000ffce         0x00000002
VECT41           0x0000ffd0         0x00000002
VECT42           0x0000ffd2         0x00000002
VECT43           0x0000ffd4         0x00000002
VECT44           0x0000ffd6         0x00000002
VECT45           0x0000ffd8         0x00000002
VECT46           0x0000ffda         0x00000002
VECT47           0x0000ffdc         0x00000002
VECT48           0x0000ffde         0x00000002
VECT49           0x0000ffe0         0x00000002
VECT50           0x0000ffe2         0x00000002
VECT51           0x0000ffe4         0x00000002
VECT52           0x0000ffe6         0x00000002
VECT53           0x0000ffe8         0x00000002
VECT54           0x0000ffea         0x00000002
VECT55           0x0000ffec         0x00000002
VECT56           0x0000ffee         0x00000002
VECT57           0x0000fff0         0x00000002
VECT58           0x0000fff2         0x00000002
VECT59           0x0000fff4         0x00000002
VECT60           0x0000fff6         0x00000002
VECT61           0x0000fff8         0x00000002
VECT62           0x0000fffa         0x00000002
VECT63           0x0000fffc         0x00000002
RESETVEC         0x0000fffe         0x00000002
BSL              0x00001000         0x00000800
USBRAM           0x00001c00         0x00000800
HIROM            0x00010000         0x000143ff         xr
*default*        0x00000000         0xffffffff

Linker script and memory map

LOAD c:/ti/ccsv6/tools/compiler/gcc_msp430_4.9.14r1_98/bin/../lib/gcc/msp430-elf/4.9.1/../../../../msp430-elf/lib/crt0.o
LOAD c:/ti/ccsv6/tools/compiler/gcc_msp430_4.9.14r1_98/bin/../lib/gcc/msp430-elf/4.9.1/crtbegin.o
LOAD ./led_drive.o
LOAD ./main.o
LOAD ./sensor.o
START GROUP
LOAD c:/ti/ccsv6/tools/compiler/gcc_msp430_4.9.14r1_98/bin/../lib/gcc/msp430-elf/4.9.1/../../../../msp430-elf/lib\libc.a
LOAD c:/ti/ccsv6/tools/compiler/gcc_msp430_4.9.14r1_98/bin/../lib/gcc/msp430-elf/4.9.1\libgcc.a
END GROUP
LOAD c:/ti/ccsv6/tools/compiler/gcc_msp430_4.9.14r1_98/bin/../lib/gcc/msp430-elf/4.9.1\libgcc.a
START GROUP
LOAD c:/ti/ccsv6/tools/compiler/gcc_msp430_4.9.14r1_98/bin/../lib/gcc/msp430-elf/4.9.1/../../../../msp430-elf/lib\libc.a
LOAD c:/ti/ccsv6/tools/compiler/gcc_msp430_4.9.14r1_98/bin/../lib/gcc/msp430-elf/4.9.1\libgcc.a
LOAD c:/ti/ccsv6/tools/compiler/gcc_msp430_4.9.14r1_98/bin/../lib/gcc/msp430-elf/4.9.1/../../../../msp430-elf/lib\libcrt.a
LOAD c:/ti/ccsv6/tools/compiler/gcc_msp430_4.9.14r1_98/bin/../lib/gcc/msp430-elf/4.9.1/../../../../msp430-elf/lib\libnosys.a
END GROUP
LOAD c:/ti/ccsv6/tools/compiler/gcc_msp430_4.9.14r1_98/bin/../lib/gcc/msp430-elf/4.9.1\libgcc.a
LOAD c:/ti/ccsv6/tools/compiler/gcc_msp430_4.9.14r1_98/bin/../lib/gcc/msp430-elf/4.9.1/crtend.o
LOAD c:/ti/ccsv6/tools/compiler/gcc_msp430_4.9.14r1_98/bin/../lib/gcc/msp430-elf/4.9.1/../../../../msp430-elf/lib/crtn.o
LOAD c:/ti/ccsv6/tools/compiler/gcc_msp430_4.9.14r1_98/bin/../lib/gcc/msp430-elf/4.9.1\libgcc.a

__interrupt_vector_1
 *(__interrupt_vector_1)

__interrupt_vector_2
 *(__interrupt_vector_2)

__interrupt_vector_3
 *(__interrupt_vector_3)

__interrupt_vector_4
 *(__interrupt_vector_4)

__interrupt_vector_5
 *(__interrupt_vector_5)

__interrupt_vector_6
 *(__interrupt_vector_6)

__interrupt_vector_7
 *(__interrupt_vector_7)

__interrupt_vector_8
 *(__interrupt_vector_8)

__interrupt_vector_9
 *(__interrupt_vector_9)

__interrupt_vector_10
 *(__interrupt_vector_10)

__interrupt_vector_11
 *(__interrupt_vector_11)

__interrupt_vector_12
 *(__interrupt_vector_12)

__interrupt_vector_13
 *(__interrupt_vector_13)

__interrupt_vector_14
 *(__interrupt_vector_14)

__interrupt_vector_15
 *(__interrupt_vector_15)

__interrupt_vector_16
 *(__interrupt_vector_16)

__interrupt_vector_17
 *(__interrupt_vector_17)

__interrupt_vector_18
 *(__interrupt_vector_18)

__interrupt_vector_19
 *(__interrupt_vector_19)

__interrupt_vector_20
 *(__interrupt_vector_20)

__interrupt_vector_21
 *(__interrupt_vector_21)

__interrupt_vector_22
 *(__interrupt_vector_22)

__interrupt_vector_23
 *(__interrupt_vector_23)

__interrupt_vector_24
 *(__interrupt_vector_24)

__interrupt_vector_25
 *(__interrupt_vector_25)

__interrupt_vector_26
 *(__interrupt_vector_26)

__interrupt_vector_27
 *(__interrupt_vector_27)

__interrupt_vector_28
 *(__interrupt_vector_28)

__interrupt_vector_29
 *(__interrupt_vector_29)

__interrupt_vector_30
 *(__interrupt_vector_30)

__interrupt_vector_31
 *(__interrupt_vector_31)

__interrupt_vector_32
 *(__interrupt_vector_32)

__interrupt_vector_33
 *(__interrupt_vector_33)

__interrupt_vector_34
 *(__interrupt_vector_34)

__interrupt_vector_35
 *(__interrupt_vector_35)

__interrupt_vector_36
 *(__interrupt_vector_36)

__interrupt_vector_37
 *(__interrupt_vector_37)

__interrupt_vector_38
 *(__interrupt_vector_38)

__interrupt_vector_39
 *(__interrupt_vector_39)

__interrupt_vector_40
 *(__interrupt_vector_40)

__interrupt_vector_41
 *(__interrupt_vector_41)

__interrupt_vector_42
 *(__interrupt_vector_42)
 *(__interrupt_vector_rtc)

__interrupt_vector_43
 *(__interrupt_vector_43)
 *(__interrupt_vector_port2)

__interrupt_vector_44
 *(__interrupt_vector_44)
 *(__interrupt_vector_timer2_a1)

__interrupt_vector_45
 *(__interrupt_vector_45)
 *(__interrupt_vector_timer2_a0)

__interrupt_vector_46
 *(__interrupt_vector_46)
 *(__interrupt_vector_usci_b1)

__interrupt_vector_47
 *(__interrupt_vector_47)
 *(__interrupt_vector_usci_a1)

__interrupt_vector_48
 *(__interrupt_vector_48)
 *(__interrupt_vector_port1)

__interrupt_vector_49
 *(__interrupt_vector_49)
 *(__interrupt_vector_timer1_a1)

__interrupt_vector_50
 *(__interrupt_vector_50)
 *(__interrupt_vector_timer1_a0)

__interrupt_vector_51
 *(__interrupt_vector_51)
 *(__interrupt_vector_dma)

__interrupt_vector_52
 *(__interrupt_vector_52)
 *(__interrupt_vector_usb_ubm)

__interrupt_vector_53
 *(__interrupt_vector_53)
 *(__interrupt_vector_timer0_a1)

__interrupt_vector_54
 *(__interrupt_vector_54)
 *(__interrupt_vector_timer0_a0)

__interrupt_vector_55
 *(__interrupt_vector_55)
 *(__interrupt_vector_adc12)

__interrupt_vector_56
 *(__interrupt_vector_56)
 *(__interrupt_vector_usci_b0)

__interrupt_vector_57
 *(__interrupt_vector_57)
 *(__interrupt_vector_usci_a0)

__interrupt_vector_58
 *(__interrupt_vector_58)
 *(__interrupt_vector_wdt)

__interrupt_vector_59
 *(__interrupt_vector_59)
 *(__interrupt_vector_timer0_b1)

__interrupt_vector_60
 *(__interrupt_vector_60)
 *(__interrupt_vector_timer0_b0)

__interrupt_vector_61
 *(__interrupt_vector_61)
 *(__interrupt_vector_comp_b)

__interrupt_vector_62
 *(__interrupt_vector_62)
 *(__interrupt_vector_unmi)

__interrupt_vector_63
 *(__interrupt_vector_63)
 *(__interrupt_vector_sysnmi)

__reset_vector  0x0000fffe        0x2
 *(__interrupt_vector_64)
 *(__interrupt_vector_reset)
 *(.resetvec)
 .resetvec      0x0000fffe        0x2 c:/ti/ccsv6/tools/compiler/gcc_msp430_4.9.14r1_98/bin/../lib/gcc/msp430-elf/4.9.1/../../../../msp430-elf/lib/crt0.o

.upper.rodata
 *(.upper.rodata.* .upper.rodata)

.rodata         0x00004400       0x30
                0x00004400                . = ALIGN (0x2)
 *(.plt)
 *(.rodata .rodata.* .gnu.linkonce.r.* .const .const:*)
 .rodata._global_impure_ptr
                0x00004400        0x2 c:/ti/ccsv6/tools/compiler/gcc_msp430_4.9.14r1_98/bin/../lib/gcc/msp430-elf/4.9.1/../../../../msp430-elf/lib\libc.a(lib_a-impure.o)
                0x00004400                _global_impure_ptr
 .rodata        0x00004402        0x2 c:/ti/ccsv6/tools/compiler/gcc_msp430_4.9.14r1_98/bin/../lib/gcc/msp430-elf/4.9.1/../../../../msp430-elf/lib\libc.a(lib_a-impure.o)
 .rodata        0x00004404       0x1a c:/ti/ccsv6/tools/compiler/gcc_msp430_4.9.14r1_98/bin/../lib/gcc/msp430-elf/4.9.1/../../../../msp430-elf/lib\libnosys.a(sbrk.o)
 *(.rodata1)
 *(.lower.rodata.* .lower.rodata)
 *(.eh_frame_hdr)
 *(.eh_frame)
 *fill*         0x0000441e        0x2 
 .eh_frame      0x00004420        0x0 c:/ti/ccsv6/tools/compiler/gcc_msp430_4.9.14r1_98/bin/../lib/gcc/msp430-elf/4.9.1/crtbegin.o
 .eh_frame      0x00004420        0x4 c:/ti/ccsv6/tools/compiler/gcc_msp430_4.9.14r1_98/bin/../lib/gcc/msp430-elf/4.9.1/crtend.o
 *(.gcc_except_table)
 *(.gcc_except_table.*)
                0x00004424                PROVIDE (__preinit_array_start, .)
 *(.preinit_array)
                0x00004424                PROVIDE (__preinit_array_end, .)
                0x00004424                PROVIDE (__init_array_start, .)
 *(SORT(.init_array.*))
 *(.init_array)
                0x00004424                PROVIDE (__init_array_end, .)
                0x00004424                PROVIDE (__fini_array_start, .)
 *(.fini_array)
 *(SORT(.fini_array.*))
                0x00004424                PROVIDE (__fini_array_end, .)
                0x00004424        0x4 LONG 0x0
 *crtbegin*.o(.ctors)
 .ctors         0x00004428        0x2 c:/ti/ccsv6/tools/compiler/gcc_msp430_4.9.14r1_98/bin/../lib/gcc/msp430-elf/4.9.1/crtbegin.o
 *(EXCLUDE_FILE(*crtend*.o) .ctors)
 *(SORT(.ctors.*))
 *(.ctors)
 .ctors         0x0000442a        0x2 c:/ti/ccsv6/tools/compiler/gcc_msp430_4.9.14r1_98/bin/../lib/gcc/msp430-elf/4.9.1/crtend.o
 *crtbegin*.o(.dtors)
 .dtors         0x0000442c        0x2 c:/ti/ccsv6/tools/compiler/gcc_msp430_4.9.14r1_98/bin/../lib/gcc/msp430-elf/4.9.1/crtbegin.o
 *(EXCLUDE_FILE(*crtend*.o) .dtors)
 *(SORT(.dtors.*))
 *(.dtors)
 .dtors         0x0000442e        0x2 c:/ti/ccsv6/tools/compiler/gcc_msp430_4.9.14r1_98/bin/../lib/gcc/msp430-elf/4.9.1/crtend.o
                0x0000442e                __DTOR_END__

.data           0x00002400       0xcc
                0x00002400                . = ALIGN (0x2)
                0x00002400                PROVIDE (__datastart, .)
 *(.jcr)
 .jcr           0x00002400        0x0 c:/ti/ccsv6/tools/compiler/gcc_msp430_4.9.14r1_98/bin/../lib/gcc/msp430-elf/4.9.1/crtbegin.o
 .jcr           0x00002400        0x2 c:/ti/ccsv6/tools/compiler/gcc_msp430_4.9.14r1_98/bin/../lib/gcc/msp430-elf/4.9.1/crtend.o
 *(.data.rel.ro.local)
 *(.data.rel.ro*)
 *(.dynamic)
 *(.data .data.* .gnu.linkonce.d.*)
 .data          0x00002402        0x0 c:/ti/ccsv6/tools/compiler/gcc_msp430_4.9.14r1_98/bin/../lib/gcc/msp430-elf/4.9.1/../../../../msp430-elf/lib/crt0.o
 .data          0x00002402        0x2 c:/ti/ccsv6/tools/compiler/gcc_msp430_4.9.14r1_98/bin/../lib/gcc/msp430-elf/4.9.1/crtbegin.o
                0x00002402                __dso_handle
 .data          0x00002404        0x0 ./led_drive.o
 .data          0x00002404        0x0 ./main.o
 .data          0x00002404        0x0 ./sensor.o
 .data          0x00002404        0x0 c:/ti/ccsv6/tools/compiler/gcc_msp430_4.9.14r1_98/bin/../lib/gcc/msp430-elf/4.9.1/../../../../msp430-elf/lib\libc.a(lib_a-memset.o)
 .data          0x00002404        0x0 c:/ti/ccsv6/tools/compiler/gcc_msp430_4.9.14r1_98/bin/../lib/gcc/msp430-elf/4.9.1/../../../../msp430-elf/lib\libc.a(lib_a-rand.o)
 .data          0x00002404        0x0 c:/ti/ccsv6/tools/compiler/gcc_msp430_4.9.14r1_98/bin/../lib/gcc/msp430-elf/4.9.1/../../../../msp430-elf/lib\libc.a(lib_a-impure.o)
 .data._impure_ptr
                0x00002404        0x2 c:/ti/ccsv6/tools/compiler/gcc_msp430_4.9.14r1_98/bin/../lib/gcc/msp430-elf/4.9.1/../../../../msp430-elf/lib\libc.a(lib_a-impure.o)
                0x00002404                _impure_ptr
 .data.impure_data
                0x00002406       0x78 c:/ti/ccsv6/tools/compiler/gcc_msp430_4.9.14r1_98/bin/../lib/gcc/msp430-elf/4.9.1/../../../../msp430-elf/lib\libc.a(lib_a-impure.o)
 .data          0x0000247e        0x0 c:/ti/ccsv6/tools/compiler/gcc_msp430_4.9.14r1_98/bin/../lib/gcc/msp430-elf/4.9.1/../../../../msp430-elf/lib\libc.a(lib_a-malloc.o)
 .data          0x0000247e        0x0 c:/ti/ccsv6/tools/compiler/gcc_msp430_4.9.14r1_98/bin/../lib/gcc/msp430-elf/4.9.1/../../../../msp430-elf/lib\libc.a(lib_a-nano-freer.o)
 .data          0x0000247e        0x0 c:/ti/ccsv6/tools/compiler/gcc_msp430_4.9.14r1_98/bin/../lib/gcc/msp430-elf/4.9.1/../../../../msp430-elf/lib\libc.a(lib_a-nano-mallocr.o)
 .data          0x0000247e        0x0 c:/ti/ccsv6/tools/compiler/gcc_msp430_4.9.14r1_98/bin/../lib/gcc/msp430-elf/4.9.1/../../../../msp430-elf/lib\libc.a(lib_a-sbrkr.o)
 .data          0x0000247e        0x0 c:/ti/ccsv6/tools/compiler/gcc_msp430_4.9.14r1_98/bin/../lib/gcc/msp430-elf/4.9.1/../../../../msp430-elf/lib\libc.a(lib_a-reent.o)
 .data          0x0000247e        0x0 c:/ti/ccsv6/tools/compiler/gcc_msp430_4.9.14r1_98/bin/../lib/gcc/msp430-elf/4.9.1\libgcc.a(_muldi3.o)
 .data          0x0000247e        0x0 c:/ti/ccsv6/tools/compiler/gcc_msp430_4.9.14r1_98/bin/../lib/gcc/msp430-elf/4.9.1\libgcc.a(_lshrdi3.o)
 .data          0x0000247e        0x0 c:/ti/ccsv6/tools/compiler/gcc_msp430_4.9.14r1_98/bin/../lib/gcc/msp430-elf/4.9.1\libgcc.a(lib2mul.o)
 .data          0x0000247e        0x0 c:/ti/ccsv6/tools/compiler/gcc_msp430_4.9.14r1_98/bin/../lib/gcc/msp430-elf/4.9.1\libgcc.a(slli.o)
 .data          0x0000247e        0x0 c:/ti/ccsv6/tools/compiler/gcc_msp430_4.9.14r1_98/bin/../lib/gcc/msp430-elf/4.9.1\libgcc.a(srli.o)
 .data          0x0000247e        0x0 c:/ti/ccsv6/tools/compiler/gcc_msp430_4.9.14r1_98/bin/../lib/gcc/msp430-elf/4.9.1/../../../../msp430-elf/lib\libcrt.a(crt_bss.o)
 .data          0x0000247e        0x0 c:/ti/ccsv6/tools/compiler/gcc_msp430_4.9.14r1_98/bin/../lib/gcc/msp430-elf/4.9.1/../../../../msp430-elf/lib\libcrt.a(crt_main.o)
 .data          0x0000247e        0x2 c:/ti/ccsv6/tools/compiler/gcc_msp430_4.9.14r1_98/bin/../lib/gcc/msp430-elf/4.9.1/../../../../msp430-elf/lib\libnosys.a(sbrk.o)
 .data          0x00002480        0x0 c:/ti/ccsv6/tools/compiler/gcc_msp430_4.9.14r1_98/bin/../lib/gcc/msp430-elf/4.9.1/../../../../msp430-elf/lib\libnosys.a(write.o)
 .data          0x00002480       0x4b c:/ti/ccsv6/tools/compiler/gcc_msp430_4.9.14r1_98/bin/../lib/gcc/msp430-elf/4.9.1/../../../../msp430-elf/lib\libnosys.a(cio.o)
                0x00002480                _CIOBUF_
                0x00002480                __CIOBUF__
 .data          0x000024cb        0x0 c:/ti/ccsv6/tools/compiler/gcc_msp430_4.9.14r1_98/bin/../lib/gcc/msp430-elf/4.9.1/../../../../msp430-elf/lib\libc.a(lib_a-abort.o)
 .data          0x000024cb        0x0 c:/ti/ccsv6/tools/compiler/gcc_msp430_4.9.14r1_98/bin/../lib/gcc/msp430-elf/4.9.1/../../../../msp430-elf/lib\libc.a(lib_a-memcpy.o)
 .data          0x000024cb        0x0 c:/ti/ccsv6/tools/compiler/gcc_msp430_4.9.14r1_98/bin/../lib/gcc/msp430-elf/4.9.1/../../../../msp430-elf/lib\libc.a(lib_a-signal.o)
 .data          0x000024cb        0x0 c:/ti/ccsv6/tools/compiler/gcc_msp430_4.9.14r1_98/bin/../lib/gcc/msp430-elf/4.9.1/../../../../msp430-elf/lib\libc.a(lib_a-signalr.o)
 .data          0x000024cb        0x0 c:/ti/ccsv6/tools/compiler/gcc_msp430_4.9.14r1_98/bin/../lib/gcc/msp430-elf/4.9.1/../../../../msp430-elf/lib\libnosys.a(nosyscalls.o)
 .data          0x000024cb        0x0 c:/ti/ccsv6/tools/compiler/gcc_msp430_4.9.14r1_98/bin/../lib/gcc/msp430-elf/4.9.1/../../../../msp430-elf/lib\libc.a(lib_a-errno.o)
 .data          0x000024cb        0x0 c:/ti/ccsv6/tools/compiler/gcc_msp430_4.9.14r1_98/bin/../lib/gcc/msp430-elf/4.9.1/crtend.o
 .data          0x000024cb        0x0 c:/ti/ccsv6/tools/compiler/gcc_msp430_4.9.14r1_98/bin/../lib/gcc/msp430-elf/4.9.1/../../../../msp430-elf/lib/crtn.o
 *(.gnu.linkonce.d.*personality*)
 *(.data1)
 *(.got.plt)
 *(.got)
                0x000024cc                . = ALIGN (0x2)
 *fill*         0x000024cb        0x1 
 *(.sdata .sdata.* .gnu.linkonce.s.* D_2 D_1)
                0x000024cc                . = ALIGN (0x2)
 *(.lower.data.* .lower.data)
                0x000024cc                . = ALIGN (0x2)
                0x000024cc                _edata = .
                0x000024cc                PROVIDE (edata, .)
                0x000024cc                PROVIDE (__dataend, .)
                0x00002400                PROVIDE (__romdatastart, LOADADDR (.data))
                0x000000cc                PROVIDE (__romdatacopysize, SIZEOF (.data))

.bss            0x000024cc       0x16
                0x000024cc                . = ALIGN (0x2)
                0x000024cc                PROVIDE (__bssstart, .)
 *(.dynbss)
 *(.sbss .sbss.*)
 *(.bss .bss.* .gnu.linkonce.b.*)
 .bss           0x000024cc        0x0 c:/ti/ccsv6/tools/compiler/gcc_msp430_4.9.14r1_98/bin/../lib/gcc/msp430-elf/4.9.1/../../../../msp430-elf/lib/crt0.o
 .bss           0x000024cc       0x12 c:/ti/ccsv6/tools/compiler/gcc_msp430_4.9.14r1_98/bin/../lib/gcc/msp430-elf/4.9.1/crtbegin.o
 .bss           0x000024de        0x0 ./led_drive.o
 .bss           0x000024de        0x0 ./main.o
 .bss           0x000024de        0x0 ./sensor.o
 .bss           0x000024de        0x0 c:/ti/ccsv6/tools/compiler/gcc_msp430_4.9.14r1_98/bin/../lib/gcc/msp430-elf/4.9.1/../../../../msp430-elf/lib\libc.a(lib_a-memset.o)
 .bss           0x000024de        0x0 c:/ti/ccsv6/tools/compiler/gcc_msp430_4.9.14r1_98/bin/../lib/gcc/msp430-elf/4.9.1/../../../../msp430-elf/lib\libc.a(lib_a-rand.o)
 .bss           0x000024de        0x0 c:/ti/ccsv6/tools/compiler/gcc_msp430_4.9.14r1_98/bin/../lib/gcc/msp430-elf/4.9.1/../../../../msp430-elf/lib\libc.a(lib_a-impure.o)
 .bss           0x000024de        0x0 c:/ti/ccsv6/tools/compiler/gcc_msp430_4.9.14r1_98/bin/../lib/gcc/msp430-elf/4.9.1/../../../../msp430-elf/lib\libc.a(lib_a-malloc.o)
 .bss           0x000024de        0x0 c:/ti/ccsv6/tools/compiler/gcc_msp430_4.9.14r1_98/bin/../lib/gcc/msp430-elf/4.9.1/../../../../msp430-elf/lib\libc.a(lib_a-nano-freer.o)
 .bss           0x000024de        0x0 c:/ti/ccsv6/tools/compiler/gcc_msp430_4.9.14r1_98/bin/../lib/gcc/msp430-elf/4.9.1/../../../../msp430-elf/lib\libc.a(lib_a-nano-mallocr.o)
 .bss.__malloc_sbrk_start
                0x000024de        0x2 c:/ti/ccsv6/tools/compiler/gcc_msp430_4.9.14r1_98/bin/../lib/gcc/msp430-elf/4.9.1/../../../../msp430-elf/lib\libc.a(lib_a-nano-mallocr.o)
                0x000024de                __malloc_sbrk_start
 .bss.__malloc_free_list
                0x000024e0        0x2 c:/ti/ccsv6/tools/compiler/gcc_msp430_4.9.14r1_98/bin/../lib/gcc/msp430-elf/4.9.1/../../../../msp430-elf/lib\libc.a(lib_a-nano-mallocr.o)
                0x000024e0                __malloc_free_list
 .bss           0x000024e2        0x0 c:/ti/ccsv6/tools/compiler/gcc_msp430_4.9.14r1_98/bin/../lib/gcc/msp430-elf/4.9.1/../../../../msp430-elf/lib\libc.a(lib_a-sbrkr.o)
 .bss           0x000024e2        0x0 c:/ti/ccsv6/tools/compiler/gcc_msp430_4.9.14r1_98/bin/../lib/gcc/msp430-elf/4.9.1/../../../../msp430-elf/lib\libc.a(lib_a-reent.o)
 .bss           0x000024e2        0x0 c:/ti/ccsv6/tools/compiler/gcc_msp430_4.9.14r1_98/bin/../lib/gcc/msp430-elf/4.9.1\libgcc.a(_muldi3.o)
 .bss           0x000024e2        0x0 c:/ti/ccsv6/tools/compiler/gcc_msp430_4.9.14r1_98/bin/../lib/gcc/msp430-elf/4.9.1\libgcc.a(_lshrdi3.o)
 .bss           0x000024e2        0x0 c:/ti/ccsv6/tools/compiler/gcc_msp430_4.9.14r1_98/bin/../lib/gcc/msp430-elf/4.9.1\libgcc.a(lib2mul.o)
 .bss           0x000024e2        0x0 c:/ti/ccsv6/tools/compiler/gcc_msp430_4.9.14r1_98/bin/../lib/gcc/msp430-elf/4.9.1\libgcc.a(slli.o)
 .bss           0x000024e2        0x0 c:/ti/ccsv6/tools/compiler/gcc_msp430_4.9.14r1_98/bin/../lib/gcc/msp430-elf/4.9.1\libgcc.a(srli.o)
 .bss           0x000024e2        0x0 c:/ti/ccsv6/tools/compiler/gcc_msp430_4.9.14r1_98/bin/../lib/gcc/msp430-elf/4.9.1/../../../../msp430-elf/lib\libcrt.a(crt_bss.o)
 .bss           0x000024e2        0x0 c:/ti/ccsv6/tools/compiler/gcc_msp430_4.9.14r1_98/bin/../lib/gcc/msp430-elf/4.9.1/../../../../msp430-elf/lib\libcrt.a(crt_main.o)
 .bss           0x000024e2        0x0 c:/ti/ccsv6/tools/compiler/gcc_msp430_4.9.14r1_98/bin/../lib/gcc/msp430-elf/4.9.1/../../../../msp430-elf/lib\libnosys.a(sbrk.o)
 .bss           0x000024e2        0x0 c:/ti/ccsv6/tools/compiler/gcc_msp430_4.9.14r1_98/bin/../lib/gcc/msp430-elf/4.9.1/../../../../msp430-elf/lib\libnosys.a(write.o)
 .bss           0x000024e2        0x0 c:/ti/ccsv6/tools/compiler/gcc_msp430_4.9.14r1_98/bin/../lib/gcc/msp430-elf/4.9.1/../../../../msp430-elf/lib\libnosys.a(cio.o)
 .bss           0x000024e2        0x0 c:/ti/ccsv6/tools/compiler/gcc_msp430_4.9.14r1_98/bin/../lib/gcc/msp430-elf/4.9.1/../../../../msp430-elf/lib\libc.a(lib_a-abort.o)
 .bss           0x000024e2        0x0 c:/ti/ccsv6/tools/compiler/gcc_msp430_4.9.14r1_98/bin/../lib/gcc/msp430-elf/4.9.1/../../../../msp430-elf/lib\libc.a(lib_a-memcpy.o)
 .bss           0x000024e2        0x0 c:/ti/ccsv6/tools/compiler/gcc_msp430_4.9.14r1_98/bin/../lib/gcc/msp430-elf/4.9.1/../../../../msp430-elf/lib\libc.a(lib_a-signal.o)
 .bss           0x000024e2        0x0 c:/ti/ccsv6/tools/compiler/gcc_msp430_4.9.14r1_98/bin/../lib/gcc/msp430-elf/4.9.1/../../../../msp430-elf/lib\libc.a(lib_a-signalr.o)
 .bss           0x000024e2        0x0 c:/ti/ccsv6/tools/compiler/gcc_msp430_4.9.14r1_98/bin/../lib/gcc/msp430-elf/4.9.1/../../../../msp430-elf/lib\libnosys.a(nosyscalls.o)
 .bss           0x000024e2        0x0 c:/ti/ccsv6/tools/compiler/gcc_msp430_4.9.14r1_98/bin/../lib/gcc/msp430-elf/4.9.1/../../../../msp430-elf/lib\libc.a(lib_a-errno.o)
 .bss           0x000024e2        0x0 c:/ti/ccsv6/tools/compiler/gcc_msp430_4.9.14r1_98/bin/../lib/gcc/msp430-elf/4.9.1/crtend.o
 .bss           0x000024e2        0x0 c:/ti/ccsv6/tools/compiler/gcc_msp430_4.9.14r1_98/bin/../lib/gcc/msp430-elf/4.9.1/../../../../msp430-elf/lib/crtn.o
                0x000024e2                . = ALIGN (0x2)
                0x000024e2                PROVIDE (__bssend, .)
                0x00000016                PROVIDE (__bsssize, SIZEOF (.bss))

.noinit         0x000024e2        0x2
                0x000024e2                . = ALIGN (0x2)
                0x000024e2                PROVIDE (__noinit_start, .)
 *(.noinit)
                0x000024e2                . = ALIGN (0x2)
 *(COMMON)
 COMMON         0x000024e2        0x2 c:/ti/ccsv6/tools/compiler/gcc_msp430_4.9.14r1_98/bin/../lib/gcc/msp430-elf/4.9.1/../../../../msp430-elf/lib\libc.a(lib_a-reent.o)
                0x000024e2                errno
                0x000024e4                PROVIDE (__noinit_end, .)
                0x000024e4                _end = .
                0x000024e4                PROVIDE (end, .)

.stack          0x00004400        0x0
                0x00004400                PROVIDE (__stack, .)
 *(.stack)

.lowtext        0x00004430       0x5e
                0x00004430                PROVIDE (_start, .)
                0x00004430                . = ALIGN (0x2)
 *(SORT(.crt_*))
 .crt_0000init  0x00004430        0xa c:/ti/ccsv6/tools/compiler/gcc_msp430_4.9.14r1_98/bin/../lib/gcc/msp430-elf/4.9.1/../../../../msp430-elf/lib/crt0.o
                0x00004430                __start
 .crt_0100bss   0x0000443a        0xe c:/ti/ccsv6/tools/compiler/gcc_msp430_4.9.14r1_98/bin/../lib/gcc/msp430-elf/4.9.1/../../../../msp430-elf/lib\libcrt.a(crt_bss.o)
                0x0000443a                __crt0_init_bss
 .crt_0300main  0x00004448        0xa c:/ti/ccsv6/tools/compiler/gcc_msp430_4.9.14r1_98/bin/../lib/gcc/msp430-elf/4.9.1/../../../../msp430-elf/lib\libcrt.a(crt_main.o)
                0x00004448                __crt0_call_init_then_main
 .crt_0500main_init
                0x00004452       0x3c c:/ti/ccsv6/tools/compiler/gcc_msp430_4.9.14r1_98/bin/../lib/gcc/msp430-elf/4.9.1/../../../../msp430-elf/lib/crt0.o
                0x00004452                _msp430_run_init_array
                0x00004460                _msp430_run_preinit_array
                0x0000446e                _msp430_run_fini_array
 *(.lowtext)

.text           0x0000448e     0x2296
                0x0000448e                . = ALIGN (0x2)
 *(.lower.text.* .lower.text)
 *(.text .stub .text.* .gnu.linkonce.t.* .text:*)
 .text          0x0000448e        0x0 c:/ti/ccsv6/tools/compiler/gcc_msp430_4.9.14r1_98/bin/../lib/gcc/msp430-elf/4.9.1/../../../../msp430-elf/lib/crt0.o
 .text          0x0000448e       0xc8 c:/ti/ccsv6/tools/compiler/gcc_msp430_4.9.14r1_98/bin/../lib/gcc/msp430-elf/4.9.1/crtbegin.o
 .text          0x00004556      0x8b0 ./led_drive.o
                0x00004556                put_data
                0x000045fe                off
                0x00004626                randomize
                0x00004670                random_shift
                0x000046ba                put_data_8
                0x000048dc                put_data_24
 .text          0x00004e06      0x188 ./main.o
                0x00004e06                SetVcoreUp
                0x00004e4c                config_clock
                0x00004e9a                config_spi
                0x00004ec2                config_i2c
                0x00004eea                config_gpio
                0x00004f20                main
 .text          0x00004f8e      0xc56 ./sensor.o
                0x00004f8e                ex_set_input
                0x00004fce                ex_begin_inputs
                0x00004ff8                select_ir
                0x00005040                eval_magnitude
                0x000050d0                poll_A
                0x000052c6                poll_B
                0x000054bc                gather
                0x000057f0                process
                0x000058c6                flip
                0x0000596a                inject
                0x0000597c                poll_binary
                0x00005af6                gather_test
                0x00005b14                process_test
 .text          0x00005be4        0x0 c:/ti/ccsv6/tools/compiler/gcc_msp430_4.9.14r1_98/bin/../lib/gcc/msp430-elf/4.9.1/../../../../msp430-elf/lib\libc.a(lib_a-memset.o)
 .text.memset   0x00005be4       0x14 c:/ti/ccsv6/tools/compiler/gcc_msp430_4.9.14r1_98/bin/../lib/gcc/msp430-elf/4.9.1/../../../../msp430-elf/lib\libc.a(lib_a-memset.o)
                0x00005be4                memset
 .text          0x00005bf8        0x0 c:/ti/ccsv6/tools/compiler/gcc_msp430_4.9.14r1_98/bin/../lib/gcc/msp430-elf/4.9.1/../../../../msp430-elf/lib\libc.a(lib_a-rand.o)
 .text.srand    0x00005bf8       0x6c c:/ti/ccsv6/tools/compiler/gcc_msp430_4.9.14r1_98/bin/../lib/gcc/msp430-elf/4.9.1/../../../../msp430-elf/lib\libc.a(lib_a-rand.o)
                0x00005bf8                srand
 .text.rand     0x00005c64       0xca c:/ti/ccsv6/tools/compiler/gcc_msp430_4.9.14r1_98/bin/../lib/gcc/msp430-elf/4.9.1/../../../../msp430-elf/lib\libc.a(lib_a-rand.o)
                0x00005c64                rand
 .text          0x00005d2e        0x0 c:/ti/ccsv6/tools/compiler/gcc_msp430_4.9.14r1_98/bin/../lib/gcc/msp430-elf/4.9.1/../../../../msp430-elf/lib\libc.a(lib_a-impure.o)
 .text          0x00005d2e        0x0 c:/ti/ccsv6/tools/compiler/gcc_msp430_4.9.14r1_98/bin/../lib/gcc/msp430-elf/4.9.1/../../../../msp430-elf/lib\libc.a(lib_a-malloc.o)
 .text.malloc   0x00005d2e        0xc c:/ti/ccsv6/tools/compiler/gcc_msp430_4.9.14r1_98/bin/../lib/gcc/msp430-elf/4.9.1/../../../../msp430-elf/lib\libc.a(lib_a-malloc.o)
                0x00005d2e                malloc
 .text.free     0x00005d3a        0xc c:/ti/ccsv6/tools/compiler/gcc_msp430_4.9.14r1_98/bin/../lib/gcc/msp430-elf/4.9.1/../../../../msp430-elf/lib\libc.a(lib_a-malloc.o)
                0x00005d3a                free
 .text          0x00005d46        0x0 c:/ti/ccsv6/tools/compiler/gcc_msp430_4.9.14r1_98/bin/../lib/gcc/msp430-elf/4.9.1/../../../../msp430-elf/lib\libc.a(lib_a-nano-freer.o)
 .text._free_r  0x00005d46       0xe8 c:/ti/ccsv6/tools/compiler/gcc_msp430_4.9.14r1_98/bin/../lib/gcc/msp430-elf/4.9.1/../../../../msp430-elf/lib\libc.a(lib_a-nano-freer.o)
                0x00005d46                _free_r
 .text          0x00005e2e        0x0 c:/ti/ccsv6/tools/compiler/gcc_msp430_4.9.14r1_98/bin/../lib/gcc/msp430-elf/4.9.1/../../../../msp430-elf/lib\libc.a(lib_a-nano-mallocr.o)
 .text._malloc_r
                0x00005e2e       0xfa c:/ti/ccsv6/tools/compiler/gcc_msp430_4.9.14r1_98/bin/../lib/gcc/msp430-elf/4.9.1/../../../../msp430-elf/lib\libc.a(lib_a-nano-mallocr.o)
                0x00005e2e                _malloc_r
 .text          0x00005f28        0x0 c:/ti/ccsv6/tools/compiler/gcc_msp430_4.9.14r1_98/bin/../lib/gcc/msp430-elf/4.9.1/../../../../msp430-elf/lib\libc.a(lib_a-sbrkr.o)
 .text._sbrk_r  0x00005f28       0x22 c:/ti/ccsv6/tools/compiler/gcc_msp430_4.9.14r1_98/bin/../lib/gcc/msp430-elf/4.9.1/../../../../msp430-elf/lib\libc.a(lib_a-sbrkr.o)
                0x00005f28                _sbrk_r
 .text          0x00005f4a        0x0 c:/ti/ccsv6/tools/compiler/gcc_msp430_4.9.14r1_98/bin/../lib/gcc/msp430-elf/4.9.1/../../../../msp430-elf/lib\libc.a(lib_a-reent.o)
 .text.cleanup_glue
                0x00005f4a       0x1c c:/ti/ccsv6/tools/compiler/gcc_msp430_4.9.14r1_98/bin/../lib/gcc/msp430-elf/4.9.1/../../../../msp430-elf/lib\libc.a(lib_a-reent.o)
                0x00005f4a                cleanup_glue
 .text._reclaim_reent
                0x00005f66      0x106 c:/ti/ccsv6/tools/compiler/gcc_msp430_4.9.14r1_98/bin/../lib/gcc/msp430-elf/4.9.1/../../../../msp430-elf/lib\libc.a(lib_a-reent.o)
                0x00005f66                _reclaim_reent
 .text          0x0000606c        0x0 c:/ti/ccsv6/tools/compiler/gcc_msp430_4.9.14r1_98/bin/../lib/gcc/msp430-elf/4.9.1\libgcc.a(_muldi3.o)
 .text.__muldi3
                0x0000606c      0x14a c:/ti/ccsv6/tools/compiler/gcc_msp430_4.9.14r1_98/bin/../lib/gcc/msp430-elf/4.9.1\libgcc.a(_muldi3.o)
                0x0000606c                __mspabi_mpyll
 .text          0x000061b6        0x0 c:/ti/ccsv6/tools/compiler/gcc_msp430_4.9.14r1_98/bin/../lib/gcc/msp430-elf/4.9.1\libgcc.a(_lshrdi3.o)
 .text.__lshrdi3
                0x000061b6       0x7e c:/ti/ccsv6/tools/compiler/gcc_msp430_4.9.14r1_98/bin/../lib/gcc/msp430-elf/4.9.1\libgcc.a(_lshrdi3.o)
                0x000061b6                __lshrdi3
 .text          0x00006234        0x0 c:/ti/ccsv6/tools/compiler/gcc_msp430_4.9.14r1_98/bin/../lib/gcc/msp430-elf/4.9.1\libgcc.a(lib2mul.o)
 .text.__mulhi3
                0x00006234       0x28 c:/ti/ccsv6/tools/compiler/gcc_msp430_4.9.14r1_98/bin/../lib/gcc/msp430-elf/4.9.1\libgcc.a(lib2mul.o)
                0x00006234                __mspabi_mpyi
 .text.__mulqi3
                0x0000625c       0x38 c:/ti/ccsv6/tools/compiler/gcc_msp430_4.9.14r1_98/bin/../lib/gcc/msp430-elf/4.9.1\libgcc.a(lib2mul.o)
                0x0000625c                __mulqi3
 .text.__mulsi3
                0x00006294       0x42 c:/ti/ccsv6/tools/compiler/gcc_msp430_4.9.14r1_98/bin/../lib/gcc/msp430-elf/4.9.1\libgcc.a(lib2mul.o)
                0x00006294                __mspabi_mpyl
 .text          0x000062d6       0x74 c:/ti/ccsv6/tools/compiler/gcc_msp430_4.9.14r1_98/bin/../lib/gcc/msp430-elf/4.9.1\libgcc.a(slli.o)
                0x000062d6                __mspabi_slli_15
                0x000062d8                __mspabi_slli_14
                0x000062da                __mspabi_slli_13
                0x000062dc                __mspabi_slli_12
                0x000062de                __mspabi_slli_11
                0x000062e0                __mspabi_slli_10
                0x000062e2                __mspabi_slli_9
                0x000062e4                __mspabi_slli_8
                0x000062e6                __mspabi_slli_7
                0x000062e8                __mspabi_slli_6
                0x000062ea                __mspabi_slli_5
                0x000062ec                __mspabi_slli_4
                0x000062ee                __mspabi_slli_3
                0x000062f0                __mspabi_slli_2
                0x000062f2                __mspabi_slli_1
                0x000062fa                __mspabi_slli
                0x00006300                __mspabi_slll_15
                0x00006304                __mspabi_slll_14
                0x00006308                __mspabi_slll_13
                0x0000630c                __mspabi_slll_12
                0x00006310                __mspabi_slll_11
                0x00006314                __mspabi_slll_10
                0x00006318                __mspabi_slll_9
                0x0000631c                __mspabi_slll_8
                0x00006320                __mspabi_slll_7
                0x00006324                __mspabi_slll_6
                0x00006328                __mspabi_slll_5
                0x0000632c                __mspabi_slll_4
                0x00006330                __mspabi_slll_3
                0x00006334                __mspabi_slll_2
                0x00006338                __mspabi_slll_1
                0x00006344                __mspabi_slll
 .text          0x0000634a       0xb4 c:/ti/ccsv6/tools/compiler/gcc_msp430_4.9.14r1_98/bin/../lib/gcc/msp430-elf/4.9.1\libgcc.a(srli.o)
                0x0000634a                __mspabi_srli_15
                0x0000634e                __mspabi_srli_14
                0x00006352                __mspabi_srli_13
                0x00006356                __mspabi_srli_12
                0x0000635a                __mspabi_srli_11
                0x0000635e                __mspabi_srli_10
                0x00006362                __mspabi_srli_9
                0x00006366                __mspabi_srli_8
                0x0000636a                __mspabi_srli_7
                0x0000636e                __mspabi_srli_6
                0x00006372                __mspabi_srli_5
                0x00006376                __mspabi_srli_4
                0x0000637a                __mspabi_srli_3
                0x0000637e                __mspabi_srli_2
                0x00006382                __mspabi_srli_1
                0x0000638e                __mspabi_srli
                0x00006394                __mspabi_srll_15
                0x0000639a                __mspabi_srll_14
                0x000063a0                __mspabi_srll_13
                0x000063a6                __mspabi_srll_12
                0x000063ac                __mspabi_srll_11
                0x000063b2                __mspabi_srll_10
                0x000063b8                __mspabi_srll_9
                0x000063be                __mspabi_srll_8
                0x000063c4                __mspabi_srll_7
                0x000063ca                __mspabi_srll_6
                0x000063d0                __mspabi_srll_5
                0x000063d6                __mspabi_srll_4
                0x000063dc                __mspabi_srll_3
                0x000063e2                __mspabi_srll_2
                0x000063e8                __mspabi_srll_1
                0x000063f8                __mspabi_srll
 .text          0x000063fe        0x0 c:/ti/ccsv6/tools/compiler/gcc_msp430_4.9.14r1_98/bin/../lib/gcc/msp430-elf/4.9.1/../../../../msp430-elf/lib\libcrt.a(crt_bss.o)
 .text          0x000063fe        0x0 c:/ti/ccsv6/tools/compiler/gcc_msp430_4.9.14r1_98/bin/../lib/gcc/msp430-elf/4.9.1/../../../../msp430-elf/lib\libcrt.a(crt_main.o)
 .text          0x000063fe       0x30 c:/ti/ccsv6/tools/compiler/gcc_msp430_4.9.14r1_98/bin/../lib/gcc/msp430-elf/4.9.1/../../../../msp430-elf/lib\libnosys.a(sbrk.o)
                0x000063fe                sbrk
                0x000063fe                _sbrk
 .text          0x0000642e       0x7a c:/ti/ccsv6/tools/compiler/gcc_msp430_4.9.14r1_98/bin/../lib/gcc/msp430-elf/4.9.1/../../../../msp430-elf/lib\libnosys.a(write.o)
                0x0000642e                write
 .text          0x000064a8        0x4 c:/ti/ccsv6/tools/compiler/gcc_msp430_4.9.14r1_98/bin/../lib/gcc/msp430-elf/4.9.1/../../../../msp430-elf/lib\libnosys.a(cio.o)
                0x000064a8                _libgloss_cio_hook
                0x000064a8                C$$IO$$
 .text          0x000064ac        0x0 c:/ti/ccsv6/tools/compiler/gcc_msp430_4.9.14r1_98/bin/../lib/gcc/msp430-elf/4.9.1/../../../../msp430-elf/lib\libc.a(lib_a-abort.o)
 .text.abort    0x000064ac        0xe c:/ti/ccsv6/tools/compiler/gcc_msp430_4.9.14r1_98/bin/../lib/gcc/msp430-elf/4.9.1/../../../../msp430-elf/lib\libc.a(lib_a-abort.o)
                0x000064ac                abort
 .text          0x000064ba        0x0 c:/ti/ccsv6/tools/compiler/gcc_msp430_4.9.14r1_98/bin/../lib/gcc/msp430-elf/4.9.1/../../../../msp430-elf/lib\libc.a(lib_a-memcpy.o)
 .text.memcpy   0x000064ba       0x1e c:/ti/ccsv6/tools/compiler/gcc_msp430_4.9.14r1_98/bin/../lib/gcc/msp430-elf/4.9.1/../../../../msp430-elf/lib\libc.a(lib_a-memcpy.o)
                0x000064ba                memcpy
 .text          0x000064d8        0x0 c:/ti/ccsv6/tools/compiler/gcc_msp430_4.9.14r1_98/bin/../lib/gcc/msp430-elf/4.9.1/../../../../msp430-elf/lib\libc.a(lib_a-signal.o)
 .text._init_signal_r
                0x000064d8       0x3e c:/ti/ccsv6/tools/compiler/gcc_msp430_4.9.14r1_98/bin/../lib/gcc/msp430-elf/4.9.1/../../../../msp430-elf/lib\libc.a(lib_a-signal.o)
                0x000064d8                _init_signal_r
 .text._signal_r
                0x00006516       0x42 c:/ti/ccsv6/tools/compiler/gcc_msp430_4.9.14r1_98/bin/../lib/gcc/msp430-elf/4.9.1/../../../../msp430-elf/lib\libc.a(lib_a-signal.o)
                0x00006516                _signal_r
 .text._raise_r
                0x00006558       0x6a c:/ti/ccsv6/tools/compiler/gcc_msp430_4.9.14r1_98/bin/../lib/gcc/msp430-elf/4.9.1/../../../../msp430-elf/lib\libc.a(lib_a-signal.o)
                0x00006558                _raise_r
 .text.__sigtramp_r
                0x000065c2       0x62 c:/ti/ccsv6/tools/compiler/gcc_msp430_4.9.14r1_98/bin/../lib/gcc/msp430-elf/4.9.1/../../../../msp430-elf/lib\libc.a(lib_a-signal.o)
                0x000065c2                __sigtramp_r
 .text.raise    0x00006624        0xc c:/ti/ccsv6/tools/compiler/gcc_msp430_4.9.14r1_98/bin/../lib/gcc/msp430-elf/4.9.1/../../../../msp430-elf/lib\libc.a(lib_a-signal.o)
                0x00006624                raise
 .text.signal   0x00006630       0x10 c:/ti/ccsv6/tools/compiler/gcc_msp430_4.9.14r1_98/bin/../lib/gcc/msp430-elf/4.9.1/../../../../msp430-elf/lib\libc.a(lib_a-signal.o)
                0x00006630                signal
 .text._init_signal
                0x00006640        0xa c:/ti/ccsv6/tools/compiler/gcc_msp430_4.9.14r1_98/bin/../lib/gcc/msp430-elf/4.9.1/../../../../msp430-elf/lib\libc.a(lib_a-signal.o)
                0x00006640                _init_signal
 .text.__sigtramp
                0x0000664a        0xc c:/ti/ccsv6/tools/compiler/gcc_msp430_4.9.14r1_98/bin/../lib/gcc/msp430-elf/4.9.1/../../../../msp430-elf/lib\libc.a(lib_a-signal.o)
                0x0000664a                __sigtramp
 .text          0x00006656        0x0 c:/ti/ccsv6/tools/compiler/gcc_msp430_4.9.14r1_98/bin/../lib/gcc/msp430-elf/4.9.1/../../../../msp430-elf/lib\libc.a(lib_a-signalr.o)
 .text._kill_r  0x00006656       0x24 c:/ti/ccsv6/tools/compiler/gcc_msp430_4.9.14r1_98/bin/../lib/gcc/msp430-elf/4.9.1/../../../../msp430-elf/lib\libc.a(lib_a-signalr.o)
                0x00006656                _kill_r
 .text._getpid_r
                0x0000667a        0x6 c:/ti/ccsv6/tools/compiler/gcc_msp430_4.9.14r1_98/bin/../lib/gcc/msp430-elf/4.9.1/../../../../msp430-elf/lib\libc.a(lib_a-signalr.o)
                0x0000667a                _getpid_r
 .text          0x00006680       0x62 c:/ti/ccsv6/tools/compiler/gcc_msp430_4.9.14r1_98/bin/../lib/gcc/msp430-elf/4.9.1/../../../../msp430-elf/lib\libnosys.a(nosyscalls.o)
                0x00006680                exit
                0x00006680                _exit
                0x00006684                open
                0x00006692                close
                0x000066a0                read
                0x000066ae                fstat
                0x000066bc                lseek
                0x000066ca                kill
                0x000066d8                isatty
                0x000066d8                _isatty
                0x000066dc                getpid
 .text          0x000066e2        0x0 c:/ti/ccsv6/tools/compiler/gcc_msp430_4.9.14r1_98/bin/../lib/gcc/msp430-elf/4.9.1/../../../../msp430-elf/lib\libc.a(lib_a-errno.o)
 .text.__errno  0x000066e2        0x6 c:/ti/ccsv6/tools/compiler/gcc_msp430_4.9.14r1_98/bin/../lib/gcc/msp430-elf/4.9.1/../../../../msp430-elf/lib\libc.a(lib_a-errno.o)
                0x000066e2                __errno
 .text          0x000066e8       0x20 c:/ti/ccsv6/tools/compiler/gcc_msp430_4.9.14r1_98/bin/../lib/gcc/msp430-elf/4.9.1/crtend.o
 .text          0x00006708        0x0 c:/ti/ccsv6/tools/compiler/gcc_msp430_4.9.14r1_98/bin/../lib/gcc/msp430-elf/4.9.1/../../../../msp430-elf/lib/crtn.o
 *(.text.*personality*)
 *(.gnu.warning)
 *(.interp .hash .dynsym .dynstr .gnu.version*)
                0x00006708                PROVIDE (__etext, .)
                0x00006708                PROVIDE (_etext, .)
                0x00006708                PROVIDE (etext, .)
                0x00006708                . = ALIGN (0x2)
 *(.init)
 .init          0x00006708        0x0 c:/ti/ccsv6/tools/compiler/gcc_msp430_4.9.14r1_98/bin/../lib/gcc/msp430-elf/4.9.1/../../../../msp430-elf/lib/crt0.o
                0x00006708                __msp430_init
 .init          0x00006708        0x4 c:/ti/ccsv6/tools/compiler/gcc_msp430_4.9.14r1_98/bin/../lib/gcc/msp430-elf/4.9.1/crtbegin.o
 .init          0x0000670c        0x4 c:/ti/ccsv6/tools/compiler/gcc_msp430_4.9.14r1_98/bin/../lib/gcc/msp430-elf/4.9.1/crtend.o
 .init          0x00006710        0xa c:/ti/ccsv6/tools/compiler/gcc_msp430_4.9.14r1_98/bin/../lib/gcc/msp430-elf/4.9.1/../../../../msp430-elf/lib/crtn.o
                0x0000671a                __msp430_init_end
 *(.fini)
 .fini          0x0000671a        0x4 c:/ti/ccsv6/tools/compiler/gcc_msp430_4.9.14r1_98/bin/../lib/gcc/msp430-elf/4.9.1/../../../../msp430-elf/lib/crt0.o
                0x0000671a                __msp430_fini
 .fini          0x0000671e        0x4 c:/ti/ccsv6/tools/compiler/gcc_msp430_4.9.14r1_98/bin/../lib/gcc/msp430-elf/4.9.1/crtbegin.o
 .fini          0x00006722        0x2 c:/ti/ccsv6/tools/compiler/gcc_msp430_4.9.14r1_98/bin/../lib/gcc/msp430-elf/4.9.1/../../../../msp430-elf/lib/crtn.o
                0x00006724                __msp430_fini_end
 *(.tm_clone_table)
 .tm_clone_table
                0x00006724        0x0 c:/ti/ccsv6/tools/compiler/gcc_msp430_4.9.14r1_98/bin/../lib/gcc/msp430-elf/4.9.1/crtbegin.o
 .tm_clone_table
                0x00006724        0x0 c:/ti/ccsv6/tools/compiler/gcc_msp430_4.9.14r1_98/bin/../lib/gcc/msp430-elf/4.9.1/crtend.o
                0x00006724                __TMC_END__

.upper.text     0x00010000        0x0
                0x00010000                . = ALIGN (0x2)
 *(.upper.text.* .upper.text)

.infoA

.infoB

.infoC

.infoD

.MP430.attributes
                0x00000000      0x2c9
 *(.MSP430.attributes)
 .MSP430.attributes
                0x00000000       0x17 c:/ti/ccsv6/tools/compiler/gcc_msp430_4.9.14r1_98/bin/../lib/gcc/msp430-elf/4.9.1/../../../../msp430-elf/lib/crt0.o
 .MSP430.attributes
                0x00000017       0x17 c:/ti/ccsv6/tools/compiler/gcc_msp430_4.9.14r1_98/bin/../lib/gcc/msp430-elf/4.9.1/crtbegin.o
 .MSP430.attributes
                0x0000002e       0x17 ./led_drive.o
 .MSP430.attributes
                0x00000045       0x17 ./main.o
 .MSP430.attributes
                0x0000005c       0x17 ./sensor.o
 .MSP430.attributes
                0x00000073       0x17 c:/ti/ccsv6/tools/compiler/gcc_msp430_4.9.14r1_98/bin/../lib/gcc/msp430-elf/4.9.1/../../../../msp430-elf/lib\libc.a(lib_a-memset.o)
 .MSP430.attributes
                0x0000008a       0x17 c:/ti/ccsv6/tools/compiler/gcc_msp430_4.9.14r1_98/bin/../lib/gcc/msp430-elf/4.9.1/../../../../msp430-elf/lib\libc.a(lib_a-rand.o)
 .MSP430.attributes
                0x000000a1       0x17 c:/ti/ccsv6/tools/compiler/gcc_msp430_4.9.14r1_98/bin/../lib/gcc/msp430-elf/4.9.1/../../../../msp430-elf/lib\libc.a(lib_a-impure.o)
 .MSP430.attributes
                0x000000b8       0x17 c:/ti/ccsv6/tools/compiler/gcc_msp430_4.9.14r1_98/bin/../lib/gcc/msp430-elf/4.9.1/../../../../msp430-elf/lib\libc.a(lib_a-malloc.o)
 .MSP430.attributes
                0x000000cf       0x17 c:/ti/ccsv6/tools/compiler/gcc_msp430_4.9.14r1_98/bin/../lib/gcc/msp430-elf/4.9.1/../../../../msp430-elf/lib\libc.a(lib_a-nano-freer.o)
 .MSP430.attributes
                0x000000e6       0x17 c:/ti/ccsv6/tools/compiler/gcc_msp430_4.9.14r1_98/bin/../lib/gcc/msp430-elf/4.9.1/../../../../msp430-elf/lib\libc.a(lib_a-nano-mallocr.o)
 .MSP430.attributes
                0x000000fd       0x17 c:/ti/ccsv6/tools/compiler/gcc_msp430_4.9.14r1_98/bin/../lib/gcc/msp430-elf/4.9.1/../../../../msp430-elf/lib\libc.a(lib_a-sbrkr.o)
 .MSP430.attributes
                0x00000114       0x17 c:/ti/ccsv6/tools/compiler/gcc_msp430_4.9.14r1_98/bin/../lib/gcc/msp430-elf/4.9.1/../../../../msp430-elf/lib\libc.a(lib_a-reent.o)
 .MSP430.attributes
                0x0000012b       0x17 c:/ti/ccsv6/tools/compiler/gcc_msp430_4.9.14r1_98/bin/../lib/gcc/msp430-elf/4.9.1\libgcc.a(_muldi3.o)
 .MSP430.attributes
                0x00000142       0x17 c:/ti/ccsv6/tools/compiler/gcc_msp430_4.9.14r1_98/bin/../lib/gcc/msp430-elf/4.9.1\libgcc.a(_lshrdi3.o)
 .MSP430.attributes
                0x00000159       0x17 c:/ti/ccsv6/tools/compiler/gcc_msp430_4.9.14r1_98/bin/../lib/gcc/msp430-elf/4.9.1\libgcc.a(lib2mul.o)
 .MSP430.attributes
                0x00000170       0x17 c:/ti/ccsv6/tools/compiler/gcc_msp430_4.9.14r1_98/bin/../lib/gcc/msp430-elf/4.9.1\libgcc.a(slli.o)
 .MSP430.attributes
                0x00000187       0x17 c:/ti/ccsv6/tools/compiler/gcc_msp430_4.9.14r1_98/bin/../lib/gcc/msp430-elf/4.9.1\libgcc.a(srli.o)
 .MSP430.attributes
                0x0000019e       0x17 c:/ti/ccsv6/tools/compiler/gcc_msp430_4.9.14r1_98/bin/../lib/gcc/msp430-elf/4.9.1/../../../../msp430-elf/lib\libcrt.a(crt_bss.o)
 .MSP430.attributes
                0x000001b5       0x17 c:/ti/ccsv6/tools/compiler/gcc_msp430_4.9.14r1_98/bin/../lib/gcc/msp430-elf/4.9.1/../../../../msp430-elf/lib\libcrt.a(crt_main.o)
 .MSP430.attributes
                0x000001cc       0x17 c:/ti/ccsv6/tools/compiler/gcc_msp430_4.9.14r1_98/bin/../lib/gcc/msp430-elf/4.9.1/../../../../msp430-elf/lib\libnosys.a(sbrk.o)
 .MSP430.attributes
                0x000001e3       0x17 c:/ti/ccsv6/tools/compiler/gcc_msp430_4.9.14r1_98/bin/../lib/gcc/msp430-elf/4.9.1/../../../../msp430-elf/lib\libnosys.a(write.o)
 .MSP430.attributes
                0x000001fa       0x17 c:/ti/ccsv6/tools/compiler/gcc_msp430_4.9.14r1_98/bin/../lib/gcc/msp430-elf/4.9.1/../../../../msp430-elf/lib\libnosys.a(cio.o)
 .MSP430.attributes
                0x00000211       0x17 c:/ti/ccsv6/tools/compiler/gcc_msp430_4.9.14r1_98/bin/../lib/gcc/msp430-elf/4.9.1/../../../../msp430-elf/lib\libc.a(lib_a-abort.o)
 .MSP430.attributes
                0x00000228       0x17 c:/ti/ccsv6/tools/compiler/gcc_msp430_4.9.14r1_98/bin/../lib/gcc/msp430-elf/4.9.1/../../../../msp430-elf/lib\libc.a(lib_a-memcpy.o)
 .MSP430.attributes
                0x0000023f       0x17 c:/ti/ccsv6/tools/compiler/gcc_msp430_4.9.14r1_98/bin/../lib/gcc/msp430-elf/4.9.1/../../../../msp430-elf/lib\libc.a(lib_a-signal.o)
 .MSP430.attributes
                0x00000256       0x17 c:/ti/ccsv6/tools/compiler/gcc_msp430_4.9.14r1_98/bin/../lib/gcc/msp430-elf/4.9.1/../../../../msp430-elf/lib\libc.a(lib_a-signalr.o)
 .MSP430.attributes
                0x0000026d       0x17 c:/ti/ccsv6/tools/compiler/gcc_msp430_4.9.14r1_98/bin/../lib/gcc/msp430-elf/4.9.1/../../../../msp430-elf/lib\libnosys.a(nosyscalls.o)
 .MSP430.attributes
                0x00000284       0x17 c:/ti/ccsv6/tools/compiler/gcc_msp430_4.9.14r1_98/bin/../lib/gcc/msp430-elf/4.9.1/../../../../msp430-elf/lib\libc.a(lib_a-errno.o)
 .MSP430.attributes
                0x0000029b       0x17 c:/ti/ccsv6/tools/compiler/gcc_msp430_4.9.14r1_98/bin/../lib/gcc/msp430-elf/4.9.1/crtend.o
 .MSP430.attributes
                0x000002b2       0x17 c:/ti/ccsv6/tools/compiler/gcc_msp430_4.9.14r1_98/bin/../lib/gcc/msp430-elf/4.9.1/../../../../msp430-elf/lib/crtn.o
 *(.gnu.attributes)
 *(__TI_build_attributes)

.stab
 *(.stab)

.stabstr
 *(.stabstr)

.stab.excl
 *(.stab.excl)

.stab.exclstr
 *(.stab.exclstr)

.stab.index
 *(.stab.index)

.stab.indexstr
 *(.stab.indexstr)

.comment        0x00000000       0x7b
 *(.comment)
 .comment       0x00000000       0x7b c:/ti/ccsv6/tools/compiler/gcc_msp430_4.9.14r1_98/bin/../lib/gcc/msp430-elf/4.9.1/crtbegin.o
                                 0x7c (size before relaxing)
 .comment       0x00000000       0x7c ./led_drive.o
 .comment       0x00000000       0x7c ./main.o
 .comment       0x00000000       0x7c ./sensor.o
 .comment       0x00000000       0x7c c:/ti/ccsv6/tools/compiler/gcc_msp430_4.9.14r1_98/bin/../lib/gcc/msp430-elf/4.9.1/../../../../msp430-elf/lib\libc.a(lib_a-memset.o)
 .comment       0x00000000       0x7c c:/ti/ccsv6/tools/compiler/gcc_msp430_4.9.14r1_98/bin/../lib/gcc/msp430-elf/4.9.1/../../../../msp430-elf/lib\libc.a(lib_a-rand.o)
 .comment       0x00000000       0x7c c:/ti/ccsv6/tools/compiler/gcc_msp430_4.9.14r1_98/bin/../lib/gcc/msp430-elf/4.9.1/../../../../msp430-elf/lib\libc.a(lib_a-impure.o)
 .comment       0x00000000       0x7c c:/ti/ccsv6/tools/compiler/gcc_msp430_4.9.14r1_98/bin/../lib/gcc/msp430-elf/4.9.1/../../../../msp430-elf/lib\libc.a(lib_a-malloc.o)
 .comment       0x00000000       0x7c c:/ti/ccsv6/tools/compiler/gcc_msp430_4.9.14r1_98/bin/../lib/gcc/msp430-elf/4.9.1/../../../../msp430-elf/lib\libc.a(lib_a-nano-freer.o)
 .comment       0x00000000       0x7c c:/ti/ccsv6/tools/compiler/gcc_msp430_4.9.14r1_98/bin/../lib/gcc/msp430-elf/4.9.1/../../../../msp430-elf/lib\libc.a(lib_a-nano-mallocr.o)
 .comment       0x00000000       0x7c c:/ti/ccsv6/tools/compiler/gcc_msp430_4.9.14r1_98/bin/../lib/gcc/msp430-elf/4.9.1/../../../../msp430-elf/lib\libc.a(lib_a-sbrkr.o)
 .comment       0x00000000       0x7c c:/ti/ccsv6/tools/compiler/gcc_msp430_4.9.14r1_98/bin/../lib/gcc/msp430-elf/4.9.1/../../../../msp430-elf/lib\libc.a(lib_a-reent.o)
 .comment       0x00000000       0x7c c:/ti/ccsv6/tools/compiler/gcc_msp430_4.9.14r1_98/bin/../lib/gcc/msp430-elf/4.9.1\libgcc.a(_muldi3.o)
 .comment       0x00000000       0x7c c:/ti/ccsv6/tools/compiler/gcc_msp430_4.9.14r1_98/bin/../lib/gcc/msp430-elf/4.9.1\libgcc.a(_lshrdi3.o)
 .comment       0x00000000       0x7c c:/ti/ccsv6/tools/compiler/gcc_msp430_4.9.14r1_98/bin/../lib/gcc/msp430-elf/4.9.1\libgcc.a(lib2mul.o)
 .comment       0x00000000       0x7c c:/ti/ccsv6/tools/compiler/gcc_msp430_4.9.14r1_98/bin/../lib/gcc/msp430-elf/4.9.1/../../../../msp430-elf/lib\libnosys.a(sbrk.o)
 .comment       0x00000000       0x7c c:/ti/ccsv6/tools/compiler/gcc_msp430_4.9.14r1_98/bin/../lib/gcc/msp430-elf/4.9.1/../../../../msp430-elf/lib\libnosys.a(write.o)
 .comment       0x00000000       0x7c c:/ti/ccsv6/tools/compiler/gcc_msp430_4.9.14r1_98/bin/../lib/gcc/msp430-elf/4.9.1/../../../../msp430-elf/lib\libc.a(lib_a-abort.o)
 .comment       0x00000000       0x7c c:/ti/ccsv6/tools/compiler/gcc_msp430_4.9.14r1_98/bin/../lib/gcc/msp430-elf/4.9.1/../../../../msp430-elf/lib\libc.a(lib_a-memcpy.o)
 .comment       0x00000000       0x7c c:/ti/ccsv6/tools/compiler/gcc_msp430_4.9.14r1_98/bin/../lib/gcc/msp430-elf/4.9.1/../../../../msp430-elf/lib\libc.a(lib_a-signal.o)
 .comment       0x00000000       0x7c c:/ti/ccsv6/tools/compiler/gcc_msp430_4.9.14r1_98/bin/../lib/gcc/msp430-elf/4.9.1/../../../../msp430-elf/lib\libc.a(lib_a-signalr.o)
 .comment       0x00000000       0x7c c:/ti/ccsv6/tools/compiler/gcc_msp430_4.9.14r1_98/bin/../lib/gcc/msp430-elf/4.9.1/../../../../msp430-elf/lib\libc.a(lib_a-errno.o)
 .comment       0x00000000       0x7c c:/ti/ccsv6/tools/compiler/gcc_msp430_4.9.14r1_98/bin/../lib/gcc/msp430-elf/4.9.1/crtend.o

.debug
 *(.debug)

.line
 *(.line)

.debug_srcinfo
 *(.debug_srcinfo)

.debug_sfnames
 *(.debug_sfnames)

.debug_aranges  0x00000000      0x3d8
 *(.debug_aranges)
 .debug_aranges
                0x00000000       0x30 c:/ti/ccsv6/tools/compiler/gcc_msp430_4.9.14r1_98/bin/../lib/gcc/msp430-elf/4.9.1/../../../../msp430-elf/lib/crt0.o
 .debug_aranges
                0x00000030       0x20 ./led_drive.o
 .debug_aranges
                0x00000050       0x20 ./main.o
 .debug_aranges
                0x00000070       0x20 ./sensor.o
 .debug_aranges
                0x00000090       0x20 c:/ti/ccsv6/tools/compiler/gcc_msp430_4.9.14r1_98/bin/../lib/gcc/msp430-elf/4.9.1/../../../../msp430-elf/lib\libc.a(lib_a-memset.o)
 .debug_aranges
                0x000000b0       0x28 c:/ti/ccsv6/tools/compiler/gcc_msp430_4.9.14r1_98/bin/../lib/gcc/msp430-elf/4.9.1/../../../../msp430-elf/lib\libc.a(lib_a-rand.o)
 .debug_aranges
                0x000000d8       0x18 c:/ti/ccsv6/tools/compiler/gcc_msp430_4.9.14r1_98/bin/../lib/gcc/msp430-elf/4.9.1/../../../../msp430-elf/lib\libc.a(lib_a-impure.o)
 .debug_aranges
                0x000000f0       0x28 c:/ti/ccsv6/tools/compiler/gcc_msp430_4.9.14r1_98/bin/../lib/gcc/msp430-elf/4.9.1/../../../../msp430-elf/lib\libc.a(lib_a-malloc.o)
 .debug_aranges
                0x00000118       0x20 c:/ti/ccsv6/tools/compiler/gcc_msp430_4.9.14r1_98/bin/../lib/gcc/msp430-elf/4.9.1/../../../../msp430-elf/lib\libc.a(lib_a-nano-freer.o)
 .debug_aranges
                0x00000138       0x20 c:/ti/ccsv6/tools/compiler/gcc_msp430_4.9.14r1_98/bin/../lib/gcc/msp430-elf/4.9.1/../../../../msp430-elf/lib\libc.a(lib_a-nano-mallocr.o)
 .debug_aranges
                0x00000158       0x20 c:/ti/ccsv6/tools/compiler/gcc_msp430_4.9.14r1_98/bin/../lib/gcc/msp430-elf/4.9.1/../../../../msp430-elf/lib\libc.a(lib_a-sbrkr.o)
 .debug_aranges
                0x00000178       0x28 c:/ti/ccsv6/tools/compiler/gcc_msp430_4.9.14r1_98/bin/../lib/gcc/msp430-elf/4.9.1/../../../../msp430-elf/lib\libc.a(lib_a-reent.o)
 .debug_aranges
                0x000001a0       0x20 c:/ti/ccsv6/tools/compiler/gcc_msp430_4.9.14r1_98/bin/../lib/gcc/msp430-elf/4.9.1\libgcc.a(_muldi3.o)
 .debug_aranges
                0x000001c0       0x20 c:/ti/ccsv6/tools/compiler/gcc_msp430_4.9.14r1_98/bin/../lib/gcc/msp430-elf/4.9.1\libgcc.a(_lshrdi3.o)
 .debug_aranges
                0x000001e0       0x30 c:/ti/ccsv6/tools/compiler/gcc_msp430_4.9.14r1_98/bin/../lib/gcc/msp430-elf/4.9.1\libgcc.a(lib2mul.o)
 .debug_aranges
                0x00000210       0x20 c:/ti/ccsv6/tools/compiler/gcc_msp430_4.9.14r1_98/bin/../lib/gcc/msp430-elf/4.9.1/../../../../msp430-elf/lib\libcrt.a(crt_bss.o)
 .debug_aranges
                0x00000230       0x20 c:/ti/ccsv6/tools/compiler/gcc_msp430_4.9.14r1_98/bin/../lib/gcc/msp430-elf/4.9.1/../../../../msp430-elf/lib\libcrt.a(crt_main.o)
 .debug_aranges
                0x00000250       0x20 c:/ti/ccsv6/tools/compiler/gcc_msp430_4.9.14r1_98/bin/../lib/gcc/msp430-elf/4.9.1/../../../../msp430-elf/lib\libnosys.a(sbrk.o)
 .debug_aranges
                0x00000270       0x20 c:/ti/ccsv6/tools/compiler/gcc_msp430_4.9.14r1_98/bin/../lib/gcc/msp430-elf/4.9.1/../../../../msp430-elf/lib\libnosys.a(write.o)
 .debug_aranges
                0x00000290       0x20 c:/ti/ccsv6/tools/compiler/gcc_msp430_4.9.14r1_98/bin/../lib/gcc/msp430-elf/4.9.1/../../../../msp430-elf/lib\libnosys.a(cio.o)
 .debug_aranges
                0x000002b0       0x20 c:/ti/ccsv6/tools/compiler/gcc_msp430_4.9.14r1_98/bin/../lib/gcc/msp430-elf/4.9.1/../../../../msp430-elf/lib\libc.a(lib_a-abort.o)
 .debug_aranges
                0x000002d0       0x20 c:/ti/ccsv6/tools/compiler/gcc_msp430_4.9.14r1_98/bin/../lib/gcc/msp430-elf/4.9.1/../../../../msp430-elf/lib\libc.a(lib_a-memcpy.o)
 .debug_aranges
                0x000002f0       0x58 c:/ti/ccsv6/tools/compiler/gcc_msp430_4.9.14r1_98/bin/../lib/gcc/msp430-elf/4.9.1/../../../../msp430-elf/lib\libc.a(lib_a-signal.o)
 .debug_aranges
                0x00000348       0x28 c:/ti/ccsv6/tools/compiler/gcc_msp430_4.9.14r1_98/bin/../lib/gcc/msp430-elf/4.9.1/../../../../msp430-elf/lib\libc.a(lib_a-signalr.o)
 .debug_aranges
                0x00000370       0x20 c:/ti/ccsv6/tools/compiler/gcc_msp430_4.9.14r1_98/bin/../lib/gcc/msp430-elf/4.9.1/../../../../msp430-elf/lib\libnosys.a(nosyscalls.o)
 .debug_aranges
                0x00000390       0x20 c:/ti/ccsv6/tools/compiler/gcc_msp430_4.9.14r1_98/bin/../lib/gcc/msp430-elf/4.9.1/../../../../msp430-elf/lib\libc.a(lib_a-errno.o)
 .debug_aranges
                0x000003b0       0x28 c:/ti/ccsv6/tools/compiler/gcc_msp430_4.9.14r1_98/bin/../lib/gcc/msp430-elf/4.9.1/../../../../msp430-elf/lib/crtn.o

.debug_pubnames
 *(.debug_pubnames)

.debug_info     0x00000000     0x7c23
 *(.debug_info .gnu.linkonce.wi.*)
 .debug_info    0x00000000       0xca c:/ti/ccsv6/tools/compiler/gcc_msp430_4.9.14r1_98/bin/../lib/gcc/msp430-elf/4.9.1/../../../../msp430-elf/lib/crt0.o
 .debug_info    0x000000ca      0x324 ./led_drive.o
 .debug_info    0x000003ee      0x3cb ./main.o
 .debug_info    0x000007b9      0xb4d ./sensor.o
 .debug_info    0x00001306       0xcf c:/ti/ccsv6/tools/compiler/gcc_msp430_4.9.14r1_98/bin/../lib/gcc/msp430-elf/4.9.1/../../../../msp430-elf/lib\libc.a(lib_a-memset.o)
 .debug_info    0x000013d5      0x8d8 c:/ti/ccsv6/tools/compiler/gcc_msp430_4.9.14r1_98/bin/../lib/gcc/msp430-elf/4.9.1/../../../../msp430-elf/lib\libc.a(lib_a-rand.o)
 .debug_info    0x00001cad      0x896 c:/ti/ccsv6/tools/compiler/gcc_msp430_4.9.14r1_98/bin/../lib/gcc/msp430-elf/4.9.1/../../../../msp430-elf/lib\libc.a(lib_a-impure.o)
 .debug_info    0x00002543      0x884 c:/ti/ccsv6/tools/compiler/gcc_msp430_4.9.14r1_98/bin/../lib/gcc/msp430-elf/4.9.1/../../../../msp430-elf/lib\libc.a(lib_a-malloc.o)
 .debug_info    0x00002dc7      0x8e1 c:/ti/ccsv6/tools/compiler/gcc_msp430_4.9.14r1_98/bin/../lib/gcc/msp430-elf/4.9.1/../../../../msp430-elf/lib\libc.a(lib_a-nano-freer.o)
 .debug_info    0x000036a8      0x9bd c:/ti/ccsv6/tools/compiler/gcc_msp430_4.9.14r1_98/bin/../lib/gcc/msp430-elf/4.9.1/../../../../msp430-elf/lib\libc.a(lib_a-nano-mallocr.o)
 .debug_info    0x00004065      0x863 c:/ti/ccsv6/tools/compiler/gcc_msp430_4.9.14r1_98/bin/../lib/gcc/msp430-elf/4.9.1/../../../../msp430-elf/lib\libc.a(lib_a-sbrkr.o)
 .debug_info    0x000048c8      0x9cb c:/ti/ccsv6/tools/compiler/gcc_msp430_4.9.14r1_98/bin/../lib/gcc/msp430-elf/4.9.1/../../../../msp430-elf/lib\libc.a(lib_a-reent.o)
 .debug_info    0x00005293      0x230 c:/ti/ccsv6/tools/compiler/gcc_msp430_4.9.14r1_98/bin/../lib/gcc/msp430-elf/4.9.1\libgcc.a(_muldi3.o)
 .debug_info    0x000054c3      0x187 c:/ti/ccsv6/tools/compiler/gcc_msp430_4.9.14r1_98/bin/../lib/gcc/msp430-elf/4.9.1\libgcc.a(_lshrdi3.o)
 .debug_info    0x0000564a      0x14e c:/ti/ccsv6/tools/compiler/gcc_msp430_4.9.14r1_98/bin/../lib/gcc/msp430-elf/4.9.1\libgcc.a(lib2mul.o)
 .debug_info    0x00005798       0xce c:/ti/ccsv6/tools/compiler/gcc_msp430_4.9.14r1_98/bin/../lib/gcc/msp430-elf/4.9.1/../../../../msp430-elf/lib\libcrt.a(crt_bss.o)
 .debug_info    0x00005866       0xce c:/ti/ccsv6/tools/compiler/gcc_msp430_4.9.14r1_98/bin/../lib/gcc/msp430-elf/4.9.1/../../../../msp430-elf/lib\libcrt.a(crt_main.o)
 .debug_info    0x00005934      0x114 c:/ti/ccsv6/tools/compiler/gcc_msp430_4.9.14r1_98/bin/../lib/gcc/msp430-elf/4.9.1/../../../../msp430-elf/lib\libnosys.a(sbrk.o)
 .debug_info    0x00005a48      0x1cd c:/ti/ccsv6/tools/compiler/gcc_msp430_4.9.14r1_98/bin/../lib/gcc/msp430-elf/4.9.1/../../../../msp430-elf/lib\libnosys.a(write.o)
 .debug_info    0x00005c15       0xcd c:/ti/ccsv6/tools/compiler/gcc_msp430_4.9.14r1_98/bin/../lib/gcc/msp430-elf/4.9.1/../../../../msp430-elf/lib\libnosys.a(cio.o)
 .debug_info    0x00005ce2       0xd0 c:/ti/ccsv6/tools/compiler/gcc_msp430_4.9.14r1_98/bin/../lib/gcc/msp430-elf/4.9.1/../../../../msp430-elf/lib\libc.a(lib_a-abort.o)
 .debug_info    0x00005db2       0xfe c:/ti/ccsv6/tools/compiler/gcc_msp430_4.9.14r1_98/bin/../lib/gcc/msp430-elf/4.9.1/../../../../msp430-elf/lib\libc.a(lib_a-memcpy.o)
 .debug_info    0x00005eb0      0xb1e c:/ti/ccsv6/tools/compiler/gcc_msp430_4.9.14r1_98/bin/../lib/gcc/msp430-elf/4.9.1/../../../../msp430-elf/lib\libc.a(lib_a-signal.o)
 .debug_info    0x000069ce      0x8bf c:/ti/ccsv6/tools/compiler/gcc_msp430_4.9.14r1_98/bin/../lib/gcc/msp430-elf/4.9.1/../../../../msp430-elf/lib\libc.a(lib_a-signalr.o)
 .debug_info    0x0000728d       0xd4 c:/ti/ccsv6/tools/compiler/gcc_msp430_4.9.14r1_98/bin/../lib/gcc/msp430-elf/4.9.1/../../../../msp430-elf/lib\libnosys.a(nosyscalls.o)
 .debug_info    0x00007361      0x7f8 c:/ti/ccsv6/tools/compiler/gcc_msp430_4.9.14r1_98/bin/../lib/gcc/msp430-elf/4.9.1/../../../../msp430-elf/lib\libc.a(lib_a-errno.o)
 .debug_info    0x00007b59       0xca c:/ti/ccsv6/tools/compiler/gcc_msp430_4.9.14r1_98/bin/../lib/gcc/msp430-elf/4.9.1/../../../../msp430-elf/lib/crtn.o

.debug_abbrev   0x00000000     0x1ca1
 *(.debug_abbrev)
 .debug_abbrev  0x00000000       0x12 c:/ti/ccsv6/tools/compiler/gcc_msp430_4.9.14r1_98/bin/../lib/gcc/msp430-elf/4.9.1/../../../../msp430-elf/lib/crt0.o
 .debug_abbrev  0x00000012      0x100 ./led_drive.o
 .debug_abbrev  0x00000112       0xfe ./main.o
 .debug_abbrev  0x00000210      0x23a ./sensor.o
 .debug_abbrev  0x0000044a       0x8c c:/ti/ccsv6/tools/compiler/gcc_msp430_4.9.14r1_98/bin/../lib/gcc/msp430-elf/4.9.1/../../../../msp430-elf/lib\libc.a(lib_a-memset.o)
 .debug_abbrev  0x000004d6      0x1de c:/ti/ccsv6/tools/compiler/gcc_msp430_4.9.14r1_98/bin/../lib/gcc/msp430-elf/4.9.1/../../../../msp430-elf/lib\libc.a(lib_a-rand.o)
 .debug_abbrev  0x000006b4      0x13b c:/ti/ccsv6/tools/compiler/gcc_msp430_4.9.14r1_98/bin/../lib/gcc/msp430-elf/4.9.1/../../../../msp430-elf/lib\libc.a(lib_a-impure.o)
 .debug_abbrev  0x000007ef      0x1a1 c:/ti/ccsv6/tools/compiler/gcc_msp430_4.9.14r1_98/bin/../lib/gcc/msp430-elf/4.9.1/../../../../msp430-elf/lib\libc.a(lib_a-malloc.o)
 .debug_abbrev  0x00000990      0x1bd c:/ti/ccsv6/tools/compiler/gcc_msp430_4.9.14r1_98/bin/../lib/gcc/msp430-elf/4.9.1/../../../../msp430-elf/lib\libc.a(lib_a-nano-freer.o)
 .debug_abbrev  0x00000b4d      0x243 c:/ti/ccsv6/tools/compiler/gcc_msp430_4.9.14r1_98/bin/../lib/gcc/msp430-elf/4.9.1/../../../../msp430-elf/lib\libc.a(lib_a-nano-mallocr.o)
 .debug_abbrev  0x00000d90      0x1a7 c:/ti/ccsv6/tools/compiler/gcc_msp430_4.9.14r1_98/bin/../lib/gcc/msp430-elf/4.9.1/../../../../msp430-elf/lib\libc.a(lib_a-sbrkr.o)
 .debug_abbrev  0x00000f37      0x1f2 c:/ti/ccsv6/tools/compiler/gcc_msp430_4.9.14r1_98/bin/../lib/gcc/msp430-elf/4.9.1/../../../../msp430-elf/lib\libc.a(lib_a-reent.o)
 .debug_abbrev  0x00001129      0x124 c:/ti/ccsv6/tools/compiler/gcc_msp430_4.9.14r1_98/bin/../lib/gcc/msp430-elf/4.9.1\libgcc.a(_muldi3.o)
 .debug_abbrev  0x0000124d       0xef c:/ti/ccsv6/tools/compiler/gcc_msp430_4.9.14r1_98/bin/../lib/gcc/msp430-elf/4.9.1\libgcc.a(_lshrdi3.o)
 .debug_abbrev  0x0000133c       0x7e c:/ti/ccsv6/tools/compiler/gcc_msp430_4.9.14r1_98/bin/../lib/gcc/msp430-elf/4.9.1\libgcc.a(lib2mul.o)
 .debug_abbrev  0x000013ba       0x14 c:/ti/ccsv6/tools/compiler/gcc_msp430_4.9.14r1_98/bin/../lib/gcc/msp430-elf/4.9.1/../../../../msp430-elf/lib\libcrt.a(crt_bss.o)
 .debug_abbrev  0x000013ce       0x14 c:/ti/ccsv6/tools/compiler/gcc_msp430_4.9.14r1_98/bin/../lib/gcc/msp430-elf/4.9.1/../../../../msp430-elf/lib\libcrt.a(crt_main.o)
 .debug_abbrev  0x000013e2      0x100 c:/ti/ccsv6/tools/compiler/gcc_msp430_4.9.14r1_98/bin/../lib/gcc/msp430-elf/4.9.1/../../../../msp430-elf/lib\libnosys.a(sbrk.o)
 .debug_abbrev  0x000014e2      0x127 c:/ti/ccsv6/tools/compiler/gcc_msp430_4.9.14r1_98/bin/../lib/gcc/msp430-elf/4.9.1/../../../../msp430-elf/lib\libnosys.a(write.o)
 .debug_abbrev  0x00001609       0x14 c:/ti/ccsv6/tools/compiler/gcc_msp430_4.9.14r1_98/bin/../lib/gcc/msp430-elf/4.9.1/../../../../msp430-elf/lib\libnosys.a(cio.o)
 .debug_abbrev  0x0000161d       0x93 c:/ti/ccsv6/tools/compiler/gcc_msp430_4.9.14r1_98/bin/../lib/gcc/msp430-elf/4.9.1/../../../../msp430-elf/lib\libc.a(lib_a-abort.o)
 .debug_abbrev  0x000016b0       0xa2 c:/ti/ccsv6/tools/compiler/gcc_msp430_4.9.14r1_98/bin/../lib/gcc/msp430-elf/4.9.1/../../../../msp430-elf/lib\libc.a(lib_a-memcpy.o)
 .debug_abbrev  0x00001752      0x24a c:/ti/ccsv6/tools/compiler/gcc_msp430_4.9.14r1_98/bin/../lib/gcc/msp430-elf/4.9.1/../../../../msp430-elf/lib\libc.a(lib_a-signal.o)
 .debug_abbrev  0x0000199c      0x1a6 c:/ti/ccsv6/tools/compiler/gcc_msp430_4.9.14r1_98/bin/../lib/gcc/msp430-elf/4.9.1/../../../../msp430-elf/lib\libc.a(lib_a-signalr.o)
 .debug_abbrev  0x00001b42       0x14 c:/ti/ccsv6/tools/compiler/gcc_msp430_4.9.14r1_98/bin/../lib/gcc/msp430-elf/4.9.1/../../../../msp430-elf/lib\libnosys.a(nosyscalls.o)
 .debug_abbrev  0x00001b56      0x139 c:/ti/ccsv6/tools/compiler/gcc_msp430_4.9.14r1_98/bin/../lib/gcc/msp430-elf/4.9.1/../../../../msp430-elf/lib\libc.a(lib_a-errno.o)
 .debug_abbrev  0x00001c8f       0x12 c:/ti/ccsv6/tools/compiler/gcc_msp430_4.9.14r1_98/bin/../lib/gcc/msp430-elf/4.9.1/../../../../msp430-elf/lib/crtn.o

.debug_line     0x00000000     0x3e75
 *(.debug_line .debug_line.* .debug_line_end)
 .debug_line    0x00000000      0x104 c:/ti/ccsv6/tools/compiler/gcc_msp430_4.9.14r1_98/bin/../lib/gcc/msp430-elf/4.9.1/../../../../msp430-elf/lib/crt0.o
 .debug_line    0x00000104      0xe72 ./led_drive.o
 .debug_line    0x00000f76      0x307 ./main.o
 .debug_line    0x0000127d      0xd53 ./sensor.o
 .debug_line    0x00001fd0      0x112 c:/ti/ccsv6/tools/compiler/gcc_msp430_4.9.14r1_98/bin/../lib/gcc/msp430-elf/4.9.1/../../../../msp430-elf/lib\libc.a(lib_a-memset.o)
 .debug_line.text.memset
                0x000020e2       0x22 c:/ti/ccsv6/tools/compiler/gcc_msp430_4.9.14r1_98/bin/../lib/gcc/msp430-elf/4.9.1/../../../../msp430-elf/lib\libc.a(lib_a-memset.o)
 .debug_line_end
                0x00002104        0x0 c:/ti/ccsv6/tools/compiler/gcc_msp430_4.9.14r1_98/bin/../lib/gcc/msp430-elf/4.9.1/../../../../msp430-elf/lib\libc.a(lib_a-memset.o)
 .debug_line    0x00002104      0x172 c:/ti/ccsv6/tools/compiler/gcc_msp430_4.9.14r1_98/bin/../lib/gcc/msp430-elf/4.9.1/../../../../msp430-elf/lib\libc.a(lib_a-rand.o)
 .debug_line.text.srand
                0x00002276       0x35 c:/ti/ccsv6/tools/compiler/gcc_msp430_4.9.14r1_98/bin/../lib/gcc/msp430-elf/4.9.1/../../../../msp430-elf/lib\libc.a(lib_a-rand.o)
 .debug_line.text.rand
                0x000022ab       0x41 c:/ti/ccsv6/tools/compiler/gcc_msp430_4.9.14r1_98/bin/../lib/gcc/msp430-elf/4.9.1/../../../../msp430-elf/lib\libc.a(lib_a-rand.o)
 .debug_line_end
                0x000022ec        0x0 c:/ti/ccsv6/tools/compiler/gcc_msp430_4.9.14r1_98/bin/../lib/gcc/msp430-elf/4.9.1/../../../../msp430-elf/lib\libc.a(lib_a-rand.o)
 .debug_line    0x000022ec      0x12a c:/ti/ccsv6/tools/compiler/gcc_msp430_4.9.14r1_98/bin/../lib/gcc/msp430-elf/4.9.1/../../../../msp430-elf/lib\libc.a(lib_a-impure.o)
 .debug_line_end
                0x00002416        0x0 c:/ti/ccsv6/tools/compiler/gcc_msp430_4.9.14r1_98/bin/../lib/gcc/msp430-elf/4.9.1/../../../../msp430-elf/lib\libc.a(lib_a-impure.o)
 .debug_line    0x00002416      0x174 c:/ti/ccsv6/tools/compiler/gcc_msp430_4.9.14r1_98/bin/../lib/gcc/msp430-elf/4.9.1/../../../../msp430-elf/lib\libc.a(lib_a-malloc.o)
 .debug_line.text.malloc
                0x0000258a       0x1d c:/ti/ccsv6/tools/compiler/gcc_msp430_4.9.14r1_98/bin/../lib/gcc/msp430-elf/4.9.1/../../../../msp430-elf/lib\libc.a(lib_a-malloc.o)
 .debug_line.text.free
                0x000025a7       0x1d c:/ti/ccsv6/tools/compiler/gcc_msp430_4.9.14r1_98/bin/../lib/gcc/msp430-elf/4.9.1/../../../../msp430-elf/lib\libc.a(lib_a-malloc.o)
 .debug_line_end
                0x000025c4        0x0 c:/ti/ccsv6/tools/compiler/gcc_msp430_4.9.14r1_98/bin/../lib/gcc/msp430-elf/4.9.1/../../../../msp430-elf/lib\libc.a(lib_a-malloc.o)
 .debug_line    0x000025c4      0x131 c:/ti/ccsv6/tools/compiler/gcc_msp430_4.9.14r1_98/bin/../lib/gcc/msp430-elf/4.9.1/../../../../msp430-elf/lib\libc.a(lib_a-nano-freer.o)
 .debug_line.text._free_r
                0x000026f5       0xcd c:/ti/ccsv6/tools/compiler/gcc_msp430_4.9.14r1_98/bin/../lib/gcc/msp430-elf/4.9.1/../../../../msp430-elf/lib\libc.a(lib_a-nano-freer.o)
 .debug_line_end
                0x000027c2        0x0 c:/ti/ccsv6/tools/compiler/gcc_msp430_4.9.14r1_98/bin/../lib/gcc/msp430-elf/4.9.1/../../../../msp430-elf/lib\libc.a(lib_a-nano-freer.o)
 .debug_line    0x000027c2      0x179 c:/ti/ccsv6/tools/compiler/gcc_msp430_4.9.14r1_98/bin/../lib/gcc/msp430-elf/4.9.1/../../../../msp430-elf/lib\libc.a(lib_a-nano-mallocr.o)
 .debug_line.text._malloc_r
                0x0000293b       0xdb c:/ti/ccsv6/tools/compiler/gcc_msp430_4.9.14r1_98/bin/../lib/gcc/msp430-elf/4.9.1/../../../../msp430-elf/lib\libc.a(lib_a-nano-mallocr.o)
 .debug_line_end
                0x00002a16        0x0 c:/ti/ccsv6/tools/compiler/gcc_msp430_4.9.14r1_98/bin/../lib/gcc/msp430-elf/4.9.1/../../../../msp430-elf/lib\libc.a(lib_a-nano-mallocr.o)
 .debug_line    0x00002a16      0x171 c:/ti/ccsv6/tools/compiler/gcc_msp430_4.9.14r1_98/bin/../lib/gcc/msp430-elf/4.9.1/../../../../msp430-elf/lib\libc.a(lib_a-sbrkr.o)
 .debug_line.text._sbrk_r
                0x00002b87       0x34 c:/ti/ccsv6/tools/compiler/gcc_msp430_4.9.14r1_98/bin/../lib/gcc/msp430-elf/4.9.1/../../../../msp430-elf/lib\libc.a(lib_a-sbrkr.o)
 .debug_line_end
                0x00002bbb        0x0 c:/ti/ccsv6/tools/compiler/gcc_msp430_4.9.14r1_98/bin/../lib/gcc/msp430-elf/4.9.1/../../../../msp430-elf/lib\libc.a(lib_a-sbrkr.o)
 .debug_line    0x00002bbb      0x172 c:/ti/ccsv6/tools/compiler/gcc_msp430_4.9.14r1_98/bin/../lib/gcc/msp430-elf/4.9.1/../../../../msp430-elf/lib\libc.a(lib_a-reent.o)
 .debug_line.text.cleanup_glue
                0x00002d2d       0x28 c:/ti/ccsv6/tools/compiler/gcc_msp430_4.9.14r1_98/bin/../lib/gcc/msp430-elf/4.9.1/../../../../msp430-elf/lib\libc.a(lib_a-reent.o)
 .debug_line.text._reclaim_reent
                0x00002d55       0xf8 c:/ti/ccsv6/tools/compiler/gcc_msp430_4.9.14r1_98/bin/../lib/gcc/msp430-elf/4.9.1/../../../../msp430-elf/lib\libc.a(lib_a-reent.o)
 .debug_line_end
                0x00002e4d        0x0 c:/ti/ccsv6/tools/compiler/gcc_msp430_4.9.14r1_98/bin/../lib/gcc/msp430-elf/4.9.1/../../../../msp430-elf/lib\libc.a(lib_a-reent.o)
 .debug_line    0x00002e4d       0x67 c:/ti/ccsv6/tools/compiler/gcc_msp430_4.9.14r1_98/bin/../lib/gcc/msp430-elf/4.9.1\libgcc.a(_muldi3.o)
 .debug_line.text.__muldi3
                0x00002eb4       0x55 c:/ti/ccsv6/tools/compiler/gcc_msp430_4.9.14r1_98/bin/../lib/gcc/msp430-elf/4.9.1\libgcc.a(_muldi3.o)
 .debug_line_end
                0x00002f09        0x0 c:/ti/ccsv6/tools/compiler/gcc_msp430_4.9.14r1_98/bin/../lib/gcc/msp430-elf/4.9.1\libgcc.a(_muldi3.o)
 .debug_line    0x00002f09       0x67 c:/ti/ccsv6/tools/compiler/gcc_msp430_4.9.14r1_98/bin/../lib/gcc/msp430-elf/4.9.1\libgcc.a(_lshrdi3.o)
 .debug_line.text.__lshrdi3
                0x00002f70       0x53 c:/ti/ccsv6/tools/compiler/gcc_msp430_4.9.14r1_98/bin/../lib/gcc/msp430-elf/4.9.1\libgcc.a(_lshrdi3.o)
 .debug_line_end
                0x00002fc3        0x0 c:/ti/ccsv6/tools/compiler/gcc_msp430_4.9.14r1_98/bin/../lib/gcc/msp430-elf/4.9.1\libgcc.a(_lshrdi3.o)
 .debug_line    0x00002fc3       0x78 c:/ti/ccsv6/tools/compiler/gcc_msp430_4.9.14r1_98/bin/../lib/gcc/msp430-elf/4.9.1\libgcc.a(lib2mul.o)
 .debug_line.text.__mulhi3
                0x0000303b       0x58 c:/ti/ccsv6/tools/compiler/gcc_msp430_4.9.14r1_98/bin/../lib/gcc/msp430-elf/4.9.1\libgcc.a(lib2mul.o)
 .debug_line.text.__mulqi3
                0x00003093       0x58 c:/ti/ccsv6/tools/compiler/gcc_msp430_4.9.14r1_98/bin/../lib/gcc/msp430-elf/4.9.1\libgcc.a(lib2mul.o)
 .debug_line.text.__mulsi3
                0x000030eb       0x58 c:/ti/ccsv6/tools/compiler/gcc_msp430_4.9.14r1_98/bin/../lib/gcc/msp430-elf/4.9.1\libgcc.a(lib2mul.o)
 .debug_line_end
                0x00003143        0x0 c:/ti/ccsv6/tools/compiler/gcc_msp430_4.9.14r1_98/bin/../lib/gcc/msp430-elf/4.9.1\libgcc.a(lib2mul.o)
 .debug_line    0x00003143       0x82 c:/ti/ccsv6/tools/compiler/gcc_msp430_4.9.14r1_98/bin/../lib/gcc/msp430-elf/4.9.1/../../../../msp430-elf/lib\libcrt.a(crt_bss.o)
 .debug_line    0x000031c5       0x7d c:/ti/ccsv6/tools/compiler/gcc_msp430_4.9.14r1_98/bin/../lib/gcc/msp430-elf/4.9.1/../../../../msp430-elf/lib\libcrt.a(crt_main.o)
 .debug_line    0x00003242       0xa8 c:/ti/ccsv6/tools/compiler/gcc_msp430_4.9.14r1_98/bin/../lib/gcc/msp430-elf/4.9.1/../../../../msp430-elf/lib\libnosys.a(sbrk.o)
 .debug_line    0x000032ea       0xe0 c:/ti/ccsv6/tools/compiler/gcc_msp430_4.9.14r1_98/bin/../lib/gcc/msp430-elf/4.9.1/../../../../msp430-elf/lib\libnosys.a(write.o)
 .debug_line    0x000033ca       0x75 c:/ti/ccsv6/tools/compiler/gcc_msp430_4.9.14r1_98/bin/../lib/gcc/msp430-elf/4.9.1/../../../../msp430-elf/lib\libnosys.a(cio.o)
 .debug_line    0x0000343f      0x106 c:/ti/ccsv6/tools/compiler/gcc_msp430_4.9.14r1_98/bin/../lib/gcc/msp430-elf/4.9.1/../../../../msp430-elf/lib\libc.a(lib_a-abort.o)
 .debug_line.text.abort
                0x00003545       0x1c c:/ti/ccsv6/tools/compiler/gcc_msp430_4.9.14r1_98/bin/../lib/gcc/msp430-elf/4.9.1/../../../../msp430-elf/lib\libc.a(lib_a-abort.o)
 .debug_line_end
                0x00003561        0x0 c:/ti/ccsv6/tools/compiler/gcc_msp430_4.9.14r1_98/bin/../lib/gcc/msp430-elf/4.9.1/../../../../msp430-elf/lib\libc.a(lib_a-abort.o)
 .debug_line    0x00003561      0x112 c:/ti/ccsv6/tools/compiler/gcc_msp430_4.9.14r1_98/bin/../lib/gcc/msp430-elf/4.9.1/../../../../msp430-elf/lib\libc.a(lib_a-memcpy.o)
 .debug_line.text.memcpy
                0x00003673       0x22 c:/ti/ccsv6/tools/compiler/gcc_msp430_4.9.14r1_98/bin/../lib/gcc/msp430-elf/4.9.1/../../../../msp430-elf/lib\libc.a(lib_a-memcpy.o)
 .debug_line_end
                0x00003695        0x0 c:/ti/ccsv6/tools/compiler/gcc_msp430_4.9.14r1_98/bin/../lib/gcc/msp430-elf/4.9.1/../../../../msp430-elf/lib\libc.a(lib_a-memcpy.o)
 .debug_line    0x00003695      0x197 c:/ti/ccsv6/tools/compiler/gcc_msp430_4.9.14r1_98/bin/../lib/gcc/msp430-elf/4.9.1/../../../../msp430-elf/lib\libc.a(lib_a-signal.o)
 .debug_line.text._init_signal_r
                0x0000382c       0x41 c:/ti/ccsv6/tools/compiler/gcc_msp430_4.9.14r1_98/bin/../lib/gcc/msp430-elf/4.9.1/../../../../msp430-elf/lib\libc.a(lib_a-signal.o)
 .debug_line.text._signal_r
                0x0000386d       0x51 c:/ti/ccsv6/tools/compiler/gcc_msp430_4.9.14r1_98/bin/../lib/gcc/msp430-elf/4.9.1/../../../../msp430-elf/lib\libc.a(lib_a-signal.o)
 .debug_line.text._raise_r
                0x000038be       0x71 c:/ti/ccsv6/tools/compiler/gcc_msp430_4.9.14r1_98/bin/../lib/gcc/msp430-elf/4.9.1/../../../../msp430-elf/lib\libc.a(lib_a-signal.o)
 .debug_line.text.__sigtramp_r
                0x0000392f       0x6f c:/ti/ccsv6/tools/compiler/gcc_msp430_4.9.14r1_98/bin/../lib/gcc/msp430-elf/4.9.1/../../../../msp430-elf/lib\libc.a(lib_a-signal.o)
 .debug_line.text.raise
                0x0000399e       0x1d c:/ti/ccsv6/tools/compiler/gcc_msp430_4.9.14r1_98/bin/../lib/gcc/msp430-elf/4.9.1/../../../../msp430-elf/lib\libc.a(lib_a-signal.o)
 .debug_line.text.signal
                0x000039bb       0x1d c:/ti/ccsv6/tools/compiler/gcc_msp430_4.9.14r1_98/bin/../lib/gcc/msp430-elf/4.9.1/../../../../msp430-elf/lib\libc.a(lib_a-signal.o)
 .debug_line.text._init_signal
                0x000039d8       0x1d c:/ti/ccsv6/tools/compiler/gcc_msp430_4.9.14r1_98/bin/../lib/gcc/msp430-elf/4.9.1/../../../../msp430-elf/lib\libc.a(lib_a-signal.o)
 .debug_line.text.__sigtramp
                0x000039f5       0x1d c:/ti/ccsv6/tools/compiler/gcc_msp430_4.9.14r1_98/bin/../lib/gcc/msp430-elf/4.9.1/../../../../msp430-elf/lib\libc.a(lib_a-signal.o)
 .debug_line_end
                0x00003a12        0x0 c:/ti/ccsv6/tools/compiler/gcc_msp430_4.9.14r1_98/bin/../lib/gcc/msp430-elf/4.9.1/../../../../msp430-elf/lib\libc.a(lib_a-signal.o)
 .debug_line    0x00003a12      0x18a c:/ti/ccsv6/tools/compiler/gcc_msp430_4.9.14r1_98/bin/../lib/gcc/msp430-elf/4.9.1/../../../../msp430-elf/lib\libc.a(lib_a-signalr.o)
 .debug_line.text._kill_r
                0x00003b9c       0x34 c:/ti/ccsv6/tools/compiler/gcc_msp430_4.9.14r1_98/bin/../lib/gcc/msp430-elf/4.9.1/../../../../msp430-elf/lib\libc.a(lib_a-signalr.o)
 .debug_line.text._getpid_r
                0x00003bd0       0x1d c:/ti/ccsv6/tools/compiler/gcc_msp430_4.9.14r1_98/bin/../lib/gcc/msp430-elf/4.9.1/../../../../msp430-elf/lib\libc.a(lib_a-signalr.o)
 .debug_line_end
                0x00003bed        0x0 c:/ti/ccsv6/tools/compiler/gcc_msp430_4.9.14r1_98/bin/../lib/gcc/msp430-elf/4.9.1/../../../../msp430-elf/lib\libc.a(lib_a-signalr.o)
 .debug_line    0x00003bed       0xb2 c:/ti/ccsv6/tools/compiler/gcc_msp430_4.9.14r1_98/bin/../lib/gcc/msp430-elf/4.9.1/../../../../msp430-elf/lib\libnosys.a(nosyscalls.o)
 .debug_line    0x00003c9f      0x134 c:/ti/ccsv6/tools/compiler/gcc_msp430_4.9.14r1_98/bin/../lib/gcc/msp430-elf/4.9.1/../../../../msp430-elf/lib\libc.a(lib_a-errno.o)
 .debug_line.text.__errno
                0x00003dd3       0x16 c:/ti/ccsv6/tools/compiler/gcc_msp430_4.9.14r1_98/bin/../lib/gcc/msp430-elf/4.9.1/../../../../msp430-elf/lib\libc.a(lib_a-errno.o)
 .debug_line_end
                0x00003de9        0x0 c:/ti/ccsv6/tools/compiler/gcc_msp430_4.9.14r1_98/bin/../lib/gcc/msp430-elf/4.9.1/../../../../msp430-elf/lib\libc.a(lib_a-errno.o)
 .debug_line    0x00003de9       0x8c c:/ti/ccsv6/tools/compiler/gcc_msp430_4.9.14r1_98/bin/../lib/gcc/msp430-elf/4.9.1/../../../../msp430-elf/lib/crtn.o

.debug_frame    0x00000000      0x72c
 *(.debug_frame)
 .debug_frame   0x00000000       0xc0 ./led_drive.o
 .debug_frame   0x000000c0       0x8c ./main.o
 .debug_frame   0x0000014c      0x190 ./sensor.o
 .debug_frame   0x000002dc       0x24 c:/ti/ccsv6/tools/compiler/gcc_msp430_4.9.14r1_98/bin/../lib/gcc/msp430-elf/4.9.1/../../../../msp430-elf/lib\libc.a(lib_a-memset.o)
 .debug_frame   0x00000300       0x58 c:/ti/ccsv6/tools/compiler/gcc_msp430_4.9.14r1_98/bin/../lib/gcc/msp430-elf/4.9.1/../../../../msp430-elf/lib\libc.a(lib_a-rand.o)
 .debug_frame   0x00000358       0x34 c:/ti/ccsv6/tools/compiler/gcc_msp430_4.9.14r1_98/bin/../lib/gcc/msp430-elf/4.9.1/../../../../msp430-elf/lib\libc.a(lib_a-malloc.o)
 .debug_frame   0x0000038c       0x30 c:/ti/ccsv6/tools/compiler/gcc_msp430_4.9.14r1_98/bin/../lib/gcc/msp430-elf/4.9.1/../../../../msp430-elf/lib\libc.a(lib_a-nano-freer.o)
 .debug_frame   0x000003bc       0x34 c:/ti/ccsv6/tools/compiler/gcc_msp430_4.9.14r1_98/bin/../lib/gcc/msp430-elf/4.9.1/../../../../msp430-elf/lib\libc.a(lib_a-nano-mallocr.o)
 .debug_frame   0x000003f0       0x30 c:/ti/ccsv6/tools/compiler/gcc_msp430_4.9.14r1_98/bin/../lib/gcc/msp430-elf/4.9.1/../../../../msp430-elf/lib\libc.a(lib_a-sbrkr.o)
 .debug_frame   0x00000420       0x50 c:/ti/ccsv6/tools/compiler/gcc_msp430_4.9.14r1_98/bin/../lib/gcc/msp430-elf/4.9.1/../../../../msp430-elf/lib\libc.a(lib_a-reent.o)
 .debug_frame   0x00000470       0x40 c:/ti/ccsv6/tools/compiler/gcc_msp430_4.9.14r1_98/bin/../lib/gcc/msp430-elf/4.9.1\libgcc.a(_muldi3.o)
 .debug_frame   0x000004b0       0x40 c:/ti/ccsv6/tools/compiler/gcc_msp430_4.9.14r1_98/bin/../lib/gcc/msp430-elf/4.9.1\libgcc.a(_lshrdi3.o)
 .debug_frame   0x000004f0       0x54 c:/ti/ccsv6/tools/compiler/gcc_msp430_4.9.14r1_98/bin/../lib/gcc/msp430-elf/4.9.1\libgcc.a(lib2mul.o)
 .debug_frame   0x00000544       0x2c c:/ti/ccsv6/tools/compiler/gcc_msp430_4.9.14r1_98/bin/../lib/gcc/msp430-elf/4.9.1/../../../../msp430-elf/lib\libnosys.a(sbrk.o)
 .debug_frame   0x00000570       0x3c c:/ti/ccsv6/tools/compiler/gcc_msp430_4.9.14r1_98/bin/../lib/gcc/msp430-elf/4.9.1/../../../../msp430-elf/lib\libnosys.a(write.o)
 .debug_frame   0x000005ac       0x24 c:/ti/ccsv6/tools/compiler/gcc_msp430_4.9.14r1_98/bin/../lib/gcc/msp430-elf/4.9.1/../../../../msp430-elf/lib\libc.a(lib_a-abort.o)
 .debug_frame   0x000005d0       0x30 c:/ti/ccsv6/tools/compiler/gcc_msp430_4.9.14r1_98/bin/../lib/gcc/msp430-elf/4.9.1/../../../../msp430-elf/lib\libc.a(lib_a-memcpy.o)
 .debug_frame   0x00000600       0xc8 c:/ti/ccsv6/tools/compiler/gcc_msp430_4.9.14r1_98/bin/../lib/gcc/msp430-elf/4.9.1/../../../../msp430-elf/lib\libc.a(lib_a-signal.o)
 .debug_frame   0x000006c8       0x40 c:/ti/ccsv6/tools/compiler/gcc_msp430_4.9.14r1_98/bin/../lib/gcc/msp430-elf/4.9.1/../../../../msp430-elf/lib\libc.a(lib_a-signalr.o)
 .debug_frame   0x00000708       0x24 c:/ti/ccsv6/tools/compiler/gcc_msp430_4.9.14r1_98/bin/../lib/gcc/msp430-elf/4.9.1/../../../../msp430-elf/lib\libc.a(lib_a-errno.o)

.debug_str      0x00000000     0x1376
 *(.debug_str)
 .debug_str     0x00000000      0x1ce ./led_drive.o
                                0x21e (size before relaxing)
 .debug_str     0x000001ce      0x2af ./main.o
                                0x447 (size before relaxing)
 .debug_str     0x0000047d      0x124 ./sensor.o
                                0x322 (size before relaxing)
 .debug_str     0x000005a1      0x103 c:/ti/ccsv6/tools/compiler/gcc_msp430_4.9.14r1_98/bin/../lib/gcc/msp430-elf/4.9.1/../../../../msp430-elf/lib\libc.a(lib_a-memset.o)
                                0x19c (size before relaxing)
 .debug_str     0x000006a4      0x3c1 c:/ti/ccsv6/tools/compiler/gcc_msp430_4.9.14r1_98/bin/../lib/gcc/msp430-elf/4.9.1/../../../../msp430-elf/lib\libc.a(lib_a-rand.o)
                                0x56a (size before relaxing)
 .debug_str     0x00000a65       0xa2 c:/ti/ccsv6/tools/compiler/gcc_msp430_4.9.14r1_98/bin/../lib/gcc/msp430-elf/4.9.1/../../../../msp430-elf/lib\libc.a(lib_a-impure.o)
                                0x5a5 (size before relaxing)
 .debug_str     0x00000b07       0x63 c:/ti/ccsv6/tools/compiler/gcc_msp430_4.9.14r1_98/bin/../lib/gcc/msp430-elf/4.9.1/../../../../msp430-elf/lib\libc.a(lib_a-malloc.o)
                                0x579 (size before relaxing)
 .debug_str     0x00000b6a       0xa7 c:/ti/ccsv6/tools/compiler/gcc_msp430_4.9.14r1_98/bin/../lib/gcc/msp430-elf/4.9.1/../../../../msp430-elf/lib\libc.a(lib_a-nano-freer.o)
                                0x5bd (size before relaxing)
 .debug_str     0x00000c11       0x50 c:/ti/ccsv6/tools/compiler/gcc_msp430_4.9.14r1_98/bin/../lib/gcc/msp430-elf/4.9.1/../../../../msp430-elf/lib\libc.a(lib_a-nano-mallocr.o)
                                0x5f2 (size before relaxing)
 .debug_str     0x00000c61       0x48 c:/ti/ccsv6/tools/compiler/gcc_msp430_4.9.14r1_98/bin/../lib/gcc/msp430-elf/4.9.1/../../../../msp430-elf/lib\libc.a(lib_a-sbrkr.o)
                                0x55c (size before relaxing)
 .debug_str     0x00000ca9       0x6f c:/ti/ccsv6/tools/compiler/gcc_msp430_4.9.14r1_98/bin/../lib/gcc/msp430-elf/4.9.1/../../../../msp430-elf/lib\libc.a(lib_a-reent.o)
                                0x585 (size before relaxing)
 .debug_str     0x00000d18      0x203 c:/ti/ccsv6/tools/compiler/gcc_msp430_4.9.14r1_98/bin/../lib/gcc/msp430-elf/4.9.1\libgcc.a(_muldi3.o)
                                0x28c (size before relaxing)
 .debug_str     0x00000f1b       0x23 c:/ti/ccsv6/tools/compiler/gcc_msp430_4.9.14r1_98/bin/../lib/gcc/msp430-elf/4.9.1\libgcc.a(_lshrdi3.o)
                                0x27e (size before relaxing)
 .debug_str     0x00000f3e       0x87 c:/ti/ccsv6/tools/compiler/gcc_msp430_4.9.14r1_98/bin/../lib/gcc/msp430-elf/4.9.1\libgcc.a(lib2mul.o)
                                0x1b3 (size before relaxing)
 .debug_str     0x00000fc5      0x13e c:/ti/ccsv6/tools/compiler/gcc_msp430_4.9.14r1_98/bin/../lib/gcc/msp430-elf/4.9.1/../../../../msp430-elf/lib\libnosys.a(sbrk.o)
                                0x149 (size before relaxing)
 .debug_str     0x00001103       0x76 c:/ti/ccsv6/tools/compiler/gcc_msp430_4.9.14r1_98/bin/../lib/gcc/msp430-elf/4.9.1/../../../../msp430-elf/lib\libnosys.a(write.o)
                                0x196 (size before relaxing)
 .debug_str     0x00001179       0x50 c:/ti/ccsv6/tools/compiler/gcc_msp430_4.9.14r1_98/bin/../lib/gcc/msp430-elf/4.9.1/../../../../msp430-elf/lib\libc.a(lib_a-abort.o)
                                0x19f (size before relaxing)
 .debug_str     0x000011c9       0x60 c:/ti/ccsv6/tools/compiler/gcc_msp430_4.9.14r1_98/bin/../lib/gcc/msp430-elf/4.9.1/../../../../msp430-elf/lib\libc.a(lib_a-memcpy.o)
                                0x1b0 (size before relaxing)
 .debug_str     0x00001229       0xab c:/ti/ccsv6/tools/compiler/gcc_msp430_4.9.14r1_98/bin/../lib/gcc/msp430-elf/4.9.1/../../../../msp430-elf/lib\libc.a(lib_a-signal.o)
                                0x5db (size before relaxing)
 .debug_str     0x000012d4       0x57 c:/ti/ccsv6/tools/compiler/gcc_msp430_4.9.14r1_98/bin/../lib/gcc/msp430-elf/4.9.1/../../../../msp430-elf/lib\libc.a(lib_a-signalr.o)
                                0x566 (size before relaxing)
 .debug_str     0x0000132b       0x4b c:/ti/ccsv6/tools/compiler/gcc_msp430_4.9.14r1_98/bin/../lib/gcc/msp430-elf/4.9.1/../../../../msp430-elf/lib\libc.a(lib_a-errno.o)
                                0x54e (size before relaxing)

.debug_loc      0x00000000     0x271a
 *(.debug_loc)
 .debug_loc     0x00000000      0x445 ./led_drive.o
 .debug_loc     0x00000445     0x150d ./sensor.o
 .debug_loc     0x00001952       0x87 c:/ti/ccsv6/tools/compiler/gcc_msp430_4.9.14r1_98/bin/../lib/gcc/msp430-elf/4.9.1/../../../../msp430-elf/lib\libc.a(lib_a-memset.o)
 .debug_loc     0x000019d9       0x57 c:/ti/ccsv6/tools/compiler/gcc_msp430_4.9.14r1_98/bin/../lib/gcc/msp430-elf/4.9.1/../../../../msp430-elf/lib\libc.a(lib_a-rand.o)
 .debug_loc     0x00001a30       0x58 c:/ti/ccsv6/tools/compiler/gcc_msp430_4.9.14r1_98/bin/../lib/gcc/msp430-elf/4.9.1/../../../../msp430-elf/lib\libc.a(lib_a-malloc.o)
 .debug_loc     0x00001a88       0xef c:/ti/ccsv6/tools/compiler/gcc_msp430_4.9.14r1_98/bin/../lib/gcc/msp430-elf/4.9.1/../../../../msp430-elf/lib\libc.a(lib_a-nano-freer.o)
 .debug_loc     0x00001b77      0x219 c:/ti/ccsv6/tools/compiler/gcc_msp430_4.9.14r1_98/bin/../lib/gcc/msp430-elf/4.9.1/../../../../msp430-elf/lib\libc.a(lib_a-nano-mallocr.o)
 .debug_loc     0x00001d90       0x3f c:/ti/ccsv6/tools/compiler/gcc_msp430_4.9.14r1_98/bin/../lib/gcc/msp430-elf/4.9.1/../../../../msp430-elf/lib\libc.a(lib_a-sbrkr.o)
 .debug_loc     0x00001dcf       0xa4 c:/ti/ccsv6/tools/compiler/gcc_msp430_4.9.14r1_98/bin/../lib/gcc/msp430-elf/4.9.1/../../../../msp430-elf/lib\libc.a(lib_a-reent.o)
 .debug_loc     0x00001e73       0xff c:/ti/ccsv6/tools/compiler/gcc_msp430_4.9.14r1_98/bin/../lib/gcc/msp430-elf/4.9.1\libgcc.a(_muldi3.o)
 .debug_loc     0x00001f72       0xaf c:/ti/ccsv6/tools/compiler/gcc_msp430_4.9.14r1_98/bin/../lib/gcc/msp430-elf/4.9.1\libgcc.a(_lshrdi3.o)
 .debug_loc     0x00002021      0x1d8 c:/ti/ccsv6/tools/compiler/gcc_msp430_4.9.14r1_98/bin/../lib/gcc/msp430-elf/4.9.1\libgcc.a(lib2mul.o)
 .debug_loc     0x000021f9       0x43 c:/ti/ccsv6/tools/compiler/gcc_msp430_4.9.14r1_98/bin/../lib/gcc/msp430-elf/4.9.1/../../../../msp430-elf/lib\libnosys.a(sbrk.o)
 .debug_loc     0x0000223c       0xb9 c:/ti/ccsv6/tools/compiler/gcc_msp430_4.9.14r1_98/bin/../lib/gcc/msp430-elf/4.9.1/../../../../msp430-elf/lib\libnosys.a(write.o)
 .debug_loc     0x000022f5       0xcf c:/ti/ccsv6/tools/compiler/gcc_msp430_4.9.14r1_98/bin/../lib/gcc/msp430-elf/4.9.1/../../../../msp430-elf/lib\libc.a(lib_a-memcpy.o)
 .debug_loc     0x000023c4      0x2ca c:/ti/ccsv6/tools/compiler/gcc_msp430_4.9.14r1_98/bin/../lib/gcc/msp430-elf/4.9.1/../../../../msp430-elf/lib\libc.a(lib_a-signal.o)
 .debug_loc     0x0000268e       0x8c c:/ti/ccsv6/tools/compiler/gcc_msp430_4.9.14r1_98/bin/../lib/gcc/msp430-elf/4.9.1/../../../../msp430-elf/lib\libc.a(lib_a-signalr.o)

.debug_macinfo
 *(.debug_macinfo)

.debug_weaknames
 *(.debug_weaknames)

.debug_funcnames
 *(.debug_funcnames)

.debug_typenames
 *(.debug_typenames)

.debug_varnames
 *(.debug_varnames)

.debug_pubtypes
 *(.debug_pubtypes)

.debug_ranges   0x00000000      0x2a8
 *(.debug_ranges)
 .debug_ranges  0x00000000       0x28 c:/ti/ccsv6/tools/compiler/gcc_msp430_4.9.14r1_98/bin/../lib/gcc/msp430-elf/4.9.1/../../../../msp430-elf/lib/crt0.o
 .debug_ranges  0x00000028       0xc0 ./sensor.o
 .debug_ranges  0x000000e8       0x10 c:/ti/ccsv6/tools/compiler/gcc_msp430_4.9.14r1_98/bin/../lib/gcc/msp430-elf/4.9.1/../../../../msp430-elf/lib\libc.a(lib_a-memset.o)
 .debug_ranges  0x000000f8       0x18 c:/ti/ccsv6/tools/compiler/gcc_msp430_4.9.14r1_98/bin/../lib/gcc/msp430-elf/4.9.1/../../../../msp430-elf/lib\libc.a(lib_a-rand.o)
 .debug_ranges  0x00000110       0x18 c:/ti/ccsv6/tools/compiler/gcc_msp430_4.9.14r1_98/bin/../lib/gcc/msp430-elf/4.9.1/../../../../msp430-elf/lib\libc.a(lib_a-malloc.o)
 .debug_ranges  0x00000128       0x10 c:/ti/ccsv6/tools/compiler/gcc_msp430_4.9.14r1_98/bin/../lib/gcc/msp430-elf/4.9.1/../../../../msp430-elf/lib\libc.a(lib_a-nano-freer.o)
 .debug_ranges  0x00000138       0x28 c:/ti/ccsv6/tools/compiler/gcc_msp430_4.9.14r1_98/bin/../lib/gcc/msp430-elf/4.9.1/../../../../msp430-elf/lib\libc.a(lib_a-nano-mallocr.o)
 .debug_ranges  0x00000160       0x10 c:/ti/ccsv6/tools/compiler/gcc_msp430_4.9.14r1_98/bin/../lib/gcc/msp430-elf/4.9.1/../../../../msp430-elf/lib\libc.a(lib_a-sbrkr.o)
 .debug_ranges  0x00000170       0x18 c:/ti/ccsv6/tools/compiler/gcc_msp430_4.9.14r1_98/bin/../lib/gcc/msp430-elf/4.9.1/../../../../msp430-elf/lib\libc.a(lib_a-reent.o)
 .debug_ranges  0x00000188       0x10 c:/ti/ccsv6/tools/compiler/gcc_msp430_4.9.14r1_98/bin/../lib/gcc/msp430-elf/4.9.1\libgcc.a(_muldi3.o)
 .debug_ranges  0x00000198       0x10 c:/ti/ccsv6/tools/compiler/gcc_msp430_4.9.14r1_98/bin/../lib/gcc/msp430-elf/4.9.1\libgcc.a(_lshrdi3.o)
 .debug_ranges  0x000001a8       0x20 c:/ti/ccsv6/tools/compiler/gcc_msp430_4.9.14r1_98/bin/../lib/gcc/msp430-elf/4.9.1\libgcc.a(lib2mul.o)
 .debug_ranges  0x000001c8       0x30 c:/ti/ccsv6/tools/compiler/gcc_msp430_4.9.14r1_98/bin/../lib/gcc/msp430-elf/4.9.1/../../../../msp430-elf/lib\libnosys.a(write.o)
 .debug_ranges  0x000001f8       0x10 c:/ti/ccsv6/tools/compiler/gcc_msp430_4.9.14r1_98/bin/../lib/gcc/msp430-elf/4.9.1/../../../../msp430-elf/lib\libc.a(lib_a-abort.o)
 .debug_ranges  0x00000208       0x10 c:/ti/ccsv6/tools/compiler/gcc_msp430_4.9.14r1_98/bin/../lib/gcc/msp430-elf/4.9.1/../../../../msp430-elf/lib\libc.a(lib_a-memcpy.o)
 .debug_ranges  0x00000218       0x48 c:/ti/ccsv6/tools/compiler/gcc_msp430_4.9.14r1_98/bin/../lib/gcc/msp430-elf/4.9.1/../../../../msp430-elf/lib\libc.a(lib_a-signal.o)
 .debug_ranges  0x00000260       0x18 c:/ti/ccsv6/tools/compiler/gcc_msp430_4.9.14r1_98/bin/../lib/gcc/msp430-elf/4.9.1/../../../../msp430-elf/lib\libc.a(lib_a-signalr.o)
 .debug_ranges  0x00000278       0x10 c:/ti/ccsv6/tools/compiler/gcc_msp430_4.9.14r1_98/bin/../lib/gcc/msp430-elf/4.9.1/../../../../msp430-elf/lib\libc.a(lib_a-errno.o)
 .debug_ranges  0x00000288       0x20 c:/ti/ccsv6/tools/compiler/gcc_msp430_4.9.14r1_98/bin/../lib/gcc/msp430-elf/4.9.1/../../../../msp430-elf/lib/crtn.o

.debug_macro
 *(.debug_macro)

/DISCARD/
 *(.note.GNU-stack)
OUTPUT(ProxBox.out elf32-msp430)